<?xml version="1.0"?>
<link_info>
   <banner>TI ARM Linker PC v5.2.2</banner>
   <copyright>Copyright (c) 1996-2015 Texas Instruments Incorporated</copyright>
   <link_time>0x5527b2a3</link_time>
   <link_errors>0x0</link_errors>
   <output_file>lab10.out</output_file>
   <entry_point>
      <name>_c_int00</name>
      <address>0xaf7d</address>
   </entry_point>
   <input_file_list>
      <input_file id="fl-2">
         <path>.\</path>
         <kind>object</kind>
         <file>Kentec320x240x16_ssd2119_8bit.obj</file>
         <name>Kentec320x240x16_ssd2119_8bit.obj</name>
      </input_file>
      <input_file id="fl-3">
         <path>.\</path>
         <kind>object</kind>
         <file>grlib_demo.obj</file>
         <name>grlib_demo.obj</name>
      </input_file>
      <input_file id="fl-4">
         <path>.\</path>
         <kind>object</kind>
         <file>images.obj</file>
         <name>images.obj</name>
      </input_file>
      <input_file id="fl-5">
         <path>.\</path>
         <kind>object</kind>
         <file>tm4c123gh6pm_startup_ccs.obj</file>
         <name>tm4c123gh6pm_startup_ccs.obj</name>
      </input_file>
      <input_file id="fl-6">
         <path>.\</path>
         <kind>object</kind>
         <file>touch.obj</file>
         <name>touch.obj</name>
      </input_file>
      <input_file id="fl-7">
         <path>.\</path>
         <kind>object</kind>
         <file>ustdlib.obj</file>
         <name>ustdlib.obj</name>
      </input_file>
      <input_file id="fl-e">
         <path>C:\TI\TivaWare_C_Series-2.1.0.12573\driverlib\ccs\Debug\</path>
         <kind>archive</kind>
         <file>driverlib.lib</file>
         <name>udma.obj</name>
      </input_file>
      <input_file id="fl-f">
         <path>C:\TI\TivaWare_C_Series-2.1.0.12573\driverlib\ccs\Debug\</path>
         <kind>archive</kind>
         <file>driverlib.lib</file>
         <name>timer.obj</name>
      </input_file>
      <input_file id="fl-10">
         <path>C:\TI\TivaWare_C_Series-2.1.0.12573\driverlib\ccs\Debug\</path>
         <kind>archive</kind>
         <file>driverlib.lib</file>
         <name>sysctl.obj</name>
      </input_file>
      <input_file id="fl-11">
         <path>C:\TI\TivaWare_C_Series-2.1.0.12573\driverlib\ccs\Debug\</path>
         <kind>archive</kind>
         <file>driverlib.lib</file>
         <name>interrupt.obj</name>
      </input_file>
      <input_file id="fl-12">
         <path>C:\TI\TivaWare_C_Series-2.1.0.12573\driverlib\ccs\Debug\</path>
         <kind>archive</kind>
         <file>driverlib.lib</file>
         <name>gpio.obj</name>
      </input_file>
      <input_file id="fl-13">
         <path>C:\TI\TivaWare_C_Series-2.1.0.12573\driverlib\ccs\Debug\</path>
         <kind>archive</kind>
         <file>driverlib.lib</file>
         <name>fpu.obj</name>
      </input_file>
      <input_file id="fl-14">
         <path>C:\TI\TivaWare_C_Series-2.1.0.12573\driverlib\ccs\Debug\</path>
         <kind>archive</kind>
         <file>driverlib.lib</file>
         <name>cpu.obj</name>
      </input_file>
      <input_file id="fl-15">
         <path>C:\TI\TivaWare_C_Series-2.1.0.12573\driverlib\ccs\Debug\</path>
         <kind>archive</kind>
         <file>driverlib.lib</file>
         <name>adc.obj</name>
      </input_file>
      <input_file id="fl-16">
         <path>C:\TI\TivaWare_C_Series-2.1.0.12573\grlib\ccs\Debug\</path>
         <kind>archive</kind>
         <file>grlib.lib</file>
         <name>fontcm24.obj</name>
      </input_file>
      <input_file id="fl-17">
         <path>C:\TI\TivaWare_C_Series-2.1.0.12573\grlib\ccs\Debug\</path>
         <kind>archive</kind>
         <file>grlib.lib</file>
         <name>fontcm22.obj</name>
      </input_file>
      <input_file id="fl-18">
         <path>C:\TI\TivaWare_C_Series-2.1.0.12573\grlib\ccs\Debug\</path>
         <kind>archive</kind>
         <file>grlib.lib</file>
         <name>fontcm20.obj</name>
      </input_file>
      <input_file id="fl-19">
         <path>C:\TI\TivaWare_C_Series-2.1.0.12573\grlib\ccs\Debug\</path>
         <kind>archive</kind>
         <file>grlib.lib</file>
         <name>fontcm18.obj</name>
      </input_file>
      <input_file id="fl-1a">
         <path>C:\TI\TivaWare_C_Series-2.1.0.12573\grlib\ccs\Debug\</path>
         <kind>archive</kind>
         <file>grlib.lib</file>
         <name>fontcm14.obj</name>
      </input_file>
      <input_file id="fl-1b">
         <path>C:\TI\TivaWare_C_Series-2.1.0.12573\grlib\ccs\Debug\</path>
         <kind>archive</kind>
         <file>grlib.lib</file>
         <name>fontcm12.obj</name>
      </input_file>
      <input_file id="fl-1c">
         <path>C:\TI\TivaWare_C_Series-2.1.0.12573\grlib\ccs\Debug\</path>
         <kind>archive</kind>
         <file>grlib.lib</file>
         <name>widget.obj</name>
      </input_file>
      <input_file id="fl-1d">
         <path>C:\TI\TivaWare_C_Series-2.1.0.12573\grlib\ccs\Debug\</path>
         <kind>archive</kind>
         <file>grlib.lib</file>
         <name>string.obj</name>
      </input_file>
      <input_file id="fl-1e">
         <path>C:\TI\TivaWare_C_Series-2.1.0.12573\grlib\ccs\Debug\</path>
         <kind>archive</kind>
         <file>grlib.lib</file>
         <name>slider.obj</name>
      </input_file>
      <input_file id="fl-1f">
         <path>C:\TI\TivaWare_C_Series-2.1.0.12573\grlib\ccs\Debug\</path>
         <kind>archive</kind>
         <file>grlib.lib</file>
         <name>rectangle.obj</name>
      </input_file>
      <input_file id="fl-20">
         <path>C:\TI\TivaWare_C_Series-2.1.0.12573\grlib\ccs\Debug\</path>
         <kind>archive</kind>
         <file>grlib.lib</file>
         <name>radiobutton.obj</name>
      </input_file>
      <input_file id="fl-21">
         <path>C:\TI\TivaWare_C_Series-2.1.0.12573\grlib\ccs\Debug\</path>
         <kind>archive</kind>
         <file>grlib.lib</file>
         <name>pushbutton.obj</name>
      </input_file>
      <input_file id="fl-22">
         <path>C:\TI\TivaWare_C_Series-2.1.0.12573\grlib\ccs\Debug\</path>
         <kind>archive</kind>
         <file>grlib.lib</file>
         <name>line.obj</name>
      </input_file>
      <input_file id="fl-23">
         <path>C:\TI\TivaWare_C_Series-2.1.0.12573\grlib\ccs\Debug\</path>
         <kind>archive</kind>
         <file>grlib.lib</file>
         <name>image.obj</name>
      </input_file>
      <input_file id="fl-24">
         <path>C:\TI\TivaWare_C_Series-2.1.0.12573\grlib\ccs\Debug\</path>
         <kind>archive</kind>
         <file>grlib.lib</file>
         <name>context.obj</name>
      </input_file>
      <input_file id="fl-25">
         <path>C:\TI\TivaWare_C_Series-2.1.0.12573\grlib\ccs\Debug\</path>
         <kind>archive</kind>
         <file>grlib.lib</file>
         <name>container.obj</name>
      </input_file>
      <input_file id="fl-26">
         <path>C:\TI\TivaWare_C_Series-2.1.0.12573\grlib\ccs\Debug\</path>
         <kind>archive</kind>
         <file>grlib.lib</file>
         <name>circle.obj</name>
      </input_file>
      <input_file id="fl-27">
         <path>C:\TI\TivaWare_C_Series-2.1.0.12573\grlib\ccs\Debug\</path>
         <kind>archive</kind>
         <file>grlib.lib</file>
         <name>checkbox.obj</name>
      </input_file>
      <input_file id="fl-28">
         <path>C:\TI\TivaWare_C_Series-2.1.0.12573\grlib\ccs\Debug\</path>
         <kind>archive</kind>
         <file>grlib.lib</file>
         <name>charmap.obj</name>
      </input_file>
      <input_file id="fl-29">
         <path>C:\TI\TivaWare_C_Series-2.1.0.12573\grlib\ccs\Debug\</path>
         <kind>archive</kind>
         <file>grlib.lib</file>
         <name>canvas.obj</name>
      </input_file>
      <input_file id="fl-14b">
         <path>C:\TI\ccsv6\tools\compiler\ti-cgt-arm_5.2.2\lib\</path>
         <kind>archive</kind>
         <file>rtsv7M4_T_le_v4SPD16_eabi.lib</file>
         <name>boot.obj</name>
      </input_file>
      <input_file id="fl-14c">
         <path>C:\TI\ccsv6\tools\compiler\ti-cgt-arm_5.2.2\lib\</path>
         <kind>archive</kind>
         <file>rtsv7M4_T_le_v4SPD16_eabi.lib</file>
         <name>copy_decompress_none.obj</name>
      </input_file>
      <input_file id="fl-14d">
         <path>C:\TI\ccsv6\tools\compiler\ti-cgt-arm_5.2.2\lib\</path>
         <kind>archive</kind>
         <file>rtsv7M4_T_le_v4SPD16_eabi.lib</file>
         <name>copy_decompress_rle.obj</name>
      </input_file>
      <input_file id="fl-14e">
         <path>C:\TI\ccsv6\tools\compiler\ti-cgt-arm_5.2.2\lib\</path>
         <kind>archive</kind>
         <file>rtsv7M4_T_le_v4SPD16_eabi.lib</file>
         <name>copy_zero_init.obj</name>
      </input_file>
      <input_file id="fl-14f">
         <path>C:\TI\ccsv6\tools\compiler\ti-cgt-arm_5.2.2\lib\</path>
         <kind>archive</kind>
         <file>rtsv7M4_T_le_v4SPD16_eabi.lib</file>
         <name>exit.obj</name>
      </input_file>
      <input_file id="fl-150">
         <path>C:\TI\ccsv6\tools\compiler\ti-cgt-arm_5.2.2\lib\</path>
         <kind>archive</kind>
         <file>rtsv7M4_T_le_v4SPD16_eabi.lib</file>
         <name>memcpy_t2.obj</name>
      </input_file>
      <input_file id="fl-151">
         <path>C:\TI\ccsv6\tools\compiler\ti-cgt-arm_5.2.2\lib\</path>
         <kind>archive</kind>
         <file>rtsv7M4_T_le_v4SPD16_eabi.lib</file>
         <name>memset_t2.obj</name>
      </input_file>
      <input_file id="fl-152">
         <path>C:\TI\ccsv6\tools\compiler\ti-cgt-arm_5.2.2\lib\</path>
         <kind>archive</kind>
         <file>rtsv7M4_T_le_v4SPD16_eabi.lib</file>
         <name>pre_init.obj</name>
      </input_file>
      <input_file id="fl-153">
         <path>C:\TI\ccsv6\tools\compiler\ti-cgt-arm_5.2.2\lib\</path>
         <kind>archive</kind>
         <file>rtsv7M4_T_le_v4SPD16_eabi.lib</file>
         <name>stkdepth_vars.obj</name>
      </input_file>
      <input_file id="fl-154">
         <path>C:\TI\ccsv6\tools\compiler\ti-cgt-arm_5.2.2\lib\</path>
         <kind>archive</kind>
         <file>rtsv7M4_T_le_v4SPD16_eabi.lib</file>
         <name>u_divt2.obj</name>
      </input_file>
      <input_file id="fl-155">
         <path>C:\TI\ccsv6\tools\compiler\ti-cgt-arm_5.2.2\lib\</path>
         <kind>archive</kind>
         <file>rtsv7M4_T_le_v4SPD16_eabi.lib</file>
         <name>_lock.obj</name>
      </input_file>
      <input_file id="fl-156">
         <path>C:\TI\ccsv6\tools\compiler\ti-cgt-arm_5.2.2\lib\</path>
         <kind>archive</kind>
         <file>rtsv7M4_T_le_v4SPD16_eabi.lib</file>
         <name>args_main.obj</name>
      </input_file>
      <input_file id="fl-157">
         <path>C:\TI\ccsv6\tools\compiler\ti-cgt-arm_5.2.2\lib\</path>
         <kind>archive</kind>
         <file>rtsv7M4_T_le_v4SPD16_eabi.lib</file>
         <name>autoinit.obj</name>
      </input_file>
      <input_file id="fl-158">
         <path>C:\TI\ccsv6\tools\compiler\ti-cgt-arm_5.2.2\lib\</path>
         <kind>archive</kind>
         <file>rtsv7M4_T_le_v4SPD16_eabi.lib</file>
         <name>cpy_tbl.obj</name>
      </input_file>
   </input_file_list>
   <object_component_list>
      <object_component id="oc-f">
         <name>.intvecs</name>
         <load_address>0x0</load_address>
         <run_address>0x0</run_address>
         <size>0x26c</size>
         <input_file_ref idref="fl-5"/>
      </object_component>
      <object_component id="oc-1d4">
         <name>.text</name>
         <load_address>0x5ed0</load_address>
         <run_address>0x5ed0</run_address>
         <size>0xc84</size>
         <input_file_ref idref="fl-7"/>
      </object_component>
      <object_component id="oc-106">
         <name>.text</name>
         <load_address>0x6b54</load_address>
         <run_address>0x6b54</run_address>
         <size>0xb80</size>
         <input_file_ref idref="fl-3"/>
      </object_component>
      <object_component id="oc-20b">
         <name>.text</name>
         <load_address>0x76d4</load_address>
         <run_address>0x76d4</run_address>
         <size>0x988</size>
         <input_file_ref idref="fl-2"/>
      </object_component>
      <object_component id="oc-30">
         <name>.text</name>
         <load_address>0x805c</load_address>
         <run_address>0x805c</run_address>
         <size>0x460</size>
         <input_file_ref idref="fl-6"/>
      </object_component>
      <object_component id="oc-327">
         <name>.text:InternalImageDraw</name>
         <load_address>0x84bc</load_address>
         <run_address>0x84bc</run_address>
         <size>0x38c</size>
         <input_file_ref idref="fl-23"/>
      </object_component>
      <object_component id="oc-44a">
         <name>.text:PixelTransparentDraw</name>
         <load_address>0x8848</load_address>
         <run_address>0x8848</run_address>
         <size>0x2ce</size>
         <input_file_ref idref="fl-23"/>
      </object_component>
      <object_component id="oc-4bf">
         <name>.text:SliderPaint</name>
         <load_address>0x8b16</load_address>
         <run_address>0x8b16</run_address>
         <size>0x2be</size>
         <input_file_ref idref="fl-1e"/>
      </object_component>
      <object_component id="oc-4a3">
         <name>.text:GrFontGlyphRender</name>
         <load_address>0x8dd4</load_address>
         <run_address>0x8dd4</run_address>
         <size>0x266</size>
         <input_file_ref idref="fl-1d"/>
      </object_component>
      <object_component id="oc-1ad">
         <name>.text:GrCircleDraw</name>
         <load_address>0x903a</load_address>
         <run_address>0x903a</run_address>
         <size>0x1fa</size>
         <input_file_ref idref="fl-26"/>
      </object_component>
      <object_component id="oc-481">
         <name>.text:CheckBoxPaint</name>
         <load_address>0x9234</load_address>
         <run_address>0x9234</run_address>
         <size>0x1f8</size>
         <input_file_ref idref="fl-27"/>
      </object_component>
      <object_component id="oc-4d4">
         <name>.text:RadioButtonPaint</name>
         <load_address>0x942c</load_address>
         <run_address>0x942c</run_address>
         <size>0x1b2</size>
         <input_file_ref idref="fl-20"/>
      </object_component>
      <object_component id="oc-3f9">
         <name>.text:CanvasPaint</name>
         <load_address>0x95de</load_address>
         <run_address>0x95de</run_address>
         <size>0x188</size>
         <input_file_ref idref="fl-29"/>
      </object_component>
      <object_component id="oc-416">
         <name>.text:RectangularButtonPaint</name>
         <load_address>0x9766</load_address>
         <run_address>0x9766</run_address>
         <size>0x16e</size>
         <input_file_ref idref="fl-21"/>
      </object_component>
      <object_component id="oc-48f">
         <name>.text:CircularButtonPaint</name>
         <load_address>0x98d4</load_address>
         <run_address>0x98d4</run_address>
         <size>0x164</size>
         <input_file_ref idref="fl-21"/>
      </object_component>
      <object_component id="oc-1a7">
         <name>.text:GrCircleFill</name>
         <load_address>0x9a38</load_address>
         <run_address>0x9a38</run_address>
         <size>0x146</size>
         <input_file_ref idref="fl-26"/>
      </object_component>
      <object_component id="oc-504">
         <name>.text:ContainerPaint</name>
         <load_address>0x9b7e</load_address>
         <run_address>0x9b7e</run_address>
         <size>0x144</size>
         <input_file_ref idref="fl-25"/>
      </object_component>
      <object_component id="oc-13e">
         <name>.text:GPIOPadConfigSet</name>
         <load_address>0x9cc2</load_address>
         <run_address>0x9cc2</run_address>
         <size>0x130</size>
         <input_file_ref idref="fl-12"/>
      </object_component>
      <object_component id="oc-bf">
         <name>.text:SysCtlClockGet</name>
         <load_address>0x9df4</load_address>
         <run_address>0x9df4</run_address>
         <size>0x118</size>
         <input_file_ref idref="fl-10"/>
      </object_component>
      <object_component id="oc-1a1">
         <name>.text:GrLineDraw</name>
         <load_address>0x9f0c</load_address>
         <run_address>0x9f0c</run_address>
         <size>0x100</size>
         <input_file_ref idref="fl-22"/>
      </object_component>
      <object_component id="oc-205">
         <name>.text:SysCtlClockSet</name>
         <load_address>0xa00c</load_address>
         <run_address>0xa00c</run_address>
         <size>0xf0</size>
         <input_file_ref idref="fl-10"/>
      </object_component>
      <object_component id="oc-177">
         <name>.text:WidgetMessageQueueAdd</name>
         <load_address>0xa0fc</load_address>
         <run_address>0xa0fc</run_address>
         <size>0xf0</size>
         <input_file_ref idref="fl-1c"/>
      </object_component>
      <object_component id="oc-41c">
         <name>.text:RectangularButtonClick</name>
         <load_address>0xa1ec</load_address>
         <run_address>0xa1ec</run_address>
         <size>0xec</size>
         <input_file_ref idref="fl-21"/>
      </object_component>
      <object_component id="oc-495">
         <name>.text:CircularButtonClick</name>
         <load_address>0xa2d8</load_address>
         <run_address>0xa2d8</run_address>
         <size>0xd2</size>
         <input_file_ref idref="fl-21"/>
      </object_component>
      <object_component id="oc-4c5">
         <name>.text:SliderClick</name>
         <load_address>0xa3aa</load_address>
         <run_address>0xa3aa</run_address>
         <size>0xd0</size>
         <input_file_ref idref="fl-1e"/>
      </object_component>
      <object_component id="oc-397">
         <name>.text:GrDefaultStringRenderer</name>
         <load_address>0xa47a</load_address>
         <run_address>0xa47a</run_address>
         <size>0xca</size>
         <input_file_ref idref="fl-1d"/>
      </object_component>
      <object_component id="oc-308">
         <name>.text:GrLineClip</name>
         <load_address>0xa544</load_address>
         <run_address>0xa544</run_address>
         <size>0xbc</size>
         <input_file_ref idref="fl-22"/>
      </object_component>
      <object_component id="oc-3ae">
         <name>.text:WidgetMessageSendPostOrder</name>
         <load_address>0xa600</load_address>
         <run_address>0xa600</run_address>
         <size>0xb0</size>
         <input_file_ref idref="fl-1c"/>
      </object_component>
      <object_component id="oc-537">
         <name>.text:SliderValueToPosition</name>
         <load_address>0xa6b0</load_address>
         <run_address>0xa6b0</run_address>
         <size>0xac</size>
         <input_file_ref idref="fl-1e"/>
      </object_component>
      <object_component id="oc-39">
         <name>.text</name>
         <load_address>0xa75c</load_address>
         <run_address>0xa75c</run_address>
         <size>0x9c</size>
         <input_file_ref idref="fl-150"/>
      </object_component>
      <object_component id="oc-4da">
         <name>.text:RadioButtonClick</name>
         <load_address>0xa7f8</load_address>
         <run_address>0xa7f8</run_address>
         <size>0x8c</size>
         <input_file_ref idref="fl-20"/>
      </object_component>
      <object_component id="oc-1b3">
         <name>.text:GrRectFill</name>
         <load_address>0xa884</load_address>
         <run_address>0xa884</run_address>
         <size>0x86</size>
         <input_file_ref idref="fl-1f"/>
      </object_component>
      <object_component id="oc-531">
         <name>.text:GrRectIntersectGet</name>
         <load_address>0xa90a</load_address>
         <run_address>0xa90a</run_address>
         <size>0x84</size>
         <input_file_ref idref="fl-1f"/>
      </object_component>
      <object_component id="oc-95">
         <name>.text:ADCSequenceStepConfigure</name>
         <load_address>0xa98e</load_address>
         <run_address>0xa98e</run_address>
         <size>0x80</size>
         <input_file_ref idref="fl-15"/>
      </object_component>
      <object_component id="oc-52">
         <name>.text</name>
         <load_address>0xaa0e</load_address>
         <run_address>0xaa0e</run_address>
         <size>0x7a</size>
         <input_file_ref idref="fl-151"/>
      </object_component>
      <object_component id="oc-64">
         <name>.text</name>
         <load_address>0xaa88</load_address>
         <run_address>0xaa88</run_address>
         <size>0x6c</size>
         <input_file_ref idref="fl-157"/>
      </object_component>
      <object_component id="oc-1c5">
         <name>.text:GrStringWidthGet</name>
         <load_address>0xaaf4</load_address>
         <run_address>0xaaf4</run_address>
         <size>0x6a</size>
         <input_file_ref idref="fl-1d"/>
      </object_component>
      <object_component id="oc-45">
         <name>.text</name>
         <load_address>0xab5e</load_address>
         <run_address>0xab5e</run_address>
         <size>0x6a</size>
         <input_file_ref idref="fl-14d"/>
      </object_component>
      <object_component id="oc-1b9">
         <name>.text:GrRectDraw</name>
         <load_address>0xabc8</load_address>
         <run_address>0xabc8</run_address>
         <size>0x66</size>
         <input_file_ref idref="fl-1f"/>
      </object_component>
      <object_component id="oc-211">
         <name>.text:GrContextInit</name>
         <load_address>0xac30</load_address>
         <run_address>0xac30</run_address>
         <size>0x64</size>
         <input_file_ref idref="fl-24"/>
      </object_component>
      <object_component id="oc-224">
         <name>.text:WidgetMessageQueueProcess</name>
         <load_address>0xac94</load_address>
         <run_address>0xac94</run_address>
         <size>0x64</size>
         <input_file_ref idref="fl-1c"/>
      </object_component>
      <object_component id="oc-4e6">
         <name>.text:GrContextClipRegionSet</name>
         <load_address>0xacf8</load_address>
         <run_address>0xacf8</run_address>
         <size>0x62</size>
         <input_file_ref idref="fl-24"/>
      </object_component>
      <object_component id="oc-a7">
         <name>.text:IntEnable</name>
         <load_address>0xad5c</load_address>
         <run_address>0xad5c</run_address>
         <size>0x60</size>
         <input_file_ref idref="fl-11"/>
      </object_component>
      <object_component id="oc-457">
         <name>.text:FontWideGlyphDataGet</name>
         <load_address>0xadbc</load_address>
         <run_address>0xadbc</run_address>
         <size>0x5c</size>
         <input_file_ref idref="fl-1d"/>
      </object_component>
      <object_component id="oc-b9">
         <name>.text:TimerConfigure</name>
         <load_address>0xae18</load_address>
         <run_address>0xae18</run_address>
         <size>0x5c</size>
         <input_file_ref idref="fl-f"/>
      </object_component>
      <object_component id="oc-53e">
         <name>.text:SliderPositionToValue</name>
         <load_address>0xae74</load_address>
         <run_address>0xae74</run_address>
         <size>0x58</size>
         <input_file_ref idref="fl-1e"/>
      </object_component>
      <object_component id="oc-cb">
         <name>.text:TimerControlTrigger</name>
         <load_address>0xaecc</load_address>
         <run_address>0xaecc</run_address>
         <size>0x58</size>
         <input_file_ref idref="fl-f"/>
      </object_component>
      <object_component id="oc-3a8">
         <name>.text:WidgetMessageSendPreOrder</name>
         <load_address>0xaf24</load_address>
         <run_address>0xaf24</run_address>
         <size>0x56</size>
         <input_file_ref idref="fl-1c"/>
      </object_component>
      <object_component id="oc-24">
         <name>.text</name>
         <load_address>0xaf7c</load_address>
         <run_address>0xaf7c</run_address>
         <size>0x50</size>
         <input_file_ref idref="fl-14b"/>
      </object_component>
      <object_component id="oc-487">
         <name>.text:CheckBoxClick</name>
         <load_address>0xafcc</load_address>
         <run_address>0xafcc</run_address>
         <size>0x4e</size>
         <input_file_ref idref="fl-27"/>
      </object_component>
      <object_component id="oc-16b">
         <name>.text:WidgetRemove</name>
         <load_address>0xb01c</load_address>
         <run_address>0xb01c</run_address>
         <size>0x4c</size>
         <input_file_ref idref="fl-1c"/>
      </object_component>
      <object_component id="oc-fe">
         <name>.text</name>
         <load_address>0xb068</load_address>
         <run_address>0xb068</run_address>
         <size>0x4c</size>
         <input_file_ref idref="fl-158"/>
      </object_component>
      <object_component id="oc-2f9">
         <name>.text:UpdateContextCharMapping</name>
         <load_address>0xb0b4</load_address>
         <run_address>0xb0b4</run_address>
         <size>0x4a</size>
         <input_file_ref idref="fl-1d"/>
      </object_component>
      <object_component id="oc-30e">
         <name>.text:GrLineDrawH</name>
         <load_address>0xb0fe</load_address>
         <run_address>0xb0fe</run_address>
         <size>0x46</size>
         <input_file_ref idref="fl-22"/>
      </object_component>
      <object_component id="oc-314">
         <name>.text:GrLineDrawV</name>
         <load_address>0xb144</load_address>
         <run_address>0xb144</run_address>
         <size>0x46</size>
         <input_file_ref idref="fl-22"/>
      </object_component>
      <object_component id="oc-70">
         <name>.text</name>
         <load_address>0xb18c</load_address>
         <run_address>0xb18c</run_address>
         <size>0x44</size>
         <input_file_ref idref="fl-14f"/>
      </object_component>
      <object_component id="oc-349">
         <name>.text</name>
         <load_address>0xb1d0</load_address>
         <run_address>0xb1d0</run_address>
         <size>0x42</size>
         <input_file_ref idref="fl-154"/>
      </object_component>
      <object_component id="oc-8f">
         <name>.text:ADCSequenceConfigure</name>
         <load_address>0xb212</load_address>
         <run_address>0xb212</run_address>
         <size>0x3e</size>
         <input_file_ref idref="fl-15"/>
      </object_component>
      <object_component id="oc-45d">
         <name>.text:FontGlyphDataGet</name>
         <load_address>0xb250</load_address>
         <run_address>0xb250</run_address>
         <size>0x3a</size>
         <input_file_ref idref="fl-1d"/>
      </object_component>
      <object_component id="oc-55e">
         <name>.text:GrRectOverlapCheck</name>
         <load_address>0xb28a</load_address>
         <run_address>0xb28a</run_address>
         <size>0x38</size>
         <input_file_ref idref="fl-1f"/>
      </object_component>
      <object_component id="oc-43a">
         <name>.text:GrClipCodeGet</name>
         <load_address>0xb2c2</load_address>
         <run_address>0xb2c2</run_address>
         <size>0x36</size>
         <input_file_ref idref="fl-22"/>
      </object_component>
      <object_component id="oc-83">
         <name>.text:SysCtlPeripheralEnable</name>
         <load_address>0xb2f8</load_address>
         <run_address>0xb2f8</run_address>
         <size>0x34</size>
         <input_file_ref idref="fl-10"/>
      </object_component>
      <object_component id="oc-3b5">
         <name>.text:SliderMsgProc</name>
         <load_address>0xb32c</load_address>
         <run_address>0xb32c</run_address>
         <size>0x2c</size>
         <input_file_ref idref="fl-1e"/>
      </object_component>
      <object_component id="oc-144">
         <name>.text:GPIODirModeSet</name>
         <load_address>0xb358</load_address>
         <run_address>0xb358</run_address>
         <size>0x2a</size>
         <input_file_ref idref="fl-12"/>
      </object_component>
      <object_component id="oc-1cb">
         <name>.text:GrFontBaselineGet</name>
         <load_address>0xb382</load_address>
         <run_address>0xb382</run_address>
         <size>0x2a</size>
         <input_file_ref idref="fl-1d"/>
      </object_component>
      <object_component id="oc-4ec">
         <name>.text:GrFontHeightGet</name>
         <load_address>0xb3ac</load_address>
         <run_address>0xb3ac</run_address>
         <size>0x2a</size>
         <input_file_ref idref="fl-1d"/>
      </object_component>
      <object_component id="oc-32f">
         <name>.text:GrStringNextCharGet</name>
         <load_address>0xb3d6</load_address>
         <run_address>0xb3d6</run_address>
         <size>0x2a</size>
         <input_file_ref idref="fl-1d"/>
      </object_component>
      <object_component id="oc-27d">
         <name>.text:WidgetIsInTree</name>
         <load_address>0xb400</load_address>
         <run_address>0xb400</run_address>
         <size>0x2a</size>
         <input_file_ref idref="fl-1c"/>
      </object_component>
      <object_component id="oc-33b">
         <name>.text:GrFontInfoGet</name>
         <load_address>0xb42a</load_address>
         <run_address>0xb42a</run_address>
         <size>0x26</size>
         <input_file_ref idref="fl-1d"/>
      </object_component>
      <object_component id="oc-378">
         <name>.text:CheckBoxMsgProc</name>
         <load_address>0xb450</load_address>
         <run_address>0xb450</run_address>
         <size>0x24</size>
         <input_file_ref idref="fl-27"/>
      </object_component>
      <object_component id="oc-3cb">
         <name>.text:RadioButtonMsgProc</name>
         <load_address>0xb474</load_address>
         <run_address>0xb474</run_address>
         <size>0x24</size>
         <input_file_ref idref="fl-20"/>
      </object_component>
      <object_component id="oc-171">
         <name>.text:WidgetAdd</name>
         <load_address>0xb498</load_address>
         <run_address>0xb498</run_address>
         <size>0x24</size>
         <input_file_ref idref="fl-1c"/>
      </object_component>
      <object_component id="oc-386">
         <name>.text:CircularButtonMsgProc</name>
         <load_address>0xb4bc</load_address>
         <run_address>0xb4bc</run_address>
         <size>0x22</size>
         <input_file_ref idref="fl-21"/>
      </object_component>
      <object_component id="oc-335">
         <name>.text:GrFontGlyphDataGet</name>
         <load_address>0xb4de</load_address>
         <run_address>0xb4de</run_address>
         <size>0x22</size>
         <input_file_ref idref="fl-1d"/>
      </object_component>
      <object_component id="oc-2e9">
         <name>.text:RectangularButtonMsgProc</name>
         <load_address>0xb500</load_address>
         <run_address>0xb500</run_address>
         <size>0x22</size>
         <input_file_ref idref="fl-21"/>
      </object_component>
      <object_component id="oc-428">
         <name>.text:GrFontCodepageGet</name>
         <load_address>0xb522</load_address>
         <run_address>0xb522</run_address>
         <size>0x1e</size>
         <input_file_ref idref="fl-1d"/>
      </object_component>
      <object_component id="oc-244">
         <name>.text:WidgetPointerMessage</name>
         <load_address>0xb540</load_address>
         <run_address>0xb540</run_address>
         <size>0x1c</size>
         <input_file_ref idref="fl-1c"/>
      </object_component>
      <object_component id="oc-ad">
         <name>.text:GPIOPinTypeGPIOOutput</name>
         <load_address>0xb55c</load_address>
         <run_address>0xb55c</run_address>
         <size>0x18</size>
         <input_file_ref idref="fl-12"/>
      </object_component>
      <object_component id="oc-6a">
         <name>.text</name>
         <load_address>0xb574</load_address>
         <run_address>0xb574</run_address>
         <size>0x18</size>
         <input_file_ref idref="fl-156"/>
      </object_component>
      <object_component id="oc-2c3">
         <name>.text:CanvasMsgProc</name>
         <load_address>0xb58c</load_address>
         <run_address>0xb58c</run_address>
         <size>0x14</size>
         <input_file_ref idref="fl-29"/>
      </object_component>
      <object_component id="oc-40b">
         <name>.text:ContainerMsgProc</name>
         <load_address>0xb5a0</load_address>
         <run_address>0xb5a0</run_address>
         <size>0x14</size>
         <input_file_ref idref="fl-25"/>
      </object_component>
      <object_component id="oc-286">
         <name>.text:WidgetMutexGet</name>
         <load_address>0xb5b4</load_address>
         <run_address>0xb5b4</run_address>
         <size>0x14</size>
         <input_file_ref idref="fl-1c"/>
      </object_component>
      <object_component id="oc-252">
         <name>.text</name>
         <load_address>0xb5c8</load_address>
         <run_address>0xb5c8</run_address>
         <size>0x14</size>
         <input_file_ref idref="fl-155"/>
      </object_component>
      <object_component id="oc-89">
         <name>.text:ADCHardwareOversampleConfigure</name>
         <load_address>0xb5dc</load_address>
         <run_address>0xb5dc</run_address>
         <size>0x12</size>
         <input_file_ref idref="fl-15"/>
      </object_component>
      <object_component id="oc-198">
         <name>.text:GrStringDraw</name>
         <load_address>0xb5ee</load_address>
         <run_address>0xb5ee</run_address>
         <size>0x12</size>
         <input_file_ref idref="fl-1d"/>
      </object_component>
      <object_component id="oc-c5">
         <name>.text:TimerLoadSet</name>
         <load_address>0xb600</load_address>
         <run_address>0xb600</run_address>
         <size>0x12</size>
         <input_file_ref idref="fl-f"/>
      </object_component>
      <object_component id="oc-a1">
         <name>.text:ADCIntEnable</name>
         <load_address>0xb612</load_address>
         <run_address>0xb612</run_address>
         <size>0x10</size>
         <input_file_ref idref="fl-15"/>
      </object_component>
      <object_component id="oc-1f9">
         <name>.text:FPUEnable</name>
         <load_address>0xb624</load_address>
         <run_address>0xb624</run_address>
         <size>0x10</size>
         <input_file_ref idref="fl-13"/>
      </object_component>
      <object_component id="oc-1ff">
         <name>.text:FPULazyStackingEnable</name>
         <load_address>0xb634</load_address>
         <run_address>0xb634</run_address>
         <size>0x10</size>
         <input_file_ref idref="fl-13"/>
      </object_component>
      <object_component id="oc-21e">
         <name>.text:uDMAEnable</name>
         <load_address>0xb644</load_address>
         <run_address>0xb644</run_address>
         <size>0x10</size>
         <input_file_ref idref="fl-e"/>
      </object_component>
      <object_component id="oc-9b">
         <name>.text:ADCSequenceEnable</name>
         <load_address>0xb654</load_address>
         <run_address>0xb654</run_address>
         <size>0xe</size>
         <input_file_ref idref="fl-15"/>
      </object_component>
      <object_component id="oc-1bf">
         <name>.text:GrImageDraw</name>
         <load_address>0xb662</load_address>
         <run_address>0xb662</run_address>
         <size>0xe</size>
         <input_file_ref idref="fl-23"/>
      </object_component>
      <object_component id="oc-d1">
         <name>.text:TimerEnable</name>
         <load_address>0xb670</load_address>
         <run_address>0xb670</run_address>
         <size>0xe</size>
         <input_file_ref idref="fl-f"/>
      </object_component>
      <object_component id="oc-12">
         <name>.text:decompress:none</name>
         <load_address>0xb67e</load_address>
         <run_address>0xb67e</run_address>
         <size>0xe</size>
         <input_file_ref idref="fl-14c"/>
      </object_component>
      <object_component id="oc-1e">
         <name>.text:decompress:ZI</name>
         <load_address>0xb68c</load_address>
         <run_address>0xb68c</run_address>
         <size>0xc</size>
         <input_file_ref idref="fl-14e"/>
      </object_component>
      <object_component id="oc-2a">
         <name>.text</name>
         <load_address>0xb698</load_address>
         <run_address>0xb698</run_address>
         <size>0xc</size>
         <input_file_ref idref="fl-5"/>
      </object_component>
      <object_component id="oc-218">
         <name>.text:uDMAControlBaseSet</name>
         <load_address>0xb6a4</load_address>
         <run_address>0xb6a4</run_address>
         <size>0xc</size>
         <input_file_ref idref="fl-e"/>
      </object_component>
      <object_component id="oc-4aa">
         <name>.text:GrMapISO8859_1_Unicode</name>
         <load_address>0xb6b0</load_address>
         <run_address>0xb6b0</run_address>
         <size>0x8</size>
         <input_file_ref idref="fl-28"/>
      </object_component>
      <object_component id="oc-b3">
         <name>.text:GPIOPinWrite</name>
         <load_address>0xb6b8</load_address>
         <run_address>0xb6b8</run_address>
         <size>0x6</size>
         <input_file_ref idref="fl-12"/>
      </object_component>
      <object_component id="oc-192">
         <name>.text:GrContextFontSet</name>
         <load_address>0xb6be</load_address>
         <run_address>0xb6be</run_address>
         <size>0x6</size>
         <input_file_ref idref="fl-1d"/>
      </object_component>
      <object_component id="oc-217">
         <name>.text:SysCtlDelay</name>
         <load_address>0xb6c4</load_address>
         <run_address>0xb6c4</run_address>
         <size>0x6</size>
         <input_file_ref idref="fl-10"/>
      </object_component>
      <object_component id="oc-287">
         <name>.text:WidgetMutexPut</name>
         <load_address>0xb6ca</load_address>
         <run_address>0xb6ca</run_address>
         <size>0x6</size>
         <input_file_ref idref="fl-1c"/>
      </object_component>
      <object_component id="oc-18">
         <name>.text:decompress:rle24</name>
         <load_address>0xb6d0</load_address>
         <run_address>0xb6d0</run_address>
         <size>0x6</size>
         <input_file_ref idref="fl-14d"/>
      </object_component>
      <object_component id="oc-2d7">
         <name>.text:WidgetDefaultMsgProc</name>
         <load_address>0xb6d6</load_address>
         <run_address>0xb6d6</run_address>
         <size>0x4</size>
         <input_file_ref idref="fl-1c"/>
      </object_component>
      <object_component id="oc-5e">
         <name>.text</name>
         <load_address>0xb6da</load_address>
         <run_address>0xb6da</run_address>
         <size>0x4</size>
         <input_file_ref idref="fl-152"/>
      </object_component>
      <object_component id="oc-369">
         <name>.const:.string:g_pui8Cm24Data</name>
         <load_address>0x26c</load_address>
         <run_address>0x26c</run_address>
         <size>0xa60</size>
         <input_file_ref idref="fl-16"/>
      </object_component>
      <object_component id="oc-363">
         <name>.const:.string:g_pui8Cm22Data</name>
         <load_address>0xccc</load_address>
         <run_address>0xccc</run_address>
         <size>0x960</size>
         <input_file_ref idref="fl-17"/>
      </object_component>
      <object_component id="oc-3d9">
         <name>.const:.string:g_pui8Cm20Data</name>
         <load_address>0x162c</load_address>
         <run_address>0x162c</run_address>
         <size>0x95e</size>
         <input_file_ref idref="fl-18"/>
      </object_component>
      <object_component id="oc-302">
         <name>.const:.string:g_pui8Cm18Data</name>
         <load_address>0x1f8c</load_address>
         <run_address>0x1f8c</run_address>
         <size>0x86e</size>
         <input_file_ref idref="fl-19"/>
      </object_component>
      <object_component id="oc-3c4">
         <name>.const:.string:g_pucRedSlider195x37</name>
         <load_address>0x27fa</load_address>
         <run_address>0x27fa</run_address>
         <size>0x83d</size>
         <input_file_ref idref="fl-4"/>
      </object_component>
      <object_component id="oc-3c1">
         <name>.const:.string:g_pucGreenSlider195x37</name>
         <load_address>0x3037</load_address>
         <run_address>0x3037</run_address>
         <size>0x826</size>
         <input_file_ref idref="fl-4"/>
      </object_component>
      <object_component id="oc-3bb">
         <name>.const:.string:g_pucGettingHotter28x148</name>
         <load_address>0x385d</load_address>
         <run_address>0x385d</run_address>
         <size>0x705</size>
         <input_file_ref idref="fl-4"/>
      </object_component>
      <object_component id="oc-343">
         <name>.const:.string:g_pui8Cm14Data</name>
         <load_address>0x3f64</load_address>
         <run_address>0x3f64</run_address>
         <size>0x65a</size>
         <input_file_ref idref="fl-1a"/>
      </object_component>
      <object_component id="oc-372">
         <name>.const:.string:g_pui8Cm12Data</name>
         <load_address>0x45c0</load_address>
         <run_address>0x45c0</run_address>
         <size>0x55f</size>
         <input_file_ref idref="fl-1b"/>
      </object_component>
      <object_component id="oc-3be">
         <name>.const:.string:g_pucGettingHotter28x148Mono</name>
         <load_address>0x4b1f</load_address>
         <run_address>0x4b1f</run_address>
         <size>0x3ad</size>
         <input_file_ref idref="fl-4"/>
      </object_component>
      <object_component id="oc-1e0">
         <name>.const:.string:g_pucLogo</name>
         <load_address>0x4ecc</load_address>
         <run_address>0x4ecc</run_address>
         <size>0x230</size>
         <input_file_ref idref="fl-4"/>
      </object_component>
      <object_component id="oc-2ef">
         <name>.const:.string:g_pucBlue50x50</name>
         <load_address>0x50fc</load_address>
         <run_address>0x50fc</run_address>
         <size>0x210</size>
         <input_file_ref idref="fl-4"/>
      </object_component>
      <object_component id="oc-2f2">
         <name>.const:.string:g_pucBlue50x50Press</name>
         <load_address>0x530c</load_address>
         <run_address>0x530c</run_address>
         <size>0x20e</size>
         <input_file_ref idref="fl-4"/>
      </object_component>
      <object_component id="oc-2e6">
         <name>.const:.string</name>
         <load_address>0x551c</load_address>
         <run_address>0x551c</run_address>
         <size>0x17a</size>
         <input_file_ref idref="fl-3"/>
      </object_component>
      <object_component id="oc-1ef">
         <name>.const:.string:g_pucLightOff</name>
         <load_address>0x5696</load_address>
         <run_address>0x5696</run_address>
         <size>0xf5</size>
         <input_file_ref idref="fl-4"/>
      </object_component>
      <object_component id="oc-1ec">
         <name>.const:.string:g_pucLightOn</name>
         <load_address>0x578b</load_address>
         <run_address>0x578b</run_address>
         <size>0xe6</size>
         <input_file_ref idref="fl-4"/>
      </object_component>
      <object_component id="oc-1e3">
         <name>.const:g_sFontCm12</name>
         <load_address>0x5874</load_address>
         <run_address>0x5874</run_address>
         <size>0xc8</size>
         <input_file_ref idref="fl-1b"/>
      </object_component>
      <object_component id="oc-1d1">
         <name>.const:g_sFontCm14</name>
         <load_address>0x593c</load_address>
         <run_address>0x593c</run_address>
         <size>0xc8</size>
         <input_file_ref idref="fl-1a"/>
      </object_component>
      <object_component id="oc-19e">
         <name>.const:g_sFontCm18</name>
         <load_address>0x5a04</load_address>
         <run_address>0x5a04</run_address>
         <size>0xc8</size>
         <input_file_ref idref="fl-19"/>
      </object_component>
      <object_component id="oc-23e">
         <name>.const:g_sFontCm20</name>
         <load_address>0x5acc</load_address>
         <run_address>0x5acc</run_address>
         <size>0xc8</size>
         <input_file_ref idref="fl-18"/>
      </object_component>
      <object_component id="oc-1da">
         <name>.const:g_sFontCm22</name>
         <load_address>0x5b94</load_address>
         <run_address>0x5b94</run_address>
         <size>0xc8</size>
         <input_file_ref idref="fl-17"/>
      </object_component>
      <object_component id="oc-1dd">
         <name>.const:g_sFontCm24</name>
         <load_address>0x5c5c</load_address>
         <run_address>0x5c5c</run_address>
         <size>0xc8</size>
         <input_file_ref idref="fl-16"/>
      </object_component>
      <object_component id="oc-139">
         <name>.const</name>
         <load_address>0x5d24</load_address>
         <run_address>0x5d24</run_address>
         <size>0x70</size>
         <input_file_ref idref="fl-11"/>
      </object_component>
      <object_component id="oc-14f">
         <name>.const:g_pui32Xtals</name>
         <load_address>0x5d94</load_address>
         <run_address>0x5d94</run_address>
         <size>0x6c</size>
         <input_file_ref idref="fl-10"/>
      </object_component>
      <object_component id="oc-da">
         <name>.const:g_lTouchParameters</name>
         <load_address>0x5e00</load_address>
         <run_address>0x5e00</run_address>
         <size>0x38</size>
         <input_file_ref idref="fl-6"/>
      </object_component>
      <object_component id="oc-351">
         <name>.const:g_psDaysToMonth</name>
         <load_address>0x5e38</load_address>
         <run_address>0x5e38</run_address>
         <size>0x30</size>
         <input_file_ref idref="fl-7"/>
      </object_component>
      <object_component id="oc-23b">
         <name>.const:g_sKentec320x240x16_SSD2119</name>
         <load_address>0x5e68</load_address>
         <run_address>0x5e68</run_address>
         <size>0x28</size>
         <input_file_ref idref="fl-2"/>
      </object_component>
      <object_component id="oc-34e">
         <name>.const</name>
         <load_address>0x5e90</load_address>
         <run_address>0x5e90</run_address>
         <size>0x1c</size>
         <input_file_ref idref="fl-7"/>
      </object_component>
      <object_component id="oc-46a">
         <name>.const:.string</name>
         <load_address>0x5eac</load_address>
         <run_address>0x5eac</run_address>
         <size>0x12</size>
         <input_file_ref idref="fl-7"/>
      </object_component>
      <object_component id="oc-39d">
         <name>.const</name>
         <load_address>0x5ec0</load_address>
         <run_address>0x5ec0</run_address>
         <size>0x10</size>
         <input_file_ref idref="fl-24"/>
      </object_component>
      <object_component id="oc-58b">
         <name>.cinit..data.load</name>
         <load_address>0xb6e0</load_address>
         <run_address>0xb6e0</run_address>
         <size>0xba9</size>
      </object_component>
      <object_component id="oc-589">
         <name>__TI_handler_table</name>
         <load_address>0xc28c</load_address>
         <run_address>0xc28c</run_address>
         <size>0xc</size>
      </object_component>
      <object_component id="oc-58c">
         <name>.cinit..bss.load</name>
         <load_address>0xc298</load_address>
         <run_address>0xc298</run_address>
         <size>0x8</size>
      </object_component>
      <object_component id="oc-58a">
         <name>__TI_cinit_table</name>
         <load_address>0xc2a0</load_address>
         <run_address>0xc2a0</run_address>
         <size>0x10</size>
      </object_component>
      <object_component id="oc-29">
         <name>.stack</name>
         <uninitialized>true</uninitialized>
         <run_address>0x2000199c</run_address>
         <size>0x0</size>
         <input_file_ref idref="fl-14b"/>
      </object_component>
      <object_component id="oc-58d">
         <name>.stack</name>
         <uninitialized>true</uninitialized>
         <run_address>0x2000199c</run_address>
         <size>0x0</size>
      </object_component>
      <object_component id="oc-241">
         <name>.bss:sDMAControlTable</name>
         <uninitialized>true</uninitialized>
         <run_address>0x20001400</run_address>
         <size>0x400</size>
         <input_file_ref idref="fl-3"/>
      </object_component>
      <object_component id="oc-28d">
         <name>.bss:g_psMQ</name>
         <uninitialized>true</uninitialized>
         <run_address>0x20001800</run_address>
         <size>0x140</size>
         <input_file_ref idref="fl-1c"/>
      </object_component>
      <object_component id="oc-450">
         <name>.bss</name>
         <uninitialized>true</uninitialized>
         <run_address>0x20001940</run_address>
         <size>0x20</size>
         <input_file_ref idref="fl-23"/>
      </object_component>
      <object_component id="oc-3a0">
         <name>.bss</name>
         <uninitialized>true</uninitialized>
         <run_address>0x20001980</run_address>
         <size>0x4</size>
         <input_file_ref idref="fl-24"/>
      </object_component>
      <object_component id="oc-22d">
         <name>.common:pcCanvasText$1</name>
         <uninitialized>true</uninitialized>
         <run_address>0x20001970</run_address>
         <size>0x8</size>
      </object_component>
      <object_component id="oc-231">
         <name>.common:pcSliderText$2</name>
         <uninitialized>true</uninitialized>
         <run_address>0x20001978</run_address>
         <size>0x8</size>
      </object_component>
      <object_component id="oc-1f5">
         <name>.common:g_ulButtonState</name>
         <uninitialized>true</uninitialized>
         <run_address>0x2000198c</run_address>
         <size>0x4</size>
      </object_component>
      <object_component id="oc-17d">
         <name>.common:g_ulPanel</name>
         <uninitialized>true</uninitialized>
         <run_address>0x20001990</run_address>
         <size>0x4</size>
      </object_component>
      <object_component id="oc-d9">
         <name>.common:g_ulTSState</name>
         <uninitialized>true</uninitialized>
         <run_address>0x20001994</run_address>
         <size>0x4</size>
      </object_component>
      <object_component id="oc-d7">
         <name>.common:g_pfnTSHandler</name>
         <uninitialized>true</uninitialized>
         <run_address>0x20001984</run_address>
         <size>0x4</size>
      </object_component>
      <object_component id="oc-d8">
         <name>.common:g_psSamples</name>
         <uninitialized>true</uninitialized>
         <run_address>0x20001960</run_address>
         <size>0x10</size>
      </object_component>
      <object_component id="oc-7f">
         <name>.common:g_plParmSet</name>
         <uninitialized>true</uninitialized>
         <run_address>0x20001988</run_address>
         <size>0x4</size>
      </object_component>
      <object_component id="oc-7b">
         <name>.common:g_sTouchX</name>
         <uninitialized>true</uninitialized>
         <run_address>0x20001998</run_address>
         <size>0x2</size>
      </object_component>
      <object_component id="oc-7e">
         <name>.common:g_sTouchY</name>
         <uninitialized>true</uninitialized>
         <run_address>0x2000199a</run_address>
         <size>0x2</size>
      </object_component>
      <object_component id="oc-393">
         <name>.data</name>
         <load_address>0x200010d4</load_address>
         <run_address>0x200010d4</run_address>
         <size>0x8</size>
         <input_file_ref idref="fl-2"/>
      </object_component>
      <object_component id="oc-2c0">
         <name>.data:g_sIntroduction</name>
         <load_address>0x20000ed8</load_address>
         <run_address>0x20000ed8</run_address>
         <size>0x40</size>
         <input_file_ref idref="fl-3"/>
      </object_component>
      <object_component id="oc-2c9">
         <name>.data:g_sPrimitives</name>
         <load_address>0x20000f18</load_address>
         <run_address>0x20000f18</run_address>
         <size>0x40</size>
         <input_file_ref idref="fl-3"/>
      </object_component>
      <object_component id="oc-4fa">
         <name>.data:g_sCanvas3</name>
         <load_address>0x20000e98</load_address>
         <run_address>0x20000e98</run_address>
         <size>0x40</size>
         <input_file_ref idref="fl-3"/>
      </object_component>
      <object_component id="oc-403">
         <name>.data:g_sCanvas2</name>
         <load_address>0x20000e58</load_address>
         <run_address>0x20000e58</run_address>
         <size>0x40</size>
         <input_file_ref idref="fl-3"/>
      </object_component>
      <object_component id="oc-2cc">
         <name>.data:g_sCanvas1</name>
         <load_address>0x20000e18</load_address>
         <run_address>0x20000e18</run_address>
         <size>0x40</size>
         <input_file_ref idref="fl-3"/>
      </object_component>
      <object_component id="oc-1e9">
         <name>.data:g_psCheckBoxIndicators</name>
         <load_address>0x20000a08</load_address>
         <run_address>0x20000a08</run_address>
         <size>0xc0</size>
         <input_file_ref idref="fl-3"/>
      </object_component>
      <object_component id="oc-1e6">
         <name>.data:g_psCheckBoxes</name>
         <load_address>0x20000ac8</load_address>
         <run_address>0x20000ac8</run_address>
         <size>0xc0</size>
         <input_file_ref idref="fl-3"/>
      </object_component>
      <object_component id="oc-4ff">
         <name>.data:g_sContainer3</name>
         <load_address>0x20001048</load_address>
         <run_address>0x20001048</run_address>
         <size>0x38</size>
         <input_file_ref idref="fl-3"/>
      </object_component>
      <object_component id="oc-408">
         <name>.data:g_sContainer2</name>
         <load_address>0x20001010</load_address>
         <run_address>0x20001010</run_address>
         <size>0x38</size>
         <input_file_ref idref="fl-3"/>
      </object_component>
      <object_component id="oc-2cf">
         <name>.data:g_sContainer1</name>
         <load_address>0x20000fd8</load_address>
         <run_address>0x20000fd8</run_address>
         <size>0x38</size>
         <input_file_ref idref="fl-3"/>
      </object_component>
      <object_component id="oc-1f6">
         <name>.data:g_psPushButtonIndicators</name>
         <load_address>0x20000000</load_address>
         <run_address>0x20000000</run_address>
         <size>0x280</size>
         <input_file_ref idref="fl-3"/>
      </object_component>
      <object_component id="oc-1f2">
         <name>.data:g_psPushButtons</name>
         <load_address>0x200006a8</load_address>
         <run_address>0x200006a8</run_address>
         <size>0x1e0</size>
         <input_file_ref idref="fl-3"/>
      </object_component>
      <object_component id="oc-238">
         <name>.data:g_psRadioButtonIndicators</name>
         <load_address>0x20000888</load_address>
         <run_address>0x20000888</run_address>
         <size>0x180</size>
         <input_file_ref idref="fl-3"/>
      </object_component>
      <object_component id="oc-232">
         <name>.data:g_psRadioButtons1</name>
         <load_address>0x20000b88</load_address>
         <run_address>0x20000b88</run_address>
         <size>0xc0</size>
         <input_file_ref idref="fl-3"/>
      </object_component>
      <object_component id="oc-235">
         <name>.data:g_psRadioButtons2</name>
         <load_address>0x20000c48</load_address>
         <run_address>0x20000c48</run_address>
         <size>0xc0</size>
         <input_file_ref idref="fl-3"/>
      </object_component>
      <object_component id="oc-2d2">
         <name>.data:g_psRadioContainers</name>
         <load_address>0x20000d08</load_address>
         <run_address>0x20000d08</run_address>
         <size>0x70</size>
         <input_file_ref idref="fl-3"/>
      </object_component>
      <object_component id="oc-22e">
         <name>.data:g_sSliderValueCanvas</name>
         <load_address>0x20000f58</load_address>
         <run_address>0x20000f58</run_address>
         <size>0x40</size>
         <input_file_ref idref="fl-3"/>
      </object_component>
      <object_component id="oc-22a">
         <name>.data:g_psSliders</name>
         <load_address>0x20000280</load_address>
         <run_address>0x20000280</run_address>
         <size>0x228</size>
         <input_file_ref idref="fl-3"/>
      </object_component>
      <object_component id="oc-180">
         <name>.data:g_psPanels</name>
         <load_address>0x200004a8</load_address>
         <run_address>0x200004a8</run_address>
         <size>0x200</size>
         <input_file_ref idref="fl-3"/>
      </object_component>
      <object_component id="oc-189">
         <name>.data:g_pcPanelNames</name>
         <load_address>0x200010b0</load_address>
         <run_address>0x200010b0</run_address>
         <size>0x24</size>
         <input_file_ref idref="fl-3"/>
      </object_component>
      <object_component id="oc-18c">
         <name>.data:g_sPrevious</name>
         <load_address>0x20000dc8</load_address>
         <run_address>0x20000dc8</run_address>
         <size>0x50</size>
         <input_file_ref idref="fl-3"/>
      </object_component>
      <object_component id="oc-186">
         <name>.data:g_sTitle</name>
         <load_address>0x20000f98</load_address>
         <run_address>0x20000f98</run_address>
         <size>0x40</size>
         <input_file_ref idref="fl-3"/>
      </object_component>
      <object_component id="oc-18f">
         <name>.data:g_sNext</name>
         <load_address>0x20000d78</load_address>
         <run_address>0x20000d78</run_address>
         <size>0x50</size>
         <input_file_ref idref="fl-3"/>
      </object_component>
      <object_component id="oc-80">
         <name>.data</name>
         <load_address>0x200010f0</load_address>
         <run_address>0x200010f0</run_address>
         <size>0x4</size>
         <input_file_ref idref="fl-6"/>
      </object_component>
      <object_component id="oc-354">
         <name>.data</name>
         <load_address>0x200010f4</load_address>
         <run_address>0x200010f4</run_address>
         <size>0x4</size>
         <input_file_ref idref="fl-7"/>
      </object_component>
      <object_component id="oc-183">
         <name>.data</name>
         <load_address>0x20001080</load_address>
         <run_address>0x20001080</run_address>
         <size>0x2d</size>
         <input_file_ref idref="fl-1c"/>
      </object_component>
      <object_component id="oc-111">
         <name>.data</name>
         <load_address>0x200010e4</load_address>
         <run_address>0x200010e4</run_address>
         <size>0x8</size>
         <input_file_ref idref="fl-14f"/>
      </object_component>
      <object_component id="oc-76">
         <name>.data</name>
         <load_address>0x200010ec</load_address>
         <run_address>0x200010ec</run_address>
         <size>0x4</size>
         <input_file_ref idref="fl-153"/>
      </object_component>
      <object_component id="oc-10e">
         <name>.data</name>
         <load_address>0x200010dc</load_address>
         <run_address>0x200010dc</run_address>
         <size>0x8</size>
         <input_file_ref idref="fl-155"/>
      </object_component>
      <object_component id="oc-260">
         <name>.debug_info</name>
         <load_address>0x0</load_address>
         <run_address>0x0</run_address>
         <size>0x40d</size>
         <input_file_ref idref="fl-2"/>
      </object_component>
      <object_component id="oc-394">
         <name>.debug_info</name>
         <load_address>0x40d</load_address>
         <run_address>0x40d</run_address>
         <size>0x108</size>
         <input_file_ref idref="fl-2"/>
      </object_component>
      <object_component id="oc-23c">
         <name>.debug_info</name>
         <load_address>0x515</load_address>
         <run_address>0x515</run_address>
         <size>0x102</size>
         <input_file_ref idref="fl-2"/>
      </object_component>
      <object_component id="oc-20c">
         <name>.debug_info</name>
         <load_address>0x617</load_address>
         <run_address>0x617</run_address>
         <size>0x1347</size>
         <input_file_ref idref="fl-2"/>
      </object_component>
      <object_component id="oc-11b">
         <name>.debug_info</name>
         <load_address>0x195e</load_address>
         <run_address>0x195e</run_address>
         <size>0x6bd</size>
         <input_file_ref idref="fl-2"/>
      </object_component>
      <object_component id="oc-125">
         <name>.debug_info</name>
         <load_address>0x201b</load_address>
         <run_address>0x201b</run_address>
         <size>0x8b</size>
         <input_file_ref idref="fl-2"/>
      </object_component>
      <object_component id="oc-49e">
         <name>.debug_info</name>
         <load_address>0x20a6</load_address>
         <run_address>0x20a6</run_address>
         <size>0x47</size>
         <input_file_ref idref="fl-2"/>
      </object_component>
      <object_component id="oc-de">
         <name>.debug_info</name>
         <load_address>0x20ed</load_address>
         <run_address>0x20ed</run_address>
         <size>0x18b</size>
         <input_file_ref idref="fl-2"/>
      </object_component>
      <object_component id="oc-35e">
         <name>.debug_info</name>
         <load_address>0x2278</load_address>
         <run_address>0x2278</run_address>
         <size>0x4e</size>
         <input_file_ref idref="fl-2"/>
      </object_component>
      <object_component id="oc-17e">
         <name>.debug_info</name>
         <load_address>0x22c6</load_address>
         <run_address>0x22c6</run_address>
         <size>0xf43</size>
         <input_file_ref idref="fl-3"/>
      </object_component>
      <object_component id="oc-242">
         <name>.debug_info</name>
         <load_address>0x3209</load_address>
         <run_address>0x3209</run_address>
         <size>0xd8</size>
         <input_file_ref idref="fl-3"/>
      </object_component>
      <object_component id="oc-2c1">
         <name>.debug_info</name>
         <load_address>0x32e1</load_address>
         <run_address>0x32e1</run_address>
         <size>0xd6</size>
         <input_file_ref idref="fl-3"/>
      </object_component>
      <object_component id="oc-2ca">
         <name>.debug_info</name>
         <load_address>0x33b7</load_address>
         <run_address>0x33b7</run_address>
         <size>0xd2</size>
         <input_file_ref idref="fl-3"/>
      </object_component>
      <object_component id="oc-4fb">
         <name>.debug_info</name>
         <load_address>0x3489</load_address>
         <run_address>0x3489</run_address>
         <size>0xcc</size>
         <input_file_ref idref="fl-3"/>
      </object_component>
      <object_component id="oc-404">
         <name>.debug_info</name>
         <load_address>0x3555</load_address>
         <run_address>0x3555</run_address>
         <size>0xcc</size>
         <input_file_ref idref="fl-3"/>
      </object_component>
      <object_component id="oc-2cd">
         <name>.debug_info</name>
         <load_address>0x3621</load_address>
         <run_address>0x3621</run_address>
         <size>0xcc</size>
         <input_file_ref idref="fl-3"/>
      </object_component>
      <object_component id="oc-1ea">
         <name>.debug_info</name>
         <load_address>0x36ed</load_address>
         <run_address>0x36ed</run_address>
         <size>0xe4</size>
         <input_file_ref idref="fl-3"/>
      </object_component>
      <object_component id="oc-1e7">
         <name>.debug_info</name>
         <load_address>0x37d1</load_address>
         <run_address>0x37d1</run_address>
         <size>0xd4</size>
         <input_file_ref idref="fl-3"/>
      </object_component>
      <object_component id="oc-500">
         <name>.debug_info</name>
         <load_address>0x38a5</load_address>
         <run_address>0x38a5</run_address>
         <size>0xd2</size>
         <input_file_ref idref="fl-3"/>
      </object_component>
      <object_component id="oc-409">
         <name>.debug_info</name>
         <load_address>0x3977</load_address>
         <run_address>0x3977</run_address>
         <size>0xd2</size>
         <input_file_ref idref="fl-3"/>
      </object_component>
      <object_component id="oc-2d0">
         <name>.debug_info</name>
         <load_address>0x3a49</load_address>
         <run_address>0x3a49</run_address>
         <size>0xd2</size>
         <input_file_ref idref="fl-3"/>
      </object_component>
      <object_component id="oc-1f7">
         <name>.debug_info</name>
         <load_address>0x3b1b</load_address>
         <run_address>0x3b1b</run_address>
         <size>0xe8</size>
         <input_file_ref idref="fl-3"/>
      </object_component>
      <object_component id="oc-1f3">
         <name>.debug_info</name>
         <load_address>0x3c03</load_address>
         <run_address>0x3c03</run_address>
         <size>0xd7</size>
         <input_file_ref idref="fl-3"/>
      </object_component>
      <object_component id="oc-239">
         <name>.debug_info</name>
         <load_address>0x3cda</load_address>
         <run_address>0x3cda</run_address>
         <size>0xeb</size>
         <input_file_ref idref="fl-3"/>
      </object_component>
      <object_component id="oc-233">
         <name>.debug_info</name>
         <load_address>0x3dc5</load_address>
         <run_address>0x3dc5</run_address>
         <size>0xdb</size>
         <input_file_ref idref="fl-3"/>
      </object_component>
      <object_component id="oc-236">
         <name>.debug_info</name>
         <load_address>0x3ea0</load_address>
         <run_address>0x3ea0</run_address>
         <size>0xdb</size>
         <input_file_ref idref="fl-3"/>
      </object_component>
      <object_component id="oc-2d3">
         <name>.debug_info</name>
         <load_address>0x3f7b</load_address>
         <run_address>0x3f7b</run_address>
         <size>0xdf</size>
         <input_file_ref idref="fl-3"/>
      </object_component>
      <object_component id="oc-22f">
         <name>.debug_info</name>
         <load_address>0x405a</load_address>
         <run_address>0x405a</run_address>
         <size>0xe1</size>
         <input_file_ref idref="fl-3"/>
      </object_component>
      <object_component id="oc-22b">
         <name>.debug_info</name>
         <load_address>0x413b</load_address>
         <run_address>0x413b</run_address>
         <size>0xcf</size>
         <input_file_ref idref="fl-3"/>
      </object_component>
      <object_component id="oc-181">
         <name>.debug_info</name>
         <load_address>0x420a</load_address>
         <run_address>0x420a</run_address>
         <size>0xcd</size>
         <input_file_ref idref="fl-3"/>
      </object_component>
      <object_component id="oc-18a">
         <name>.debug_info</name>
         <load_address>0x42d7</load_address>
         <run_address>0x42d7</run_address>
         <size>0xd5</size>
         <input_file_ref idref="fl-3"/>
      </object_component>
      <object_component id="oc-18d">
         <name>.debug_info</name>
         <load_address>0x43ac</load_address>
         <run_address>0x43ac</run_address>
         <size>0xcf</size>
         <input_file_ref idref="fl-3"/>
      </object_component>
      <object_component id="oc-187">
         <name>.debug_info</name>
         <load_address>0x447b</load_address>
         <run_address>0x447b</run_address>
         <size>0xc9</size>
         <input_file_ref idref="fl-3"/>
      </object_component>
      <object_component id="oc-190">
         <name>.debug_info</name>
         <load_address>0x4544</load_address>
         <run_address>0x4544</run_address>
         <size>0xc7</size>
         <input_file_ref idref="fl-3"/>
      </object_component>
      <object_component id="oc-107">
         <name>.debug_info</name>
         <load_address>0x460b</load_address>
         <run_address>0x460b</run_address>
         <size>0x12df</size>
         <input_file_ref idref="fl-3"/>
      </object_component>
      <object_component id="oc-29d">
         <name>.debug_info</name>
         <load_address>0x58ea</load_address>
         <run_address>0x58ea</run_address>
         <size>0x86</size>
         <input_file_ref idref="fl-3"/>
      </object_component>
      <object_component id="oc-2a2">
         <name>.debug_info</name>
         <load_address>0x5970</load_address>
         <run_address>0x5970</run_address>
         <size>0xea</size>
         <input_file_ref idref="fl-3"/>
      </object_component>
      <object_component id="oc-2a7">
         <name>.debug_info</name>
         <load_address>0x5a5a</load_address>
         <run_address>0x5a5a</run_address>
         <size>0xfe</size>
         <input_file_ref idref="fl-3"/>
      </object_component>
      <object_component id="oc-2ac">
         <name>.debug_info</name>
         <load_address>0x5b58</load_address>
         <run_address>0x5b58</run_address>
         <size>0xc2</size>
         <input_file_ref idref="fl-3"/>
      </object_component>
      <object_component id="oc-2b1">
         <name>.debug_info</name>
         <load_address>0x5c1a</load_address>
         <run_address>0x5c1a</run_address>
         <size>0x14e</size>
         <input_file_ref idref="fl-3"/>
      </object_component>
      <object_component id="oc-2b6">
         <name>.debug_info</name>
         <load_address>0x5d68</load_address>
         <run_address>0x5d68</run_address>
         <size>0xfe</size>
         <input_file_ref idref="fl-3"/>
      </object_component>
      <object_component id="oc-2bb">
         <name>.debug_info</name>
         <load_address>0x5e66</load_address>
         <run_address>0x5e66</run_address>
         <size>0x176</size>
         <input_file_ref idref="fl-3"/>
      </object_component>
      <object_component id="oc-359">
         <name>.debug_info</name>
         <load_address>0x5fdc</load_address>
         <run_address>0x5fdc</run_address>
         <size>0x16f</size>
         <input_file_ref idref="fl-3"/>
      </object_component>
      <object_component id="oc-120">
         <name>.debug_info</name>
         <load_address>0x614b</load_address>
         <run_address>0x614b</run_address>
         <size>0xc6</size>
         <input_file_ref idref="fl-3"/>
      </object_component>
      <object_component id="oc-371">
         <name>.debug_info</name>
         <load_address>0x6211</load_address>
         <run_address>0x6211</run_address>
         <size>0x358</size>
         <input_file_ref idref="fl-4"/>
      </object_component>
      <object_component id="oc-1e1">
         <name>.debug_info</name>
         <load_address>0x6569</load_address>
         <run_address>0x6569</run_address>
         <size>0xc6</size>
         <input_file_ref idref="fl-4"/>
      </object_component>
      <object_component id="oc-1f0">
         <name>.debug_info</name>
         <load_address>0x662f</load_address>
         <run_address>0x662f</run_address>
         <size>0xce</size>
         <input_file_ref idref="fl-4"/>
      </object_component>
      <object_component id="oc-1ed">
         <name>.debug_info</name>
         <load_address>0x66fd</load_address>
         <run_address>0x66fd</run_address>
         <size>0xcc</size>
         <input_file_ref idref="fl-4"/>
      </object_component>
      <object_component id="oc-2f0">
         <name>.debug_info</name>
         <load_address>0x67c9</load_address>
         <run_address>0x67c9</run_address>
         <size>0xd0</size>
         <input_file_ref idref="fl-4"/>
      </object_component>
      <object_component id="oc-2f3">
         <name>.debug_info</name>
         <load_address>0x6899</load_address>
         <run_address>0x6899</run_address>
         <size>0xdb</size>
         <input_file_ref idref="fl-4"/>
      </object_component>
      <object_component id="oc-3bc">
         <name>.debug_info</name>
         <load_address>0x6974</load_address>
         <run_address>0x6974</run_address>
         <size>0xe5</size>
         <input_file_ref idref="fl-4"/>
      </object_component>
      <object_component id="oc-3bf">
         <name>.debug_info</name>
         <load_address>0x6a59</load_address>
         <run_address>0x6a59</run_address>
         <size>0xed</size>
         <input_file_ref idref="fl-4"/>
      </object_component>
      <object_component id="oc-3c2">
         <name>.debug_info</name>
         <load_address>0x6b46</load_address>
         <run_address>0x6b46</run_address>
         <size>0xe1</size>
         <input_file_ref idref="fl-4"/>
      </object_component>
      <object_component id="oc-3c5">
         <name>.debug_info</name>
         <load_address>0x6c27</load_address>
         <run_address>0x6c27</run_address>
         <size>0xdd</size>
         <input_file_ref idref="fl-4"/>
      </object_component>
      <object_component id="oc-38">
         <name>.debug_info</name>
         <load_address>0x6d04</load_address>
         <run_address>0x6d04</run_address>
         <size>0x12b</size>
         <input_file_ref idref="fl-5"/>
      </object_component>
      <object_component id="oc-10">
         <name>.debug_info</name>
         <load_address>0x6e2f</load_address>
         <run_address>0x6e2f</run_address>
         <size>0xde</size>
         <input_file_ref idref="fl-5"/>
      </object_component>
      <object_component id="oc-2b">
         <name>.debug_info</name>
         <load_address>0x6f0d</load_address>
         <run_address>0x6f0d</run_address>
         <size>0x25a</size>
         <input_file_ref idref="fl-5"/>
      </object_component>
      <object_component id="oc-e5">
         <name>.debug_info</name>
         <load_address>0x7167</load_address>
         <run_address>0x7167</run_address>
         <size>0x84</size>
         <input_file_ref idref="fl-5"/>
      </object_component>
      <object_component id="oc-7c">
         <name>.debug_info</name>
         <load_address>0x71eb</load_address>
         <run_address>0x71eb</run_address>
         <size>0x769</size>
         <input_file_ref idref="fl-6"/>
      </object_component>
      <object_component id="oc-db">
         <name>.debug_info</name>
         <load_address>0x7954</load_address>
         <run_address>0x7954</run_address>
         <size>0xd7</size>
         <input_file_ref idref="fl-6"/>
      </object_component>
      <object_component id="oc-81">
         <name>.debug_info</name>
         <load_address>0x7a2b</load_address>
         <run_address>0x7a2b</run_address>
         <size>0x10a</size>
         <input_file_ref idref="fl-6"/>
      </object_component>
      <object_component id="oc-31">
         <name>.debug_info</name>
         <load_address>0x7b35</load_address>
         <run_address>0x7b35</run_address>
         <size>0x499</size>
         <input_file_ref idref="fl-6"/>
      </object_component>
      <object_component id="oc-358">
         <name>.debug_info</name>
         <load_address>0x7fce</load_address>
         <run_address>0x7fce</run_address>
         <size>0x136</size>
         <input_file_ref idref="fl-7"/>
      </object_component>
      <object_component id="oc-34f">
         <name>.debug_info</name>
         <load_address>0x8104</load_address>
         <run_address>0x8104</run_address>
         <size>0x114</size>
         <input_file_ref idref="fl-7"/>
      </object_component>
      <object_component id="oc-352">
         <name>.debug_info</name>
         <load_address>0x8218</load_address>
         <run_address>0x8218</run_address>
         <size>0xfa</size>
         <input_file_ref idref="fl-7"/>
      </object_component>
      <object_component id="oc-355">
         <name>.debug_info</name>
         <load_address>0x8312</load_address>
         <run_address>0x8312</run_address>
         <size>0xf6</size>
         <input_file_ref idref="fl-7"/>
      </object_component>
      <object_component id="oc-1d5">
         <name>.debug_info</name>
         <load_address>0x8408</load_address>
         <run_address>0x8408</run_address>
         <size>0x1396</size>
         <input_file_ref idref="fl-7"/>
      </object_component>
      <object_component id="oc-3a6">
         <name>.debug_info</name>
         <load_address>0x979e</load_address>
         <run_address>0x979e</run_address>
         <size>0x1a6</size>
         <input_file_ref idref="fl-e"/>
      </object_component>
      <object_component id="oc-222">
         <name>.debug_info</name>
         <load_address>0x9944</load_address>
         <run_address>0x9944</run_address>
         <size>0x176</size>
         <input_file_ref idref="fl-e"/>
      </object_component>
      <object_component id="oc-21c">
         <name>.debug_info</name>
         <load_address>0x9aba</load_address>
         <run_address>0x9aba</run_address>
         <size>0x1d0</size>
         <input_file_ref idref="fl-e"/>
      </object_component>
      <object_component id="oc-4b8">
         <name>.debug_info</name>
         <load_address>0x9c8a</load_address>
         <run_address>0x9c8a</run_address>
         <size>0x86</size>
         <input_file_ref idref="fl-e"/>
      </object_component>
      <object_component id="oc-155">
         <name>.debug_info</name>
         <load_address>0x9d10</load_address>
         <run_address>0x9d10</run_address>
         <size>0x90</size>
         <input_file_ref idref="fl-e"/>
      </object_component>
      <object_component id="oc-12d">
         <name>.debug_info</name>
         <load_address>0x9da0</load_address>
         <run_address>0x9da0</run_address>
         <size>0x18b</size>
         <input_file_ref idref="fl-e"/>
      </object_component>
      <object_component id="oc-14e">
         <name>.debug_info</name>
         <load_address>0x9f2b</load_address>
         <run_address>0x9f2b</run_address>
         <size>0x1cf</size>
         <input_file_ref idref="fl-f"/>
      </object_component>
      <object_component id="oc-c6">
         <name>.debug_info</name>
         <load_address>0xa0fa</load_address>
[...]
         <value>0x5f29</value>
         <object_component_ref idref="oc-1d4"/>
      </symbol>
      <symbol id="sm-3c6">
         <name>ustrncasecmp</name>
         <value>0x69f1</value>
         <object_component_ref idref="oc-1d4"/>
      </symbol>
      <symbol id="sm-3c7">
         <name>ustrncpy</name>
         <value>0x5ed1</value>
         <object_component_ref idref="oc-1d4"/>
      </symbol>
      <symbol id="sm-3c8">
         <name>ustrlen</name>
         <value>0x6999</value>
         <object_component_ref idref="oc-1d4"/>
      </symbol>
      <symbol id="sm-3c9">
         <name>ulocaltime</name>
         <value>0x63b5</value>
         <object_component_ref idref="oc-1d4"/>
      </symbol>
      <symbol id="sm-3ca">
         <name>ustrtof</name>
         <value>0x6761</value>
         <object_component_ref idref="oc-1d4"/>
      </symbol>
      <symbol id="sm-3cb">
         <name>ustrstr</name>
         <value>0x69bb</value>
         <object_component_ref idref="oc-1d4"/>
      </symbol>
      <symbol id="sm-3cc">
         <name>ustrcmp</name>
         <value>0x6b09</value>
         <object_component_ref idref="oc-1d4"/>
      </symbol>
      <symbol id="sm-3cd">
         <name>usprintf</name>
         <value>0x6353</value>
         <object_component_ref idref="oc-1d4"/>
      </symbol>
      <symbol id="sm-3ce">
         <name>usnprintf</name>
         <value>0x6385</value>
         <object_component_ref idref="oc-1d4"/>
      </symbol>
      <symbol id="sm-3cf">
         <name>ustrtoul</name>
         <value>0x6629</value>
         <object_component_ref idref="oc-1d4"/>
      </symbol>
      <symbol id="sm-3d0">
         <name>ustrcasecmp</name>
         <value>0x6a95</value>
         <object_component_ref idref="oc-1d4"/>
      </symbol>
      <symbol id="sm-3d1">
         <name>umktime</name>
         <value>0x65b3</value>
         <object_component_ref idref="oc-1d4"/>
      </symbol>
      <symbol id="sm-3d2">
         <name>usrand</name>
         <value>0x6b1d</value>
         <object_component_ref idref="oc-1d4"/>
      </symbol>
      <symbol id="sm-3d3">
         <name>ustrncmp</name>
         <value>0x6aa9</value>
         <object_component_ref idref="oc-1d4"/>
      </symbol>
      <symbol id="sm-3d4">
         <name>urand</name>
         <value>0x6b2d</value>
         <object_component_ref idref="oc-1d4"/>
      </symbol>
      <symbol id="sm-3fc">
         <name>uDMAEnable</name>
         <value>0xb645</value>
         <object_component_ref idref="oc-21e"/>
      </symbol>
      <symbol id="sm-3fd">
         <name>uDMAControlBaseSet</name>
         <value>0xb6a5</value>
         <object_component_ref idref="oc-218"/>
      </symbol>
      <symbol id="sm-42f">
         <name>TimerLoadSet</name>
         <value>0xb601</value>
         <object_component_ref idref="oc-c5"/>
      </symbol>
      <symbol id="sm-430">
         <name>TimerEnable</name>
         <value>0xb671</value>
         <object_component_ref idref="oc-d1"/>
      </symbol>
      <symbol id="sm-431">
         <name>TimerControlTrigger</name>
         <value>0xaecd</value>
         <object_component_ref idref="oc-cb"/>
      </symbol>
      <symbol id="sm-432">
         <name>TimerConfigure</name>
         <value>0xae19</value>
         <object_component_ref idref="oc-b9"/>
      </symbol>
      <symbol id="sm-48d">
         <name>SysCtlClockSet</name>
         <value>0xa00d</value>
         <object_component_ref idref="oc-205"/>
      </symbol>
      <symbol id="sm-48e">
         <name>SysCtlDelay</name>
         <value>0xb6c5</value>
         <object_component_ref idref="oc-217"/>
      </symbol>
      <symbol id="sm-48f">
         <name>SysCtlPeripheralEnable</name>
         <value>0xb2f9</value>
         <object_component_ref idref="oc-83"/>
      </symbol>
      <symbol id="sm-490">
         <name>SysCtlClockGet</name>
         <value>0x9df5</value>
         <object_component_ref idref="oc-bf"/>
      </symbol>
      <symbol id="sm-4b6">
         <name>IntEnable</name>
         <value>0xad5d</value>
         <object_component_ref idref="oc-a7"/>
      </symbol>
      <symbol id="sm-4e3">
         <name>GPIOPinTypeGPIOOutput</name>
         <value>0xb55d</value>
         <object_component_ref idref="oc-ad"/>
      </symbol>
      <symbol id="sm-4e4">
         <name>GPIODirModeSet</name>
         <value>0xb359</value>
         <object_component_ref idref="oc-144"/>
      </symbol>
      <symbol id="sm-4e5">
         <name>GPIOPinWrite</name>
         <value>0xb6b9</value>
         <object_component_ref idref="oc-b3"/>
      </symbol>
      <symbol id="sm-4e6">
         <name>GPIOPadConfigSet</name>
         <value>0x9cc3</value>
         <object_component_ref idref="oc-13e"/>
      </symbol>
      <symbol id="sm-4fc">
         <name>FPULazyStackingEnable</name>
         <value>0xb635</value>
         <object_component_ref idref="oc-1ff"/>
      </symbol>
      <symbol id="sm-4fd">
         <name>FPUEnable</name>
         <value>0xb625</value>
         <object_component_ref idref="oc-1f9"/>
      </symbol>
      <symbol id="sm-533">
         <name>ADCSequenceEnable</name>
         <value>0xb655</value>
         <object_component_ref idref="oc-9b"/>
      </symbol>
      <symbol id="sm-534">
         <name>ADCSequenceConfigure</name>
         <value>0xb213</value>
         <object_component_ref idref="oc-8f"/>
      </symbol>
      <symbol id="sm-535">
         <name>ADCIntEnable</name>
         <value>0xb613</value>
         <object_component_ref idref="oc-a1"/>
      </symbol>
      <symbol id="sm-536">
         <name>ADCSequenceStepConfigure</name>
         <value>0xa98f</value>
         <object_component_ref idref="oc-95"/>
      </symbol>
      <symbol id="sm-537">
         <name>ADCHardwareOversampleConfigure</name>
         <value>0xb5dd</value>
         <object_component_ref idref="oc-89"/>
      </symbol>
      <symbol id="sm-558">
         <name>g_sFontCm24</name>
         <value>0x5c5c</value>
         <object_component_ref idref="oc-1dd"/>
      </symbol>
      <symbol id="sm-56a">
         <name>g_sFontCm22</name>
         <value>0x5b94</value>
         <object_component_ref idref="oc-1da"/>
      </symbol>
      <symbol id="sm-57c">
         <name>g_sFontCm20</name>
         <value>0x5acc</value>
         <object_component_ref idref="oc-23e"/>
      </symbol>
      <symbol id="sm-58e">
         <name>g_sFontCm18</name>
         <value>0x5a04</value>
         <object_component_ref idref="oc-19e"/>
      </symbol>
      <symbol id="sm-5a0">
         <name>g_sFontCm14</name>
         <value>0x593c</value>
         <object_component_ref idref="oc-1d1"/>
      </symbol>
      <symbol id="sm-5b2">
         <name>g_sFontCm12</name>
         <value>0x5874</value>
         <object_component_ref idref="oc-1e3"/>
      </symbol>
      <symbol id="sm-6a4">
         <name>g_sRoot</name>
         <value>0x20001080</value>
         <object_component_ref idref="oc-183"/>
      </symbol>
      <symbol id="sm-6a5">
         <name>WidgetMessageQueueAdd</name>
         <value>0xa0fd</value>
         <object_component_ref idref="oc-177"/>
      </symbol>
      <symbol id="sm-6a6">
         <name>WidgetMessageSendPostOrder</name>
         <value>0xa601</value>
         <object_component_ref idref="oc-3ae"/>
      </symbol>
      <symbol id="sm-6a7">
         <name>WidgetAdd</name>
         <value>0xb499</value>
         <object_component_ref idref="oc-171"/>
      </symbol>
      <symbol id="sm-6a8">
         <name>WidgetRemove</name>
         <value>0xb01d</value>
         <object_component_ref idref="oc-16b"/>
      </symbol>
      <symbol id="sm-6a9">
         <name>WidgetDefaultMsgProc</name>
         <value>0xb6d7</value>
         <object_component_ref idref="oc-2d7"/>
      </symbol>
      <symbol id="sm-6aa">
         <name>WidgetMutexPut</name>
         <value>0xb6cb</value>
         <object_component_ref idref="oc-287"/>
      </symbol>
      <symbol id="sm-6ab">
         <name>WidgetMessageQueueProcess</name>
         <value>0xac95</value>
         <object_component_ref idref="oc-224"/>
      </symbol>
      <symbol id="sm-6ac">
         <name>WidgetMutexGet</name>
         <value>0xb5b5</value>
         <object_component_ref idref="oc-286"/>
      </symbol>
      <symbol id="sm-6ad">
         <name>WidgetPointerMessage</name>
         <value>0xb541</value>
         <object_component_ref idref="oc-244"/>
      </symbol>
      <symbol id="sm-6ae">
         <name>WidgetMessageSendPreOrder</name>
         <value>0xaf25</value>
         <object_component_ref idref="oc-3a8"/>
      </symbol>
      <symbol id="sm-7e1">
         <name>GrFontInfoGet</name>
         <value>0xb42b</value>
         <object_component_ref idref="oc-33b"/>
      </symbol>
      <symbol id="sm-7e2">
         <name>GrDefaultStringRenderer</name>
         <value>0xa47b</value>
         <object_component_ref idref="oc-397"/>
      </symbol>
      <symbol id="sm-7e3">
         <name>GrFontGlyphRender</name>
         <value>0x8dd5</value>
         <object_component_ref idref="oc-4a3"/>
      </symbol>
      <symbol id="sm-7e4">
         <name>GrFontHeightGet</name>
         <value>0xb3ad</value>
         <object_component_ref idref="oc-4ec"/>
      </symbol>
      <symbol id="sm-7e5">
         <name>GrContextFontSet</name>
         <value>0xb6bf</value>
         <object_component_ref idref="oc-192"/>
      </symbol>
      <symbol id="sm-7e6">
         <name>GrFontGlyphDataGet</name>
         <value>0xb4df</value>
         <object_component_ref idref="oc-335"/>
      </symbol>
      <symbol id="sm-7e7">
         <name>GrStringDraw</name>
         <value>0xb5ef</value>
         <object_component_ref idref="oc-198"/>
      </symbol>
      <symbol id="sm-7e8">
         <name>GrFontCodepageGet</name>
         <value>0xb523</value>
         <object_component_ref idref="oc-428"/>
      </symbol>
      <symbol id="sm-7e9">
         <name>GrStringNextCharGet</name>
         <value>0xb3d7</value>
         <object_component_ref idref="oc-32f"/>
      </symbol>
      <symbol id="sm-7ea">
         <name>GrStringWidthGet</name>
         <value>0xaaf5</value>
         <object_component_ref idref="oc-1c5"/>
      </symbol>
      <symbol id="sm-7eb">
         <name>GrFontBaselineGet</name>
         <value>0xb383</value>
         <object_component_ref idref="oc-1cb"/>
      </symbol>
      <symbol id="sm-843">
         <name>SliderMsgProc</name>
         <value>0xb32d</value>
         <object_component_ref idref="oc-3b5"/>
      </symbol>
      <symbol id="sm-86e">
         <name>GrRectIntersectGet</name>
         <value>0xa90b</value>
         <object_component_ref idref="oc-531"/>
      </symbol>
      <symbol id="sm-86f">
         <name>GrRectFill</name>
         <value>0xa885</value>
         <object_component_ref idref="oc-1b3"/>
      </symbol>
      <symbol id="sm-870">
         <name>GrRectOverlapCheck</name>
         <value>0xb28b</value>
         <object_component_ref idref="oc-55e"/>
      </symbol>
      <symbol id="sm-871">
         <name>GrRectDraw</name>
         <value>0xabc9</value>
         <object_component_ref idref="oc-1b9"/>
      </symbol>
      <symbol id="sm-8b7">
         <name>RadioButtonMsgProc</name>
         <value>0xb475</value>
         <object_component_ref idref="oc-3cb"/>
      </symbol>
      <symbol id="sm-91d">
         <name>RectangularButtonMsgProc</name>
         <value>0xb501</value>
         <object_component_ref idref="oc-2e9"/>
      </symbol>
      <symbol id="sm-91e">
         <name>CircularButtonMsgProc</name>
         <value>0xb4bd</value>
         <object_component_ref idref="oc-386"/>
      </symbol>
      <symbol id="sm-981">
         <name>GrLineDrawH</name>
         <value>0xb0ff</value>
         <object_component_ref idref="oc-30e"/>
      </symbol>
      <symbol id="sm-982">
         <name>GrLineDrawV</name>
         <value>0xb145</value>
         <object_component_ref idref="oc-314"/>
      </symbol>
      <symbol id="sm-983">
         <name>GrLineDraw</name>
         <value>0x9f0d</value>
         <object_component_ref idref="oc-1a1"/>
      </symbol>
      <symbol id="sm-a71">
         <name>GrImageDraw</name>
         <value>0xb663</value>
         <object_component_ref idref="oc-1bf"/>
      </symbol>
      <symbol id="sm-aa0">
         <name>GrContextInit</name>
         <value>0xac31</value>
         <object_component_ref idref="oc-211"/>
      </symbol>
      <symbol id="sm-aa1">
         <name>GrContextClipRegionSet</name>
         <value>0xacf9</value>
         <object_component_ref idref="oc-4e6"/>
      </symbol>
      <symbol id="sm-aa2">
         <name>g_psDefaultCodePointMapTable</name>
         <value>0x5ec0</value>
         <object_component_ref idref="oc-39d"/>
      </symbol>
      <symbol id="sm-ac2">
         <name>ContainerMsgProc</name>
         <value>0xb5a1</value>
         <object_component_ref idref="oc-40b"/>
      </symbol>
      <symbol id="sm-b79">
         <name>GrCircleFill</name>
         <value>0x9a39</value>
         <object_component_ref idref="oc-1a7"/>
      </symbol>
      <symbol id="sm-b7a">
         <name>GrCircleDraw</name>
         <value>0x903b</value>
         <object_component_ref idref="oc-1ad"/>
      </symbol>
      <symbol id="sm-bad">
         <name>CheckBoxMsgProc</name>
         <value>0xb451</value>
         <object_component_ref idref="oc-378"/>
      </symbol>
      <symbol id="sm-bba">
         <name>GrMapISO8859_1_Unicode</name>
         <value>0xb6b1</value>
         <object_component_ref idref="oc-4aa"/>
      </symbol>
      <symbol id="sm-be0">
         <name>CanvasMsgProc</name>
         <value>0xb58d</value>
         <object_component_ref idref="oc-2c3"/>
      </symbol>
      <symbol id="sm-bf2">
         <name>_c_int00</name>
         <value>0xaf7d</value>
         <object_component_ref idref="oc-24"/>
      </symbol>
      <symbol id="sm-bf3">
         <name>__stack</name>
         <value>0x2000199c</value>
         <object_component_ref idref="oc-29"/>
      </symbol>
      <symbol id="sm-c0a">
         <name>__TI_decompress_none</name>
         <value>0xb67f</value>
         <object_component_ref idref="oc-12"/>
      </symbol>
      <symbol id="sm-c32">
         <name>__TI_decompress_rle24</name>
         <value>0xb6d1</value>
         <object_component_ref idref="oc-18"/>
      </symbol>
      <symbol id="sm-c44">
         <name>__TI_zero_init</name>
         <value>0xb68d</value>
         <object_component_ref idref="oc-1e"/>
      </symbol>
      <symbol id="sm-c63">
         <name>C$$EXIT</name>
         <value>0xb18d</value>
         <object_component_ref idref="oc-70"/>
      </symbol>
      <symbol id="sm-c64">
         <name>abort</name>
         <value>0xb191</value>
         <object_component_ref idref="oc-70"/>
      </symbol>
      <symbol id="sm-c65">
         <name>exit</name>
         <value>0xb199</value>
         <object_component_ref idref="oc-70"/>
      </symbol>
      <symbol id="sm-c66">
         <name>__TI_dtors_ptr</name>
         <value>0x200010e8</value>
         <object_component_ref idref="oc-111"/>
      </symbol>
      <symbol id="sm-c67">
         <name>__TI_cleanup_ptr</name>
         <value>0x200010e4</value>
         <object_component_ref idref="oc-111"/>
      </symbol>
      <symbol id="sm-c82">
         <name>memcpy</name>
         <value>0xa75d</value>
         <object_component_ref idref="oc-39"/>
      </symbol>
      <symbol id="sm-c83">
         <name>__aeabi_memcpy</name>
         <value>0xa75d</value>
         <object_component_ref idref="oc-39"/>
      </symbol>
      <symbol id="sm-c84">
         <name>__aeabi_memcpy8</name>
         <value>0xa75d</value>
         <object_component_ref idref="oc-39"/>
      </symbol>
      <symbol id="sm-c85">
         <name>__aeabi_memcpy4</name>
         <value>0xa75d</value>
         <object_component_ref idref="oc-39"/>
      </symbol>
      <symbol id="sm-c94">
         <name>__aeabi_memset</name>
         <value>0xaa11</value>
         <object_component_ref idref="oc-52"/>
      </symbol>
      <symbol id="sm-c95">
         <name>memset</name>
         <value>0xaa17</value>
         <object_component_ref idref="oc-52"/>
      </symbol>
      <symbol id="sm-c96">
         <name>__aeabi_memset8</name>
         <value>0xaa11</value>
         <object_component_ref idref="oc-52"/>
      </symbol>
      <symbol id="sm-c97">
         <name>__aeabi_memset4</name>
         <value>0xaa11</value>
         <object_component_ref idref="oc-52"/>
      </symbol>
      <symbol id="sm-c98">
         <name>__aeabi_memclr8</name>
         <value>0xaa0f</value>
         <object_component_ref idref="oc-52"/>
      </symbol>
      <symbol id="sm-c99">
         <name>__aeabi_memclr4</name>
         <value>0xaa0f</value>
         <object_component_ref idref="oc-52"/>
      </symbol>
      <symbol id="sm-c9a">
         <name>__aeabi_memclr</name>
         <value>0xaa0f</value>
         <object_component_ref idref="oc-52"/>
      </symbol>
      <symbol id="sm-ca4">
         <name>_system_pre_init</name>
         <value>0xb6db</value>
         <object_component_ref idref="oc-5e"/>
      </symbol>
      <symbol id="sm-cac">
         <name>main_func_sp</name>
         <value>0x200010ec</value>
         <object_component_ref idref="oc-76"/>
      </symbol>
      <symbol id="sm-cbf">
         <name>__aeabi_uidivmod</name>
         <value>0xb1d1</value>
         <object_component_ref idref="oc-349"/>
      </symbol>
      <symbol id="sm-cc0">
         <name>__aeabi_uidiv</name>
         <value>0xb1d1</value>
         <object_component_ref idref="oc-349"/>
      </symbol>
      <symbol id="sm-cd9">
         <name>_nop</name>
         <value>0xb5d7</value>
         <object_component_ref idref="oc-252"/>
      </symbol>
      <symbol id="sm-cda">
         <name>_lock</name>
         <value>0x200010dc</value>
         <object_component_ref idref="oc-10e"/>
      </symbol>
      <symbol id="sm-cdb">
         <name>_unlock</name>
         <value>0x200010e0</value>
         <object_component_ref idref="oc-10e"/>
      </symbol>
      <symbol id="sm-cdc">
         <name>_register_lock</name>
         <value>0xb5cf</value>
         <object_component_ref idref="oc-252"/>
      </symbol>
      <symbol id="sm-cdd">
         <name>_register_unlock</name>
         <value>0xb5c9</value>
         <object_component_ref idref="oc-252"/>
      </symbol>
      <symbol id="sm-cf2">
         <name>_args_main</name>
         <value>0xb575</value>
         <object_component_ref idref="oc-6a"/>
      </symbol>
      <symbol id="sm-d18">
         <name>__TI_auto_init</name>
         <value>0xaa89</value>
         <object_component_ref idref="oc-64"/>
      </symbol>
      <symbol id="sm-d32">
         <name>copy_in</name>
         <value>0xb069</value>
         <object_component_ref idref="oc-fe"/>
      </symbol>
      <symbol id="sm-d33">
         <name>__TI_static_base__</name>
         <value>0x0</value>
      </symbol>
      <symbol id="sm-d36">
         <name>SHT$$INIT_ARRAY$$Limit</name>
         <value>0x0</value>
      </symbol>
      <symbol id="sm-d37">
         <name>SHT$$INIT_ARRAY$$Base</name>
         <value>0x0</value>
      </symbol>
   </symbol_table>
   <title>Link successful</title>
</link_info>
