******************************************************************************
                  TI ARM Linker PC v5.2.2                      
******************************************************************************
>> Linked Fri Apr 10 13:23:15 2015

OUTPUT FILE NAME:   <lab10.out>
ENTRY POINT SYMBOL: "_c_int00"  address: 0000af7d


MEMORY CONFIGURATION

         name            origin    length      used     unused   attr    fill
----------------------  --------  ---------  --------  --------  ----  --------
  FLASH                 00000000   00040000  0000c2ae  00033d52  R  X
  SRAM                  20000000   00008000  00001a94  0000656c  RW X


SEGMENT ALLOCATION MAP

run origin  load origin   length   init length attrs members
----------  ----------- ---------- ----------- ----- -------
00000000    00000000    0000c2b0   0000c2b0    r-x
  00000000    00000000    0000026c   0000026c    r-- .intvecs
  0000026c    0000026c    00005c64   00005c64    r-- .const
  00005ed0    00005ed0    0000580e   0000580e    r-x .text
  0000b6e0    0000b6e0    00000bd0   00000bd0    r-- .cinit
20000000    20000000    000010f8   00000000    rw-
  20000000    20000000    000010f8   00000000    rw- .data
20001400    20001400    0000099c   00000000    rw-
  20001400    20001400    0000059c   00000000    rw- .bss
  2000199c    2000199c    00000400   00000000    rw- .stack


SECTION ALLOCATION MAP

 output                                  attributes/
section   page    origin      length       input sections
--------  ----  ----------  ----------   ----------------
.intvecs   0    00000000    0000026c     
                  00000000    0000026c     tm4c123gh6pm_startup_ccs.obj (.intvecs)

.const     0    0000026c    00005c64     
                  0000026c    00000a60     grlib.lib : fontcm24.obj (.const:.string:g_pui8Cm24Data)
                  00000ccc    00000960               : fontcm22.obj (.const:.string:g_pui8Cm22Data)
                  0000162c    0000095e               : fontcm20.obj (.const:.string:g_pui8Cm20Data)
                  00001f8a    00000002     --HOLE-- [fill = 0]
                  00001f8c    0000086e               : fontcm18.obj (.const:.string:g_pui8Cm18Data)
                  000027fa    0000083d     images.obj (.const:.string:g_pucRedSlider195x37)
                  00003037    00000826     images.obj (.const:.string:g_pucGreenSlider195x37)
                  0000385d    00000705     images.obj (.const:.string:g_pucGettingHotter28x148)
                  00003f62    00000002     --HOLE-- [fill = 0]
                  00003f64    0000065a     grlib.lib : fontcm14.obj (.const:.string:g_pui8Cm14Data)
                  000045be    00000002     --HOLE-- [fill = 0]
                  000045c0    0000055f               : fontcm12.obj (.const:.string:g_pui8Cm12Data)
                  00004b1f    000003ad     images.obj (.const:.string:g_pucGettingHotter28x148Mono)
                  00004ecc    00000230     images.obj (.const:.string:g_pucLogo)
                  000050fc    00000210     images.obj (.const:.string:g_pucBlue50x50)
                  0000530c    0000020e     images.obj (.const:.string:g_pucBlue50x50Press)
                  0000551a    00000002     --HOLE-- [fill = 0]
                  0000551c    0000017a     grlib_demo.obj (.const:.string)
                  00005696    000000f5     images.obj (.const:.string:g_pucLightOff)
                  0000578b    000000e6     images.obj (.const:.string:g_pucLightOn)
                  00005871    00000003     --HOLE-- [fill = 0]
                  00005874    000000c8     grlib.lib : fontcm12.obj (.const:g_sFontCm12)
                  0000593c    000000c8               : fontcm14.obj (.const:g_sFontCm14)
                  00005a04    000000c8               : fontcm18.obj (.const:g_sFontCm18)
                  00005acc    000000c8               : fontcm20.obj (.const:g_sFontCm20)
                  00005b94    000000c8               : fontcm22.obj (.const:g_sFontCm22)
                  00005c5c    000000c8               : fontcm24.obj (.const:g_sFontCm24)
                  00005d24    00000070     driverlib.lib : interrupt.obj (.const)
                  00005d94    0000006c                   : sysctl.obj (.const:g_pui32Xtals)
                  00005e00    00000038     touch.obj (.const:g_lTouchParameters)
                  00005e38    00000030     ustdlib.obj (.const:g_psDaysToMonth)
                  00005e68    00000028     Kentec320x240x16_ssd2119_8bit.obj (.const:g_sKentec320x240x16_SSD2119)
                  00005e90    0000001c     ustdlib.obj (.const)
                  00005eac    00000012     ustdlib.obj (.const:.string)
                  00005ebe    00000002     --HOLE-- [fill = 0]
                  00005ec0    00000010     grlib.lib : context.obj (.const)

.text      0    00005ed0    0000580e     
                  00005ed0    00000c84     ustdlib.obj (.text)
                  00006b54    00000b80     grlib_demo.obj (.text)
                  000076d4    00000988     Kentec320x240x16_ssd2119_8bit.obj (.text)
                  0000805c    00000460     touch.obj (.text)
                  000084bc    0000038c     grlib.lib : image.obj (.text:InternalImageDraw)
                  00008848    000002ce               : image.obj (.text:PixelTransparentDraw)
                  00008b16    000002be               : slider.obj (.text:SliderPaint)
                  00008dd4    00000266               : string.obj (.text:GrFontGlyphRender)
                  0000903a    000001fa               : circle.obj (.text:GrCircleDraw)
                  00009234    000001f8               : checkbox.obj (.text:CheckBoxPaint)
                  0000942c    000001b2               : radiobutton.obj (.text:RadioButtonPaint)
                  000095de    00000188               : canvas.obj (.text:CanvasPaint)
                  00009766    0000016e               : pushbutton.obj (.text:RectangularButtonPaint)
                  000098d4    00000164               : pushbutton.obj (.text:CircularButtonPaint)
                  00009a38    00000146               : circle.obj (.text:GrCircleFill)
                  00009b7e    00000144               : container.obj (.text:ContainerPaint)
                  00009cc2    00000130     driverlib.lib : gpio.obj (.text:GPIOPadConfigSet)
                  00009df2    00000002     --HOLE-- [fill = 0]
                  00009df4    00000118                   : sysctl.obj (.text:SysCtlClockGet)
                  00009f0c    00000100     grlib.lib : line.obj (.text:GrLineDraw)
                  0000a00c    000000f0     driverlib.lib : sysctl.obj (.text:SysCtlClockSet)
                  0000a0fc    000000f0     grlib.lib : widget.obj (.text:WidgetMessageQueueAdd)
                  0000a1ec    000000ec               : pushbutton.obj (.text:RectangularButtonClick)
                  0000a2d8    000000d2               : pushbutton.obj (.text:CircularButtonClick)
                  0000a3aa    000000d0               : slider.obj (.text:SliderClick)
                  0000a47a    000000ca               : string.obj (.text:GrDefaultStringRenderer)
                  0000a544    000000bc               : line.obj (.text:GrLineClip)
                  0000a600    000000b0               : widget.obj (.text:WidgetMessageSendPostOrder)
                  0000a6b0    000000ac               : slider.obj (.text:SliderValueToPosition)
                  0000a75c    0000009c     rtsv7M4_T_le_v4SPD16_eabi.lib : memcpy_t2.obj (.text)
                  0000a7f8    0000008c     grlib.lib : radiobutton.obj (.text:RadioButtonClick)
                  0000a884    00000086               : rectangle.obj (.text:GrRectFill)
                  0000a90a    00000084               : rectangle.obj (.text:GrRectIntersectGet)
                  0000a98e    00000080     driverlib.lib : adc.obj (.text:ADCSequenceStepConfigure)
                  0000aa0e    0000007a     rtsv7M4_T_le_v4SPD16_eabi.lib : memset_t2.obj (.text)
                  0000aa88    0000006c                                   : autoinit.obj (.text)
                  0000aaf4    0000006a     grlib.lib : string.obj (.text:GrStringWidthGet)
                  0000ab5e    0000006a     rtsv7M4_T_le_v4SPD16_eabi.lib : copy_decompress_rle.obj (.text)
                  0000abc8    00000066     grlib.lib : rectangle.obj (.text:GrRectDraw)
                  0000ac2e    00000002     --HOLE-- [fill = 0]
                  0000ac30    00000064               : context.obj (.text:GrContextInit)
                  0000ac94    00000064               : widget.obj (.text:WidgetMessageQueueProcess)
                  0000acf8    00000062               : context.obj (.text:GrContextClipRegionSet)
                  0000ad5a    00000002     --HOLE-- [fill = 0]
                  0000ad5c    00000060     driverlib.lib : interrupt.obj (.text:IntEnable)
                  0000adbc    0000005c     grlib.lib : string.obj (.text:FontWideGlyphDataGet)
                  0000ae18    0000005c     driverlib.lib : timer.obj (.text:TimerConfigure)
                  0000ae74    00000058     grlib.lib : slider.obj (.text:SliderPositionToValue)
                  0000aecc    00000058     driverlib.lib : timer.obj (.text:TimerControlTrigger)
                  0000af24    00000056     grlib.lib : widget.obj (.text:WidgetMessageSendPreOrder)
                  0000af7a    00000002     --HOLE-- [fill = 0]
                  0000af7c    00000050     rtsv7M4_T_le_v4SPD16_eabi.lib : boot.obj (.text)
                  0000afcc    0000004e     grlib.lib : checkbox.obj (.text:CheckBoxClick)
                  0000b01a    00000002     --HOLE-- [fill = 0]
                  0000b01c    0000004c               : widget.obj (.text:WidgetRemove)
                  0000b068    0000004c     rtsv7M4_T_le_v4SPD16_eabi.lib : cpy_tbl.obj (.text)
                  0000b0b4    0000004a     grlib.lib : string.obj (.text:UpdateContextCharMapping)
                  0000b0fe    00000046               : line.obj (.text:GrLineDrawH)
                  0000b144    00000046               : line.obj (.text:GrLineDrawV)
                  0000b18a    00000002     --HOLE-- [fill = 0]
                  0000b18c    00000044     rtsv7M4_T_le_v4SPD16_eabi.lib : exit.obj (.text)
                  0000b1d0    00000042                                   : u_divt2.obj (.text)
                  0000b212    0000003e     driverlib.lib : adc.obj (.text:ADCSequenceConfigure)
                  0000b250    0000003a     grlib.lib : string.obj (.text:FontGlyphDataGet)
                  0000b28a    00000038               : rectangle.obj (.text:GrRectOverlapCheck)
                  0000b2c2    00000036               : line.obj (.text:GrClipCodeGet)
                  0000b2f8    00000034     driverlib.lib : sysctl.obj (.text:SysCtlPeripheralEnable)
                  0000b32c    0000002c     grlib.lib : slider.obj (.text:SliderMsgProc)
                  0000b358    0000002a     driverlib.lib : gpio.obj (.text:GPIODirModeSet)
                  0000b382    0000002a     grlib.lib : string.obj (.text:GrFontBaselineGet)
                  0000b3ac    0000002a               : string.obj (.text:GrFontHeightGet)
                  0000b3d6    0000002a               : string.obj (.text:GrStringNextCharGet)
                  0000b400    0000002a               : widget.obj (.text:WidgetIsInTree)
                  0000b42a    00000026               : string.obj (.text:GrFontInfoGet)
                  0000b450    00000024               : checkbox.obj (.text:CheckBoxMsgProc)
                  0000b474    00000024               : radiobutton.obj (.text:RadioButtonMsgProc)
                  0000b498    00000024               : widget.obj (.text:WidgetAdd)
                  0000b4bc    00000022               : pushbutton.obj (.text:CircularButtonMsgProc)
                  0000b4de    00000022               : string.obj (.text:GrFontGlyphDataGet)
                  0000b500    00000022               : pushbutton.obj (.text:RectangularButtonMsgProc)
                  0000b522    0000001e               : string.obj (.text:GrFontCodepageGet)
                  0000b540    0000001c               : widget.obj (.text:WidgetPointerMessage)
                  0000b55c    00000018     driverlib.lib : gpio.obj (.text:GPIOPinTypeGPIOOutput)
                  0000b574    00000018     rtsv7M4_T_le_v4SPD16_eabi.lib : args_main.obj (.text)
                  0000b58c    00000014     grlib.lib : canvas.obj (.text:CanvasMsgProc)
                  0000b5a0    00000014               : container.obj (.text:ContainerMsgProc)
                  0000b5b4    00000014               : widget.obj (.text:WidgetMutexGet)
                  0000b5c8    00000014     rtsv7M4_T_le_v4SPD16_eabi.lib : _lock.obj (.text)
                  0000b5dc    00000012     driverlib.lib : adc.obj (.text:ADCHardwareOversampleConfigure)
                  0000b5ee    00000012     grlib.lib : string.obj (.text:GrStringDraw)
                  0000b600    00000012     driverlib.lib : timer.obj (.text:TimerLoadSet)
                  0000b612    00000010                   : adc.obj (.text:ADCIntEnable)
                  0000b622    00000002     --HOLE-- [fill = 0]
                  0000b624    00000010                   : fpu.obj (.text:FPUEnable)
                  0000b634    00000010                   : fpu.obj (.text:FPULazyStackingEnable)
                  0000b644    00000010                   : udma.obj (.text:uDMAEnable)
                  0000b654    0000000e                   : adc.obj (.text:ADCSequenceEnable)
                  0000b662    0000000e     grlib.lib : image.obj (.text:GrImageDraw)
                  0000b670    0000000e     driverlib.lib : timer.obj (.text:TimerEnable)
                  0000b67e    0000000e     rtsv7M4_T_le_v4SPD16_eabi.lib : copy_decompress_none.obj (.text:decompress:none)
                  0000b68c    0000000c                                   : copy_zero_init.obj (.text:decompress:ZI)
                  0000b698    0000000c     tm4c123gh6pm_startup_ccs.obj (.text)
                  0000b6a4    0000000c     driverlib.lib : udma.obj (.text:uDMAControlBaseSet)
                  0000b6b0    00000008     grlib.lib : charmap.obj (.text:GrMapISO8859_1_Unicode)
                  0000b6b8    00000006     driverlib.lib : gpio.obj (.text:GPIOPinWrite)
                  0000b6be    00000006     grlib.lib : string.obj (.text:GrContextFontSet)
                  0000b6c4    00000006     driverlib.lib : sysctl.obj (.text:SysCtlDelay)
                  0000b6ca    00000006     grlib.lib : widget.obj (.text:WidgetMutexPut)
                  0000b6d0    00000006     rtsv7M4_T_le_v4SPD16_eabi.lib : copy_decompress_rle.obj (.text:decompress:rle24)
                  0000b6d6    00000004     grlib.lib : widget.obj (.text:WidgetDefaultMsgProc)
                  0000b6da    00000004     rtsv7M4_T_le_v4SPD16_eabi.lib : pre_init.obj (.text)

.cinit     0    0000b6e0    00000bd0     
                  0000b6e0    00000ba9     (.cinit..data.load) [load image, compression = rle]
                  0000c289    00000003     --HOLE-- [fill = 0]
                  0000c28c    0000000c     (__TI_handler_table)
                  0000c298    00000008     (.cinit..bss.load) [load image, compression = zero_init]
                  0000c2a0    00000010     (__TI_cinit_table)

.init_array 
*          0    00000000    00000000     UNINITIALIZED

.data      0    20000000    000010f8     UNINITIALIZED
                  20000000    00000280     grlib_demo.obj (.data:g_psPushButtonIndicators)
                  20000280    00000228     grlib_demo.obj (.data:g_psSliders)
                  200004a8    00000200     grlib_demo.obj (.data:g_psPanels)
                  200006a8    000001e0     grlib_demo.obj (.data:g_psPushButtons)
                  20000888    00000180     grlib_demo.obj (.data:g_psRadioButtonIndicators)
                  20000a08    000000c0     grlib_demo.obj (.data:g_psCheckBoxIndicators)
                  20000ac8    000000c0     grlib_demo.obj (.data:g_psCheckBoxes)
                  20000b88    000000c0     grlib_demo.obj (.data:g_psRadioButtons1)
                  20000c48    000000c0     grlib_demo.obj (.data:g_psRadioButtons2)
                  20000d08    00000070     grlib_demo.obj (.data:g_psRadioContainers)
                  20000d78    00000050     grlib_demo.obj (.data:g_sNext)
                  20000dc8    00000050     grlib_demo.obj (.data:g_sPrevious)
                  20000e18    00000040     grlib_demo.obj (.data:g_sCanvas1)
                  20000e58    00000040     grlib_demo.obj (.data:g_sCanvas2)
                  20000e98    00000040     grlib_demo.obj (.data:g_sCanvas3)
                  20000ed8    00000040     grlib_demo.obj (.data:g_sIntroduction)
                  20000f18    00000040     grlib_demo.obj (.data:g_sPrimitives)
                  20000f58    00000040     grlib_demo.obj (.data:g_sSliderValueCanvas)
                  20000f98    00000040     grlib_demo.obj (.data:g_sTitle)
                  20000fd8    00000038     grlib_demo.obj (.data:g_sContainer1)
                  20001010    00000038     grlib_demo.obj (.data:g_sContainer2)
                  20001048    00000038     grlib_demo.obj (.data:g_sContainer3)
                  20001080    0000002d     grlib.lib : widget.obj (.data)
                  200010ad    00000003     --HOLE--
                  200010b0    00000024     grlib_demo.obj (.data:g_pcPanelNames)
                  200010d4    00000008     Kentec320x240x16_ssd2119_8bit.obj (.data)
                  200010dc    00000008     rtsv7M4_T_le_v4SPD16_eabi.lib : _lock.obj (.data)
                  200010e4    00000008                                   : exit.obj (.data)
                  200010ec    00000004                                   : stkdepth_vars.obj (.data)
                  200010f0    00000004     touch.obj (.data)
                  200010f4    00000004     ustdlib.obj (.data)

.bss       0    20001400    0000059c     UNINITIALIZED
                  20001400    00000400     grlib_demo.obj (.bss:sDMAControlTable)
                  20001800    00000140     grlib.lib : widget.obj (.bss:g_psMQ)
                  20001940    00000020               : image.obj (.bss)
                  20001960    00000010     (.common:g_psSamples)
                  20001970    00000008     (.common:pcCanvasText$1)
                  20001978    00000008     (.common:pcSliderText$2)
                  20001980    00000004               : context.obj (.bss)
                  20001984    00000004     (.common:g_pfnTSHandler)
                  20001988    00000004     (.common:g_plParmSet)
                  2000198c    00000004     (.common:g_ulButtonState)
                  20001990    00000004     (.common:g_ulPanel)
                  20001994    00000004     (.common:g_ulTSState)
                  20001998    00000002     (.common:g_sTouchX)
                  2000199a    00000002     (.common:g_sTouchY)

.TI.persistent 
*          0    20000000    00000000     UNINITIALIZED

.TI.noinit 
*          0    20001400    00000000     UNINITIALIZED

.stack     0    2000199c    00000400     UNINITIALIZED
                  2000199c    00000400     --HOLE--


LINKER GENERATED COPY TABLES

__TI_cinit_table @ 0000c2a0 records: 2, size/record: 8, table size: 16
	.data: load addr=0000b6e0, load size=00000ba9 bytes, run addr=20000000, run size=000010f8 bytes, compression=rle
	.bss: load addr=0000c298, load size=00000008 bytes, run addr=20001400, run size=0000059c bytes, compression=zero_init


LINKER GENERATED HANDLER TABLE

__TI_handler_table @ 0000c28c records: 3, size/record: 4, table size: 12
	index: 0, handler: __TI_decompress_rle24
	index: 1, handler: __TI_decompress_none
	index: 2, handler: __TI_zero_init


GLOBAL SYMBOLS: SORTED ALPHABETICALLY BY Name 

address   name                          
-------   ----                          
0000b5dd  ADCHardwareOversampleConfigure
0000b613  ADCIntEnable                  
0000b213  ADCSequenceConfigure          
0000b655  ADCSequenceEnable             
0000a98f  ADCSequenceStepConfigure      
0000b18d  C$$EXIT                       
0000b58d  CanvasMsgProc                 
0000b451  CheckBoxMsgProc               
0000b4bd  CircularButtonMsgProc         
0000b5a1  ContainerMsgProc              
0000b625  FPUEnable                     
0000b635  FPULazyStackingEnable         
0000b359  GPIODirModeSet                
00009cc3  GPIOPadConfigSet              
0000b55d  GPIOPinTypeGPIOOutput         
0000b6b9  GPIOPinWrite                  
0000903b  GrCircleDraw                  
00009a39  GrCircleFill                  
0000acf9  GrContextClipRegionSet        
0000b6bf  GrContextFontSet              
0000ac31  GrContextInit                 
0000a47b  GrDefaultStringRenderer       
0000b383  GrFontBaselineGet             
0000b523  GrFontCodepageGet             
0000b4df  GrFontGlyphDataGet            
00008dd5  GrFontGlyphRender             
0000b3ad  GrFontHeightGet               
0000b42b  GrFontInfoGet                 
0000b663  GrImageDraw                   
00009f0d  GrLineDraw                    
0000b0ff  GrLineDrawH                   
0000b145  GrLineDrawV                   
0000b6b1  GrMapISO8859_1_Unicode        
0000abc9  GrRectDraw                    
0000a885  GrRectFill                    
0000a90b  GrRectIntersectGet            
0000b28b  GrRectOverlapCheck            
0000b5ef  GrStringDraw                  
0000b3d7  GrStringNextCharGet           
0000aaf5  GrStringWidthGet              
0000ad5d  IntEnable                     
00007889  Kentec320x240x16_SSD2119Init  
000076ef  LED_OFF                       
000076d5  LED_ON                        
00007315  OnButtonPress                 
000071fb  OnCanvasPaint                 
00007299  OnCheckChange                 
00006d89  OnIntroPaint                  
00006c5f  OnNext                        
00006b55  OnPrevious                    
00006fad  OnPrimitivePaint              
00007469  OnRadioChange                 
000073b5  OnSliderChange                
0000b475  RadioButtonMsgProc            
0000b501  RectangularButtonMsgProc      
0000b699  ResetISR                      
UNDEFED   SHT$$INIT_ARRAY$$Base         
UNDEFED   SHT$$INIT_ARRAY$$Limit        
0000b32d  SliderMsgProc                 
00009df5  SysCtlClockGet                
0000a00d  SysCtlClockSet                
0000b6c5  SysCtlDelay                   
0000b2f9  SysCtlPeripheralEnable        
0000ae19  TimerConfigure                
0000aecd  TimerControlTrigger           
0000b671  TimerEnable                   
0000b601  TimerLoadSet                  
00008451  TouchScreenCallbackSet        
00008385  TouchScreenInit               
0000824f  TouchScreenIntHandler         
0000b499  WidgetAdd                     
0000b6d7  WidgetDefaultMsgProc          
0000a0fd  WidgetMessageQueueAdd         
0000ac95  WidgetMessageQueueProcess     
0000a601  WidgetMessageSendPostOrder    
0000af25  WidgetMessageSendPreOrder     
0000b5b5  WidgetMutexGet                
0000b6cb  WidgetMutexPut                
0000b541  WidgetPointerMessage          
0000b01d  WidgetRemove                  
200010d8  WriteCommand                  
200010d4  WriteData                     
20001d9c  __STACK_END                   
00000400  __STACK_SIZE                  
20001d9c  __STACK_TOP                   
0000c2a0  __TI_CINIT_Base               
0000c2b0  __TI_CINIT_Limit              
0000c28c  __TI_Handler_Table_Base       
0000c298  __TI_Handler_Table_Limit      
0000aa89  __TI_auto_init                
200010e4  __TI_cleanup_ptr              
0000b67f  __TI_decompress_none          
0000b6d1  __TI_decompress_rle24         
200010e8  __TI_dtors_ptr                
00000000  __TI_static_base__            
0000b68d  __TI_zero_init                
0000aa0f  __aeabi_memclr                
0000aa0f  __aeabi_memclr4               
0000aa0f  __aeabi_memclr8               
0000a75d  __aeabi_memcpy                
0000a75d  __aeabi_memcpy4               
0000a75d  __aeabi_memcpy8               
0000aa11  __aeabi_memset                
0000aa11  __aeabi_memset4               
0000aa11  __aeabi_memset8               
0000b1d1  __aeabi_uidiv                 
0000b1d1  __aeabi_uidivmod              
ffffffff  __binit__                     
ffffffff  __c_args__                    
2000199c  __stack                       
0000b575  _args_main                    
0000af7d  _c_int00                      
200010dc  _lock                         
0000b5d7  _nop                          
0000b5cf  _register_lock                
0000b5c9  _register_unlock              
0000b6db  _system_pre_init              
200010e0  _unlock                       
0000b191  abort                         
ffffffff  binit                         
0000b069  copy_in                       
0000b199  exit                          
00005e00  g_lTouchParameters            
200010b0  g_pcPanelNames                
00000000  g_pfnVectors                  
20001988  g_plParmSet                   
20000a08  g_psCheckBoxIndicators        
20000ac8  g_psCheckBoxes                
00005ec0  g_psDefaultCodePointMapTable  
200004a8  g_psPanels                    
20000000  g_psPushButtonIndicators      
200006a8  g_psPushButtons               
20000888  g_psRadioButtonIndicators     
20000b88  g_psRadioButtons1             
20000c48  g_psRadioButtons2             
20000d08  g_psRadioContainers           
20000280  g_psSliders                   
000050fc  g_pucBlue50x50                
0000530c  g_pucBlue50x50Press           
0000385d  g_pucGettingHotter28x148      
00004b1f  g_pucGettingHotter28x148Mono  
00003037  g_pucGreenSlider195x37        
00005696  g_pucLightOff                 
0000578b  g_pucLightOn                  
00004ecc  g_pucLogo                     
000027fa  g_pucRedSlider195x37          
20000e18  g_sCanvas1                    
20000e58  g_sCanvas2                    
20000e98  g_sCanvas3                    
20000fd8  g_sContainer1                 
20001010  g_sContainer2                 
20001048  g_sContainer3                 
00005874  g_sFontCm12                   
0000593c  g_sFontCm14                   
00005a04  g_sFontCm18                   
00005acc  g_sFontCm20                   
00005b94  g_sFontCm22                   
00005c5c  g_sFontCm24                   
20000ed8  g_sIntroduction               
00005e68  g_sKentec320x240x16_SSD2119   
20000d78  g_sNext                       
20000dc8  g_sPrevious                   
20000f18  g_sPrimitives                 
20001080  g_sRoot                       
20000f58  g_sSliderValueCanvas          
20000f98  g_sTitle                      
200010f0  g_sTouchMin                   
20001998  g_sTouchX                     
2000199a  g_sTouchY                     
2000198c  g_ulButtonState               
20001990  g_ulPanel                     
00007525  main                          
200010ec  main_func_sp                  
0000a75d  memcpy                        
0000aa17  memset                        
20001400  sDMAControlTable              
0000b6a5  uDMAControlBaseSet            
0000b645  uDMAEnable                    
000063b5  ulocaltime                    
000065b3  umktime                       
00006b2d  urand                         
00006385  usnprintf                     
00006353  usprintf                      
00006b1d  usrand                        
00006a95  ustrcasecmp                   
00006b09  ustrcmp                       
00006999  ustrlen                       
000069f1  ustrncasecmp                  
00006aa9  ustrncmp                      
00005ed1  ustrncpy                      
000069bb  ustrstr                       
00006761  ustrtof                       
00006629  ustrtoul                      
00005f29  uvsnprintf                    


GLOBAL SYMBOLS: SORTED BY Symbol Address 

address   name                          
-------   ----                          
00000000  __TI_static_base__            
00000000  g_pfnVectors                  
00000400  __STACK_SIZE                  
000027fa  g_pucRedSlider195x37          
00003037  g_pucGreenSlider195x37        
0000385d  g_pucGettingHotter28x148      
00004b1f  g_pucGettingHotter28x148Mono  
00004ecc  g_pucLogo                     
000050fc  g_pucBlue50x50                
0000530c  g_pucBlue50x50Press           
00005696  g_pucLightOff                 
0000578b  g_pucLightOn                  
00005874  g_sFontCm12                   
0000593c  g_sFontCm14                   
00005a04  g_sFontCm18                   
00005acc  g_sFontCm20                   
00005b94  g_sFontCm22                   
00005c5c  g_sFontCm24                   
00005e00  g_lTouchParameters            
00005e68  g_sKentec320x240x16_SSD2119   
00005ec0  g_psDefaultCodePointMapTable  
00005ed1  ustrncpy                      
00005f29  uvsnprintf                    
00006353  usprintf                      
00006385  usnprintf                     
000063b5  ulocaltime                    
000065b3  umktime                       
00006629  ustrtoul                      
00006761  ustrtof                       
00006999  ustrlen                       
000069bb  ustrstr                       
000069f1  ustrncasecmp                  
00006a95  ustrcasecmp                   
00006aa9  ustrncmp                      
00006b09  ustrcmp                       
00006b1d  usrand                        
00006b2d  urand                         
00006b55  OnPrevious                    
00006c5f  OnNext                        
00006d89  OnIntroPaint                  
00006fad  OnPrimitivePaint              
000071fb  OnCanvasPaint                 
00007299  OnCheckChange                 
00007315  OnButtonPress                 
000073b5  OnSliderChange                
00007469  OnRadioChange                 
00007525  main                          
000076d5  LED_ON                        
000076ef  LED_OFF                       
00007889  Kentec320x240x16_SSD2119Init  
0000824f  TouchScreenIntHandler         
00008385  TouchScreenInit               
00008451  TouchScreenCallbackSet        
00008dd5  GrFontGlyphRender             
0000903b  GrCircleDraw                  
00009a39  GrCircleFill                  
00009cc3  GPIOPadConfigSet              
00009df5  SysCtlClockGet                
00009f0d  GrLineDraw                    
0000a00d  SysCtlClockSet                
0000a0fd  WidgetMessageQueueAdd         
0000a47b  GrDefaultStringRenderer       
0000a601  WidgetMessageSendPostOrder    
0000a75d  __aeabi_memcpy                
0000a75d  __aeabi_memcpy4               
0000a75d  __aeabi_memcpy8               
0000a75d  memcpy                        
0000a885  GrRectFill                    
0000a90b  GrRectIntersectGet            
0000a98f  ADCSequenceStepConfigure      
0000aa0f  __aeabi_memclr                
0000aa0f  __aeabi_memclr4               
0000aa0f  __aeabi_memclr8               
0000aa11  __aeabi_memset                
0000aa11  __aeabi_memset4               
0000aa11  __aeabi_memset8               
0000aa17  memset                        
0000aa89  __TI_auto_init                
0000aaf5  GrStringWidthGet              
0000abc9  GrRectDraw                    
0000ac31  GrContextInit                 
0000ac95  WidgetMessageQueueProcess     
0000acf9  GrContextClipRegionSet        
0000ad5d  IntEnable                     
0000ae19  TimerConfigure                
0000aecd  TimerControlTrigger           
0000af25  WidgetMessageSendPreOrder     
0000af7d  _c_int00                      
0000b01d  WidgetRemove                  
0000b069  copy_in                       
0000b0ff  GrLineDrawH                   
0000b145  GrLineDrawV                   
0000b18d  C$$EXIT                       
0000b191  abort                         
0000b199  exit                          
0000b1d1  __aeabi_uidiv                 
0000b1d1  __aeabi_uidivmod              
0000b213  ADCSequenceConfigure          
0000b28b  GrRectOverlapCheck            
0000b2f9  SysCtlPeripheralEnable        
0000b32d  SliderMsgProc                 
0000b359  GPIODirModeSet                
0000b383  GrFontBaselineGet             
0000b3ad  GrFontHeightGet               
0000b3d7  GrStringNextCharGet           
0000b42b  GrFontInfoGet                 
0000b451  CheckBoxMsgProc               
0000b475  RadioButtonMsgProc            
0000b499  WidgetAdd                     
0000b4bd  CircularButtonMsgProc         
0000b4df  GrFontGlyphDataGet            
0000b501  RectangularButtonMsgProc      
0000b523  GrFontCodepageGet             
0000b541  WidgetPointerMessage          
0000b55d  GPIOPinTypeGPIOOutput         
0000b575  _args_main                    
0000b58d  CanvasMsgProc                 
0000b5a1  ContainerMsgProc              
0000b5b5  WidgetMutexGet                
0000b5c9  _register_unlock              
0000b5cf  _register_lock                
0000b5d7  _nop                          
0000b5dd  ADCHardwareOversampleConfigure
0000b5ef  GrStringDraw                  
0000b601  TimerLoadSet                  
0000b613  ADCIntEnable                  
0000b625  FPUEnable                     
0000b635  FPULazyStackingEnable         
0000b645  uDMAEnable                    
0000b655  ADCSequenceEnable             
0000b663  GrImageDraw                   
0000b671  TimerEnable                   
0000b67f  __TI_decompress_none          
0000b68d  __TI_zero_init                
0000b699  ResetISR                      
0000b6a5  uDMAControlBaseSet            
0000b6b1  GrMapISO8859_1_Unicode        
0000b6b9  GPIOPinWrite                  
0000b6bf  GrContextFontSet              
0000b6c5  SysCtlDelay                   
0000b6cb  WidgetMutexPut                
0000b6d1  __TI_decompress_rle24         
0000b6d7  WidgetDefaultMsgProc          
0000b6db  _system_pre_init              
0000c28c  __TI_Handler_Table_Base       
0000c298  __TI_Handler_Table_Limit      
0000c2a0  __TI_CINIT_Base               
0000c2b0  __TI_CINIT_Limit              
20000000  g_psPushButtonIndicators      
20000280  g_psSliders                   
200004a8  g_psPanels                    
200006a8  g_psPushButtons               
20000888  g_psRadioButtonIndicators     
20000a08  g_psCheckBoxIndicators        
20000ac8  g_psCheckBoxes                
20000b88  g_psRadioButtons1             
20000c48  g_psRadioButtons2             
20000d08  g_psRadioContainers           
20000d78  g_sNext                       
20000dc8  g_sPrevious                   
20000e18  g_sCanvas1                    
20000e58  g_sCanvas2                    
20000e98  g_sCanvas3                    
20000ed8  g_sIntroduction               
20000f18  g_sPrimitives                 
20000f58  g_sSliderValueCanvas          
20000f98  g_sTitle                      
20000fd8  g_sContainer1                 
20001010  g_sContainer2                 
20001048  g_sContainer3                 
20001080  g_sRoot                       
200010b0  g_pcPanelNames                
200010d4  WriteData                     
200010d8  WriteCommand                  
200010dc  _lock                         
200010e0  _unlock                       
200010e4  __TI_cleanup_ptr              
200010e8  __TI_dtors_ptr                
200010ec  main_func_sp                  
200010f0  g_sTouchMin                   
20001400  sDMAControlTable              
20001988  g_plParmSet                   
2000198c  g_ulButtonState               
20001990  g_ulPanel                     
20001998  g_sTouchX                     
2000199a  g_sTouchY                     
2000199c  __stack                       
20001d9c  __STACK_END                   
20001d9c  __STACK_TOP                   
ffffffff  __binit__                     
ffffffff  __c_args__                    
ffffffff  binit                         
UNDEFED   SHT$$INIT_ARRAY$$Base         
UNDEFED   SHT$$INIT_ARRAY$$Limit        

[194 symbols]
