******************************************************************************
                  TI ARM Linker PC v5.2.2                      
******************************************************************************
>> Linked Mon May 04 13:08:07 2015

OUTPUT FILE NAME:   <LCDandTimer.out>
ENTRY POINT SYMBOL: "_c_int00"  address: 000094b9


MEMORY CONFIGURATION

         name            origin    length      used     unused   attr    fill
----------------------  --------  ---------  --------  --------  ----  --------
  FLASH                 00000000   00040000  00009988  00036678  R  X
  SRAM                  20000000   00008000  00000488  00007b78  RW X


SEGMENT ALLOCATION MAP

run origin  load origin   length   init length attrs members
----------  ----------- ---------- ----------- ----- -------
00000000    00000000    00009988   00009988    r-x
  00000000    00000000    0000026c   0000026c    r-- .intvecs
  0000026c    0000026c    00006cd4   00006cd4    r-- .const
  00006f40    00006f40    00002a08   00002a08    r-x .text
  00009948    00009948    00000040   00000040    r-- .cinit
20000000    20000000    00000488   00000000    rw-
  20000000    20000000    00000400   00000000    rw- .stack
  20000400    20000400    00000064   00000000    rw- .bss
  20000464    20000464    00000024   00000000    rw- .data


SECTION ALLOCATION MAP

 output                                  attributes/
section   page    origin      length       input sections
--------  ----  ----------  ----------   ----------------
.intvecs   0    00000000    0000026c     
                  00000000    0000026c     tm4c123gh6pm_startup_ccs.obj (.intvecs)

.const     0    0000026c    00006cd4     
                  0000026c    00005d82     pic.obj (.const:.string:g_pui8Image)
                  00005fee    00000002     --HOLE-- [fill = 0]
                  00005ff0    00000cb4     grlib.lib : fontcmss30b.obj (.const:.string:g_pui8Cmss30bData)
                  00006ca4    000000c8               : fontcmss30b.obj (.const:g_sFontCmss30b)
                  00006d6c    00000090     driverlib.lib : gpio.obj (.const:g_pui32GPIOBaseAddrs)
                  00006dfc    00000070                   : interrupt.obj (.const)
                  00006e6c    0000006c                   : sysctl.obj (.const:g_pui32Xtals)
                  00006ed8    00000028     Kentec320x240x16_ssd2119_8bit.obj (.const:g_sKentec320x240x16_SSD2119)
                  00006f00    0000001c     main.obj (.const)
                  00006f1c    00000012     main.obj (.const:.string)
                  00006f2e    00000002     --HOLE-- [fill = 0]
                  00006f30    00000010     grlib.lib : context.obj (.const)

.text      0    00006f40    00002a08     
                  00006f40    00000ad8     main.obj (.text)
                  00007a18    00000988     Kentec320x240x16_ssd2119_8bit.obj (.text)
                  000083a0    0000038c     grlib.lib : image.obj (.text:InternalImageDraw)
                  0000872c    000002ce               : image.obj (.text:PixelTransparentDraw)
                  000089fa    00000266               : string.obj (.text:GrFontGlyphRender)
                  00008c60    00000130     driverlib.lib : gpio.obj (.text:GPIOPadConfigSet)
                  00008d90    00000118                   : sysctl.obj (.text:SysCtlClockGet)
                  00008ea8    000000f0                   : sysctl.obj (.text:SysCtlClockSet)
                  00008f98    000000ca     grlib.lib : string.obj (.text:GrDefaultStringRenderer)
                  00009062    0000009c     rtsv7M4_T_le_v4SPD16_eabi.lib : memcpy_t2.obj (.text)
                  000090fe    00000086     grlib.lib : rectangle.obj (.text:GrRectFill)
                  00009184    0000007a     rtsv7M4_T_le_v4SPD16_eabi.lib : memset_t2.obj (.text)
                  000091fe    00000002     --HOLE-- [fill = 0]
                  00009200    0000006c                                   : autoinit.obj (.text)
                  0000926c    0000006a                                   : copy_decompress_rle.obj (.text)
                  000092d6    00000066     grlib.lib : rectangle.obj (.text:GrRectDraw)
                  0000933c    00000064               : context.obj (.text:GrContextInit)
                  000093a0    00000060     driverlib.lib : interrupt.obj (.text:IntEnable)
                  00009400    0000005c     grlib.lib : string.obj (.text:FontWideGlyphDataGet)
                  0000945c    0000005c     driverlib.lib : timer.obj (.text:TimerConfigure)
                  000094b8    00000050     rtsv7M4_T_le_v4SPD16_eabi.lib : boot.obj (.text)
                  00009508    0000004c                                   : cpy_tbl.obj (.text)
                  00009554    0000004a     grlib.lib : string.obj (.text:UpdateContextCharMapping)
                  0000959e    00000002     --HOLE-- [fill = 0]
                  000095a0    00000048     driverlib.lib : gpio.obj (.text:GPIOPinConfigure)
                  000095e8    00000046     grlib.lib : line.obj (.text:GrLineDrawH)
                  0000962e    00000046               : line.obj (.text:GrLineDrawV)
                  00009674    00000044     rtsv7M4_T_le_v4SPD16_eabi.lib : exit.obj (.text)
                  000096b8    00000042                                   : u_divt2.obj (.text)
                  000096fa    0000003a     grlib.lib : string.obj (.text:FontGlyphDataGet)
                  00009734    00000034     driverlib.lib : sysctl.obj (.text:SysCtlPeripheralEnable)
                  00009768    0000002a                   : gpio.obj (.text:GPIODirModeSet)
                  00009792    0000002a     grlib.lib : string.obj (.text:GrStringNextCharGet)
                  000097bc    00000026               : string.obj (.text:GrFontInfoGet)
                  000097e2    00000022               : string.obj (.text:GrFontGlyphDataGet)
                  00009804    0000001e               : string.obj (.text:GrFontCodepageGet)
                  00009822    00000018     driverlib.lib : gpio.obj (.text:GPIOPinTypeGPIOOutput)
                  0000983a    00000002     --HOLE-- [fill = 0]
                  0000983c    00000018     rtsv7M4_T_le_v4SPD16_eabi.lib : args_main.obj (.text)
                  00009854    00000014                                   : _lock.obj (.text)
                  00009868    00000012     driverlib.lib : gpio.obj (.text:GPIOPinTypeTimer)
                  0000987a    00000012     grlib.lib : string.obj (.text:GrStringDraw)
                  0000988c    00000012     driverlib.lib : timer.obj (.text:TimerControlEvent)
                  0000989e    00000012                   : timer.obj (.text:TimerLoadSet)
                  000098b0    0000000e     grlib.lib : image.obj (.text:GrImageDraw)
                  000098be    0000000e     driverlib.lib : timer.obj (.text:TimerEnable)
                  000098cc    0000000e     rtsv7M4_T_le_v4SPD16_eabi.lib : copy_decompress_none.obj (.text:decompress:none)
                  000098da    0000000c     driverlib.lib : cpu.obj (.text:CPUcpsie)
                  000098e6    0000000c     rtsv7M4_T_le_v4SPD16_eabi.lib : copy_zero_init.obj (.text:decompress:ZI)
                  000098f2    0000000c     tm4c123gh6pm_startup_ccs.obj (.text)
                  000098fe    0000000a     driverlib.lib : interrupt.obj (.text:IntMasterEnable)
                  00009908    0000000a                   : timer.obj (.text:TimerValueGet)
                  00009912    00000008     grlib.lib : charmap.obj (.text:GrMapISO8859_1_Unicode)
                  0000991a    00000008     driverlib.lib : timer.obj (.text:TimerIntEnable)
                  00009922    00000006                   : gpio.obj (.text:GPIOPinWrite)
                  00009928    00000006     grlib.lib : string.obj (.text:GrContextFontSet)
                  0000992e    00000006     driverlib.lib : sysctl.obj (.text:SysCtlDelay)
                  00009934    00000006                   : uart.obj (.text:UARTClockSourceSet)
                  0000993a    00000006     rtsv7M4_T_le_v4SPD16_eabi.lib : copy_decompress_rle.obj (.text:decompress:rle24)
                  00009940    00000004     driverlib.lib : timer.obj (.text:TimerIntClear)
                  00009944    00000004     rtsv7M4_T_le_v4SPD16_eabi.lib : pre_init.obj (.text)

.cinit     0    00009948    00000040     
                  00009948    00000017     (.cinit..data.load) [load image, compression = rle]
                  0000995f    00000001     --HOLE-- [fill = 0]
                  00009960    0000000c     (__TI_handler_table)
                  0000996c    00000004     --HOLE-- [fill = 0]
                  00009970    00000008     (.cinit..bss.load) [load image, compression = zero_init]
                  00009978    00000010     (__TI_cinit_table)

.init_array 
*          0    00000000    00000000     UNINITIALIZED

.stack     0    20000000    00000400     UNINITIALIZED
                  20000000    00000400     --HOLE--

.bss       0    20000400    00000064     UNINITIALIZED
                  20000400    0000002c     main.obj (.bss:sContext)
                  2000042c    00000020     grlib.lib : image.obj (.bss)
                  2000044c    00000008     (.common:freqString)
                  20000454    00000008     (.common:sRect)
                  2000045c    00000004               : context.obj (.bss)
                  20000460    00000004     (.common:timer)

.TI.noinit 
*          0    20000400    00000000     UNINITIALIZED

.data      0    20000464    00000024     UNINITIALIZED
                  20000464    00000008     Kentec320x240x16_ssd2119_8bit.obj (.data)
                  2000046c    00000008     rtsv7M4_T_le_v4SPD16_eabi.lib : _lock.obj (.data)
                  20000474    00000008                                   : exit.obj (.data)
                  2000047c    00000005     main.obj (.data)
                  20000481    00000003     --HOLE--
                  20000484    00000004     rtsv7M4_T_le_v4SPD16_eabi.lib : stkdepth_vars.obj (.data)

.TI.persistent 
*          0    20000464    00000000     UNINITIALIZED


LINKER GENERATED COPY TABLES

__TI_cinit_table @ 00009978 records: 2, size/record: 8, table size: 16
	.data: load addr=00009948, load size=00000017 bytes, run addr=20000464, run size=00000024 bytes, compression=rle
	.bss: load addr=00009970, load size=00000008 bytes, run addr=20000400, run size=00000064 bytes, compression=zero_init


LINKER GENERATED HANDLER TABLE

__TI_handler_table @ 00009960 records: 3, size/record: 4, table size: 12
	index: 0, handler: __TI_decompress_rle24
	index: 1, handler: __TI_decompress_none
	index: 2, handler: __TI_zero_init


GLOBAL SYMBOLS: SORTED ALPHABETICALLY BY Name 

address   name                        
-------   ----                        
00009675  C$$EXIT                     
000098db  CPUcpsie                    
00007615  ClrScreen                   
00007431  ConfigureUART               
00009769  GPIODirModeSet              
00008c61  GPIOPadConfigSet            
000095a1  GPIOPinConfigure            
00009823  GPIOPinTypeGPIOOutput       
00009869  GPIOPinTypeTimer            
00009923  GPIOPinWrite                
00009929  GrContextFontSet            
0000933d  GrContextInit               
00008f99  GrDefaultStringRenderer     
00009805  GrFontCodepageGet           
000097e3  GrFontGlyphDataGet          
000089fb  GrFontGlyphRender           
000097bd  GrFontInfoGet               
000098b1  GrImageDraw                 
000095e9  GrLineDrawH                 
0000962f  GrLineDrawV                 
00009913  GrMapISO8859_1_Unicode      
000092d7  GrRectDraw                  
000090ff  GrRectFill                  
0000987b  GrStringDraw                
00009793  GrStringNextCharGet         
000093a1  IntEnable                   
000098ff  IntMasterEnable             
00007bcd  Kentec320x240x16_SSD2119Init
00007a33  LED_OFF                     
00007a19  LED_ON                      
000098f3  ResetISR                    
UNDEFED   SHT$$INIT_ARRAY$$Base       
UNDEFED   SHT$$INIT_ARRAY$$Limit      
00008d91  SysCtlClockGet              
00008ea9  SysCtlClockSet              
0000992f  SysCtlDelay                 
00009735  SysCtlPeripheralEnable      
0000740b  Timer0IntHandler            
0000742f  Timer2IntHandler            
0000945d  TimerConfigure              
0000988d  TimerControlEvent           
000098bf  TimerEnable                 
00009941  TimerIntClear               
0000991b  TimerIntEnable              
0000989f  TimerLoadSet                
00009909  TimerValueGet               
00009935  UARTClockSourceSet          
00006f41  UARTStdioConfig             
000070b9  UARTgetc                    
00006ff3  UARTgets                    
000073e7  UARTprintf                  
000070ed  UARTvprintf                 
00006fa1  UARTwrite                   
20000468  WriteCommand                
20000464  WriteData                   
20000400  __STACK_END                 
00000400  __STACK_SIZE                
20000400  __STACK_TOP                 
00009978  __TI_CINIT_Base             
00009988  __TI_CINIT_Limit            
00009960  __TI_Handler_Table_Base     
0000996c  __TI_Handler_Table_Limit    
00009201  __TI_auto_init              
20000474  __TI_cleanup_ptr            
000098cd  __TI_decompress_none        
0000993b  __TI_decompress_rle24       
20000478  __TI_dtors_ptr              
00000000  __TI_static_base__          
000098e7  __TI_zero_init              
00009185  __aeabi_memclr              
00009185  __aeabi_memclr4             
00009185  __aeabi_memclr8             
00009063  __aeabi_memcpy              
00009063  __aeabi_memcpy4             
00009063  __aeabi_memcpy8             
00009187  __aeabi_memset              
00009187  __aeabi_memset4             
00009187  __aeabi_memset8             
000096b9  __aeabi_uidiv               
000096b9  __aeabi_uidivmod            
ffffffff  __binit__                   
ffffffff  __c_args__                  
20000000  __stack                     
0000983d  _args_main                  
000094b9  _c_int00                    
2000046c  _lock                       
00009863  _nop                        
0000985b  _register_lock              
00009855  _register_unlock            
00009945  _system_pre_init            
20000470  _unlock                     
00009679  abort                       
ffffffff  binit                       
000075a5  calc                        
00009509  copy_in                     
00007673  delayMS                     
000076a3  drawIMGLCD                  
00007701  drawOntoLCD                 
0000782d  drawOntoLCD2                
00009681  exit                        
2000044c  freqString                  
00000000  g_pfnVectors                
00006f30  g_psDefaultCodePointMapTable
0000026c  g_pui8Image                 
00006ca4  g_sFontCmss30b              
00006ed8  g_sKentec320x240x16_SSD2119 
0000768f  initLCD                     
0000748b  initTimerAndGPIO            
00007503  itoa                        
00007911  main                        
20000484  main_func_sp                
00009063  memcpy                      
0000918d  memset                      
20000400  sContext                    
20000454  sRect                       
20000460  timer                       


GLOBAL SYMBOLS: SORTED BY Symbol Address 

address   name                        
-------   ----                        
00000000  __TI_static_base__          
00000000  g_pfnVectors                
0000026c  g_pui8Image                 
00000400  __STACK_SIZE                
00006ca4  g_sFontCmss30b              
00006ed8  g_sKentec320x240x16_SSD2119 
00006f30  g_psDefaultCodePointMapTable
00006f41  UARTStdioConfig             
00006fa1  UARTwrite                   
00006ff3  UARTgets                    
000070b9  UARTgetc                    
000070ed  UARTvprintf                 
000073e7  UARTprintf                  
0000740b  Timer0IntHandler            
0000742f  Timer2IntHandler            
00007431  ConfigureUART               
0000748b  initTimerAndGPIO            
00007503  itoa                        
000075a5  calc                        
00007615  ClrScreen                   
00007673  delayMS                     
0000768f  initLCD                     
000076a3  drawIMGLCD                  
00007701  drawOntoLCD                 
0000782d  drawOntoLCD2                
00007911  main                        
00007a19  LED_ON                      
00007a33  LED_OFF                     
00007bcd  Kentec320x240x16_SSD2119Init
000089fb  GrFontGlyphRender           
00008c61  GPIOPadConfigSet            
00008d91  SysCtlClockGet              
00008ea9  SysCtlClockSet              
00008f99  GrDefaultStringRenderer     
00009063  __aeabi_memcpy              
00009063  __aeabi_memcpy4             
00009063  __aeabi_memcpy8             
00009063  memcpy                      
000090ff  GrRectFill                  
00009185  __aeabi_memclr              
00009185  __aeabi_memclr4             
00009185  __aeabi_memclr8             
00009187  __aeabi_memset              
00009187  __aeabi_memset4             
00009187  __aeabi_memset8             
0000918d  memset                      
00009201  __TI_auto_init              
000092d7  GrRectDraw                  
0000933d  GrContextInit               
000093a1  IntEnable                   
0000945d  TimerConfigure              
000094b9  _c_int00                    
00009509  copy_in                     
000095a1  GPIOPinConfigure            
000095e9  GrLineDrawH                 
0000962f  GrLineDrawV                 
00009675  C$$EXIT                     
00009679  abort                       
00009681  exit                        
000096b9  __aeabi_uidiv               
000096b9  __aeabi_uidivmod            
00009735  SysCtlPeripheralEnable      
00009769  GPIODirModeSet              
00009793  GrStringNextCharGet         
000097bd  GrFontInfoGet               
000097e3  GrFontGlyphDataGet          
00009805  GrFontCodepageGet           
00009823  GPIOPinTypeGPIOOutput       
0000983d  _args_main                  
00009855  _register_unlock            
0000985b  _register_lock              
00009863  _nop                        
00009869  GPIOPinTypeTimer            
0000987b  GrStringDraw                
0000988d  TimerControlEvent           
0000989f  TimerLoadSet                
000098b1  GrImageDraw                 
000098bf  TimerEnable                 
000098cd  __TI_decompress_none        
000098db  CPUcpsie                    
000098e7  __TI_zero_init              
000098f3  ResetISR                    
000098ff  IntMasterEnable             
00009909  TimerValueGet               
00009913  GrMapISO8859_1_Unicode      
0000991b  TimerIntEnable              
00009923  GPIOPinWrite                
00009929  GrContextFontSet            
0000992f  SysCtlDelay                 
00009935  UARTClockSourceSet          
0000993b  __TI_decompress_rle24       
00009941  TimerIntClear               
00009945  _system_pre_init            
00009960  __TI_Handler_Table_Base     
0000996c  __TI_Handler_Table_Limit    
00009978  __TI_CINIT_Base             
00009988  __TI_CINIT_Limit            
20000000  __stack                     
20000400  __STACK_END                 
20000400  __STACK_TOP                 
20000400  sContext                    
2000044c  freqString                  
20000454  sRect                       
20000460  timer                       
20000464  WriteData                   
20000468  WriteCommand                
2000046c  _lock                       
20000470  _unlock                     
20000474  __TI_cleanup_ptr            
20000478  __TI_dtors_ptr              
20000484  main_func_sp                
ffffffff  __binit__                   
ffffffff  __c_args__                  
ffffffff  binit                       
UNDEFED   SHT$$INIT_ARRAY$$Base       
UNDEFED   SHT$$INIT_ARRAY$$Limit      

[116 symbols]
