******************************************************************************
                  TI ARM Linker PC v5.2.2                      
******************************************************************************
>> Linked Mon May 04 12:44:28 2015

OUTPUT FILE NAME:   <SpeedControl.out>
ENTRY POINT SYMBOL: "_c_int00"  address: 00009b91


MEMORY CONFIGURATION

         name            origin    length      used     unused   attr    fill
----------------------  --------  ---------  --------  --------  ----  --------
  FLASH                 00000000   00040000  0000a150  00035eb0  R  X
  SRAM                  20000000   00008000  000004b0  00007b50  RW X


SEGMENT ALLOCATION MAP

run origin  load origin   length   init length attrs members
----------  ----------- ---------- ----------- ----- -------
00000000    00000000    0000a150   0000a150    r-x
  00000000    00000000    0000026c   0000026c    r-- .intvecs
  0000026c    0000026c    00006d0c   00006d0c    r-- .const
  00006f78    00006f78    00003198   00003198    r-x .text
  0000a110    0000a110    00000040   00000040    r-- .cinit
20000000    20000000    000004b0   00000000    rw-
  20000000    20000000    00000400   00000000    rw- .stack
  20000400    20000400    00000088   00000000    rw- .bss
  20000488    20000488    00000028   00000000    rw- .data


SECTION ALLOCATION MAP

 output                                  attributes/
section   page    origin      length       input sections
--------  ----  ----------  ----------   ----------------
.intvecs   0    00000000    0000026c     
                  00000000    0000026c     tm4c123gh6pm_startup_ccs.obj (.intvecs)

.const     0    0000026c    00006d0c     
                  0000026c    00005d82     pic.obj (.const:.string:g_pui8Image)
                  00005fee    00000002     --HOLE-- [fill = 0]
                  00005ff0    00000cb4     grlib.lib : fontcmss30b.obj (.const:.string:g_pui8Cmss30bData)
                  00006ca4    000000c8               : fontcmss30b.obj (.const:g_sFontCmss30b)
                  00006d6c    00000090     driverlib.lib : gpio.obj (.const:g_pui32GPIOBaseAddrs)
                  00006dfc    00000070                   : interrupt.obj (.const)
                  00006e6c    0000006c                   : sysctl.obj (.const:g_pui32Xtals)
                  00006ed8    00000038     touch.obj (.const:g_lTouchParameters)
                  00006f10    00000028     Kentec320x240x16_ssd2119_8bit.obj (.const:g_sKentec320x240x16_SSD2119)
                  00006f38    0000001c     main.obj (.const)
                  00006f54    00000012     main.obj (.const:.string)
                  00006f66    00000002     --HOLE-- [fill = 0]
                  00006f68    00000010     grlib.lib : context.obj (.const)

.text      0    00006f78    00003198     
                  00006f78    00000b44     main.obj (.text)
                  00007abc    00000988     Kentec320x240x16_ssd2119_8bit.obj (.text)
                  00008444    00000460     touch.obj (.text)
                  000088a4    0000038c     grlib.lib : image.obj (.text:InternalImageDraw)
                  00008c30    000002ce               : image.obj (.text:PixelTransparentDraw)
                  00008efe    00000266               : string.obj (.text:GrFontGlyphRender)
                  00009164    00000130     driverlib.lib : gpio.obj (.text:GPIOPadConfigSet)
                  00009294    00000118                   : sysctl.obj (.text:SysCtlClockGet)
                  000093ac    000000fc     rtsv7M4_T_le_v4SPD16_eabi.lib : fd_mul_t2.obj (.text)
                  000094a8    000000f0     driverlib.lib : sysctl.obj (.text:SysCtlClockSet)
                  00009598    000000ca     grlib.lib : string.obj (.text:GrDefaultStringRenderer)
                  00009662    0000009c     rtsv7M4_T_le_v4SPD16_eabi.lib : memcpy_t2.obj (.text)
                  000096fe    00000086     grlib.lib : rectangle.obj (.text:GrRectFill)
                  00009784    00000080     driverlib.lib : adc.obj (.text:ADCSequenceStepConfigure)
                  00009804    0000007a     rtsv7M4_T_le_v4SPD16_eabi.lib : memset_t2.obj (.text)
                  0000987e    00000002     --HOLE-- [fill = 0]
                  00009880    0000006c                                   : autoinit.obj (.text)
                  000098ec    0000006a                                   : copy_decompress_rle.obj (.text)
                  00009956    00000066     grlib.lib : rectangle.obj (.text:GrRectDraw)
                  000099bc    00000064               : context.obj (.text:GrContextInit)
                  00009a20    00000060     driverlib.lib : interrupt.obj (.text:IntEnable)
                  00009a80    0000005c     grlib.lib : string.obj (.text:FontWideGlyphDataGet)
                  00009adc    0000005c     driverlib.lib : timer.obj (.text:TimerConfigure)
                  00009b38    00000058                   : timer.obj (.text:TimerControlTrigger)
                  00009b90    00000050     rtsv7M4_T_le_v4SPD16_eabi.lib : boot.obj (.text)
                  00009be0    0000004c                                   : cpy_tbl.obj (.text)
                  00009c2c    0000004a     grlib.lib : string.obj (.text:UpdateContextCharMapping)
                  00009c76    0000004a     rtsv7M4_T_le_v4SPD16_eabi.lib : fd_tos_t2.obj (.text)
                  00009cc0    00000048     driverlib.lib : gpio.obj (.text:GPIOPinConfigure)
                  00009d08    00000046     grlib.lib : line.obj (.text:GrLineDrawH)
                  00009d4e    00000046               : line.obj (.text:GrLineDrawV)
                  00009d94    00000044     rtsv7M4_T_le_v4SPD16_eabi.lib : exit.obj (.text)
                  00009dd8    00000042                                   : u_divt2.obj (.text)
                  00009e1a    0000003e     driverlib.lib : adc.obj (.text:ADCSequenceConfigure)
                  00009e58    0000003a     grlib.lib : string.obj (.text:FontGlyphDataGet)
                  00009e92    00000038     rtsv7M4_T_le_v4SPD16_eabi.lib : fs_tod_t2.obj (.text)
                  00009eca    00000002     --HOLE-- [fill = 0]
                  00009ecc    00000034     driverlib.lib : sysctl.obj (.text:SysCtlPeripheralEnable)
                  00009f00    0000002a                   : gpio.obj (.text:GPIODirModeSet)
                  00009f2a    0000002a     grlib.lib : string.obj (.text:GrStringNextCharGet)
                  00009f54    00000026               : string.obj (.text:GrFontInfoGet)
                  00009f7a    00000022               : string.obj (.text:GrFontGlyphDataGet)
                  00009f9c    0000001e               : string.obj (.text:GrFontCodepageGet)
                  00009fba    00000018     driverlib.lib : gpio.obj (.text:GPIOPinTypeGPIOOutput)
                  00009fd2    00000002     --HOLE-- [fill = 0]
                  00009fd4    00000018     rtsv7M4_T_le_v4SPD16_eabi.lib : args_main.obj (.text)
                  00009fec    00000014                                   : _lock.obj (.text)
                  0000a000    00000012     driverlib.lib : adc.obj (.text:ADCHardwareOversampleConfigure)
                  0000a012    00000012                   : gpio.obj (.text:GPIOPinTypeTimer)
                  0000a024    00000012     grlib.lib : string.obj (.text:GrStringDraw)
                  0000a036    00000012     driverlib.lib : timer.obj (.text:TimerControlEvent)
                  0000a048    00000012                   : timer.obj (.text:TimerLoadSet)
                  0000a05a    00000010                   : adc.obj (.text:ADCIntEnable)
                  0000a06a    0000000e                   : adc.obj (.text:ADCSequenceEnable)
                  0000a078    0000000e     grlib.lib : image.obj (.text:GrImageDraw)
                  0000a086    0000000e     driverlib.lib : timer.obj (.text:TimerEnable)
                  0000a094    0000000e     rtsv7M4_T_le_v4SPD16_eabi.lib : copy_decompress_none.obj (.text:decompress:none)
                  0000a0a2    0000000c     driverlib.lib : cpu.obj (.text:CPUcpsie)
                  0000a0ae    0000000c     rtsv7M4_T_le_v4SPD16_eabi.lib : copy_zero_init.obj (.text:decompress:ZI)
                  0000a0ba    0000000c     tm4c123gh6pm_startup_ccs.obj (.text)
                  0000a0c6    0000000a     driverlib.lib : interrupt.obj (.text:IntMasterEnable)
                  0000a0d0    0000000a                   : timer.obj (.text:TimerValueGet)
                  0000a0da    00000008     grlib.lib : charmap.obj (.text:GrMapISO8859_1_Unicode)
                  0000a0e2    00000008     driverlib.lib : timer.obj (.text:TimerIntEnable)
                  0000a0ea    00000006                   : gpio.obj (.text:GPIOPinWrite)
                  0000a0f0    00000006     grlib.lib : string.obj (.text:GrContextFontSet)
                  0000a0f6    00000006     driverlib.lib : sysctl.obj (.text:SysCtlDelay)
                  0000a0fc    00000006                   : uart.obj (.text:UARTClockSourceSet)
                  0000a102    00000006     rtsv7M4_T_le_v4SPD16_eabi.lib : copy_decompress_rle.obj (.text:decompress:rle24)
                  0000a108    00000004     driverlib.lib : timer.obj (.text:TimerIntClear)
                  0000a10c    00000004     rtsv7M4_T_le_v4SPD16_eabi.lib : pre_init.obj (.text)

.cinit     0    0000a110    00000040     
                  0000a110    0000001b     (.cinit..data.load) [load image, compression = rle]
                  0000a12b    00000001     --HOLE-- [fill = 0]
                  0000a12c    0000000c     (__TI_handler_table)
                  0000a138    00000008     (.cinit..bss.load) [load image, compression = zero_init]
                  0000a140    00000010     (__TI_cinit_table)

.init_array 
*          0    00000000    00000000     UNINITIALIZED

.stack     0    20000000    00000400     UNINITIALIZED
                  20000000    00000400     --HOLE--

.bss       0    20000400    00000088     UNINITIALIZED
                  20000400    0000002c     main.obj (.bss:sContext)
                  2000042c    00000020     grlib.lib : image.obj (.bss)
                  2000044c    00000010     (.common:g_psSamples)
                  2000045c    00000008     (.common:sRect)
                  20000464    00000008     (.common:speedString)
                  2000046c    00000004               : context.obj (.bss)
                  20000470    00000004     (.common:g_pfnTSHandler)
                  20000474    00000004     (.common:g_plParmSet)
                  20000478    00000004     (.common:g_ulTSState)
                  2000047c    00000004     (.common:speed)
                  20000480    00000004     (.common:timer)
                  20000484    00000002     (.common:g_sTouchX)
                  20000486    00000002     (.common:g_sTouchY)

.TI.noinit 
*          0    20000400    00000000     UNINITIALIZED

.data      0    20000488    00000028     UNINITIALIZED
                  20000488    00000008     Kentec320x240x16_ssd2119_8bit.obj (.data)
                  20000490    00000008     rtsv7M4_T_le_v4SPD16_eabi.lib : _lock.obj (.data)
                  20000498    00000008                                   : exit.obj (.data)
                  200004a0    00000005     main.obj (.data)
                  200004a5    00000003     --HOLE--
                  200004a8    00000004     rtsv7M4_T_le_v4SPD16_eabi.lib : stkdepth_vars.obj (.data)
                  200004ac    00000004     touch.obj (.data)

.TI.persistent 
*          0    20000488    00000000     UNINITIALIZED


LINKER GENERATED COPY TABLES

__TI_cinit_table @ 0000a140 records: 2, size/record: 8, table size: 16
	.data: load addr=0000a110, load size=0000001b bytes, run addr=20000488, run size=00000028 bytes, compression=rle
	.bss: load addr=0000a138, load size=00000008 bytes, run addr=20000400, run size=00000088 bytes, compression=zero_init


LINKER GENERATED HANDLER TABLE

__TI_handler_table @ 0000a12c records: 3, size/record: 4, table size: 12
	index: 0, handler: __TI_decompress_rle24
	index: 1, handler: __TI_decompress_none
	index: 2, handler: __TI_zero_init


GLOBAL SYMBOLS: SORTED ALPHABETICALLY BY Name 

address   name                          
-------   ----                          
0000a001  ADCHardwareOversampleConfigure
0000a05b  ADCIntEnable                  
00009e1b  ADCSequenceConfigure          
0000a06b  ADCSequenceEnable             
00009785  ADCSequenceStepConfigure      
00009d95  C$$EXIT                       
0000a0a3  CPUcpsie                      
000079fd  ClrScreen                     
00007469  ConfigureUART                 
00009f01  GPIODirModeSet                
00009165  GPIOPadConfigSet              
00009cc1  GPIOPinConfigure              
00009fbb  GPIOPinTypeGPIOOutput         
0000a013  GPIOPinTypeTimer              
0000a0eb  GPIOPinWrite                  
0000a0f1  GrContextFontSet              
000099bd  GrContextInit                 
00009599  GrDefaultStringRenderer       
00009f9d  GrFontCodepageGet             
00009f7b  GrFontGlyphDataGet            
00008eff  GrFontGlyphRender             
00009f55  GrFontInfoGet                 
0000a079  GrImageDraw                   
00009d09  GrLineDrawH                   
00009d4f  GrLineDrawV                   
0000a0db  GrMapISO8859_1_Unicode        
00009957  GrRectDraw                    
000096ff  GrRectFill                    
0000a025  GrStringDraw                  
00009f2b  GrStringNextCharGet           
00009a21  IntEnable                     
0000a0c7  IntMasterEnable               
00007c71  Kentec320x240x16_SSD2119Init  
00007ad7  LED_OFF                       
00007abd  LED_ON                        
0000a0bb  ResetISR                      
UNDEFED   SHT$$INIT_ARRAY$$Base         
UNDEFED   SHT$$INIT_ARRAY$$Limit        
00009295  SysCtlClockGet                
000094a9  SysCtlClockSet                
0000a0f7  SysCtlDelay                   
00009ecd  SysCtlPeripheralEnable        
00007443  Timer0IntHandler              
00007467  Timer2IntHandler              
00009add  TimerConfigure                
0000a037  TimerControlEvent             
00009b39  TimerControlTrigger           
0000a087  TimerEnable                   
0000a109  TimerIntClear                 
0000a0e3  TimerIntEnable                
0000a049  TimerLoadSet                  
0000a0d1  TimerValueGet                 
00008839  TouchScreenCallbackSet        
0000876d  TouchScreenInit               
00008637  TouchScreenIntHandler         
0000a0fd  UARTClockSourceSet            
00006f79  UARTStdioConfig               
000070f1  UARTgetc                      
0000702b  UARTgets                      
0000741f  UARTprintf                    
00007125  UARTvprintf                   
00006fd9  UARTwrite                     
2000048c  WriteCommand                  
20000488  WriteData                     
20000400  __STACK_END                   
00000400  __STACK_SIZE                  
20000400  __STACK_TOP                   
0000a140  __TI_CINIT_Base               
0000a150  __TI_CINIT_Limit              
0000a12c  __TI_Handler_Table_Base       
0000a138  __TI_Handler_Table_Limit      
00009881  __TI_auto_init                
20000498  __TI_cleanup_ptr              
0000a095  __TI_decompress_none          
0000a103  __TI_decompress_rle24         
2000049c  __TI_dtors_ptr                
00000000  __TI_static_base__            
0000a0af  __TI_zero_init                
00009c77  __aeabi_d2f                   
000093ad  __aeabi_dmul                  
00009e93  __aeabi_f2d                   
00009805  __aeabi_memclr                
00009805  __aeabi_memclr4               
00009805  __aeabi_memclr8               
00009663  __aeabi_memcpy                
00009663  __aeabi_memcpy4               
00009663  __aeabi_memcpy8               
00009807  __aeabi_memset                
00009807  __aeabi_memset4               
00009807  __aeabi_memset8               
00009dd9  __aeabi_uidiv                 
00009dd9  __aeabi_uidivmod              
ffffffff  __binit__                     
ffffffff  __c_args__                    
20000000  __stack                       
00009fd5  _args_main                    
00009b91  _c_int00                      
20000490  _lock                         
00009ffb  _nop                          
00009ff3  _register_lock                
00009fed  _register_unlock              
0000a10d  _system_pre_init              
20000494  _unlock                       
00009d99  abort                         
ffffffff  binit                         
000075dd  calc_freq                     
00009be1  copy_in                       
0000767b  delayMS                       
000076b3  drawIMGLCD                    
00007711  drawIntoLCD                   
00007835  drawIntoLCD2                  
00009da1  exit                          
00006ed8  g_lTouchParameters            
00000000  g_pfnVectors                  
20000474  g_plParmSet                   
00006f68  g_psDefaultCodePointMapTable  
0000026c  g_pui8Image                   
00006ca4  g_sFontCmss30b                
00006f10  g_sKentec320x240x16_SSD2119   
200004ac  g_sTouchMin                   
20000484  g_sTouchX                     
20000486  g_sTouchY                     
00007697  initLCD                       
0000753b  itoa                          
00007929  main                          
000074c3  main2                         
200004a8  main_func_sp                  
00009663  memcpy                        
0000980d  memset                        
20000400  sContext                      
2000045c  sRect                         
2000047c  speed                         
20000464  speedString                   
20000480  timer                         


GLOBAL SYMBOLS: SORTED BY Symbol Address 

address   name                          
-------   ----                          
00000000  __TI_static_base__            
00000000  g_pfnVectors                  
0000026c  g_pui8Image                   
00000400  __STACK_SIZE                  
00006ca4  g_sFontCmss30b                
00006ed8  g_lTouchParameters            
00006f10  g_sKentec320x240x16_SSD2119   
00006f68  g_psDefaultCodePointMapTable  
00006f79  UARTStdioConfig               
00006fd9  UARTwrite                     
0000702b  UARTgets                      
000070f1  UARTgetc                      
00007125  UARTvprintf                   
0000741f  UARTprintf                    
00007443  Timer0IntHandler              
00007467  Timer2IntHandler              
00007469  ConfigureUART                 
000074c3  main2                         
0000753b  itoa                          
000075dd  calc_freq                     
0000767b  delayMS                       
00007697  initLCD                       
000076b3  drawIMGLCD                    
00007711  drawIntoLCD                   
00007835  drawIntoLCD2                  
00007929  main                          
000079fd  ClrScreen                     
00007abd  LED_ON                        
00007ad7  LED_OFF                       
00007c71  Kentec320x240x16_SSD2119Init  
00008637  TouchScreenIntHandler         
0000876d  TouchScreenInit               
00008839  TouchScreenCallbackSet        
00008eff  GrFontGlyphRender             
00009165  GPIOPadConfigSet              
00009295  SysCtlClockGet                
000093ad  __aeabi_dmul                  
000094a9  SysCtlClockSet                
00009599  GrDefaultStringRenderer       
00009663  __aeabi_memcpy                
00009663  __aeabi_memcpy4               
00009663  __aeabi_memcpy8               
00009663  memcpy                        
000096ff  GrRectFill                    
00009785  ADCSequenceStepConfigure      
00009805  __aeabi_memclr                
00009805  __aeabi_memclr4               
00009805  __aeabi_memclr8               
00009807  __aeabi_memset                
00009807  __aeabi_memset4               
00009807  __aeabi_memset8               
0000980d  memset                        
00009881  __TI_auto_init                
00009957  GrRectDraw                    
000099bd  GrContextInit                 
00009a21  IntEnable                     
00009add  TimerConfigure                
00009b39  TimerControlTrigger           
00009b91  _c_int00                      
00009be1  copy_in                       
00009c77  __aeabi_d2f                   
00009cc1  GPIOPinConfigure              
00009d09  GrLineDrawH                   
00009d4f  GrLineDrawV                   
00009d95  C$$EXIT                       
00009d99  abort                         
00009da1  exit                          
00009dd9  __aeabi_uidiv                 
00009dd9  __aeabi_uidivmod              
00009e1b  ADCSequenceConfigure          
00009e93  __aeabi_f2d                   
00009ecd  SysCtlPeripheralEnable        
00009f01  GPIODirModeSet                
00009f2b  GrStringNextCharGet           
00009f55  GrFontInfoGet                 
00009f7b  GrFontGlyphDataGet            
00009f9d  GrFontCodepageGet             
00009fbb  GPIOPinTypeGPIOOutput         
00009fd5  _args_main                    
00009fed  _register_unlock              
00009ff3  _register_lock                
00009ffb  _nop                          
0000a001  ADCHardwareOversampleConfigure
0000a013  GPIOPinTypeTimer              
0000a025  GrStringDraw                  
0000a037  TimerControlEvent             
0000a049  TimerLoadSet                  
0000a05b  ADCIntEnable                  
0000a06b  ADCSequenceEnable             
0000a079  GrImageDraw                   
0000a087  TimerEnable                   
0000a095  __TI_decompress_none          
0000a0a3  CPUcpsie                      
0000a0af  __TI_zero_init                
0000a0bb  ResetISR                      
0000a0c7  IntMasterEnable               
0000a0d1  TimerValueGet                 
0000a0db  GrMapISO8859_1_Unicode        
0000a0e3  TimerIntEnable                
0000a0eb  GPIOPinWrite                  
0000a0f1  GrContextFontSet              
0000a0f7  SysCtlDelay                   
0000a0fd  UARTClockSourceSet            
0000a103  __TI_decompress_rle24         
0000a109  TimerIntClear                 
0000a10d  _system_pre_init              
0000a12c  __TI_Handler_Table_Base       
0000a138  __TI_Handler_Table_Limit      
0000a140  __TI_CINIT_Base               
0000a150  __TI_CINIT_Limit              
20000000  __stack                       
20000400  __STACK_END                   
20000400  __STACK_TOP                   
20000400  sContext                      
2000045c  sRect                         
20000464  speedString                   
20000474  g_plParmSet                   
2000047c  speed                         
20000480  timer                         
20000484  g_sTouchX                     
20000486  g_sTouchY                     
20000488  WriteData                     
2000048c  WriteCommand                  
20000490  _lock                         
20000494  _unlock                       
20000498  __TI_cleanup_ptr              
2000049c  __TI_dtors_ptr                
200004a8  main_func_sp                  
200004ac  g_sTouchMin                   
ffffffff  __binit__                     
ffffffff  __c_args__                    
ffffffff  binit                         
UNDEFED   SHT$$INIT_ARRAY$$Base         
UNDEFED   SHT$$INIT_ARRAY$$Limit        

[134 symbols]
