<?xml version="1.0"?>
<link_info>
   <banner>TI ARM Linker PC v5.2.2</banner>
   <copyright>Copyright (c) 1996-2015 Texas Instruments Incorporated</copyright>
   <link_time>0x55474d8c</link_time>
   <link_errors>0x0</link_errors>
   <output_file>SpeedControl.out</output_file>
   <entry_point>
      <name>_c_int00</name>
      <address>0x9b91</address>
   </entry_point>
   <input_file_list>
      <input_file id="fl-2">
         <path>.\</path>
         <kind>object</kind>
         <file>Kentec320x240x16_ssd2119_8bit.obj</file>
         <name>Kentec320x240x16_ssd2119_8bit.obj</name>
      </input_file>
      <input_file id="fl-3">
         <path>.\</path>
         <kind>object</kind>
         <file>images.obj</file>
         <name>images.obj</name>
      </input_file>
      <input_file id="fl-4">
         <path>.\</path>
         <kind>object</kind>
         <file>main.obj</file>
         <name>main.obj</name>
      </input_file>
      <input_file id="fl-5">
         <path>.\</path>
         <kind>object</kind>
         <file>pic.obj</file>
         <name>pic.obj</name>
      </input_file>
      <input_file id="fl-6">
         <path>.\</path>
         <kind>object</kind>
         <file>tm4c123gh6pm_startup_ccs.obj</file>
         <name>tm4c123gh6pm_startup_ccs.obj</name>
      </input_file>
      <input_file id="fl-7">
         <path>.\</path>
         <kind>object</kind>
         <file>touch.obj</file>
         <name>touch.obj</name>
      </input_file>
      <input_file id="fl-8">
         <path>.\</path>
         <kind>object</kind>
         <file>ustdlib.obj</file>
         <name>ustdlib.obj</name>
      </input_file>
      <input_file id="fl-f">
         <path>C:\ti\TivaWare_C_Series-2.1.0.12573\driverlib\ccs\Debug\</path>
         <kind>archive</kind>
         <file>driverlib.lib</file>
         <name>uart.obj</name>
      </input_file>
      <input_file id="fl-10">
         <path>C:\ti\TivaWare_C_Series-2.1.0.12573\driverlib\ccs\Debug\</path>
         <kind>archive</kind>
         <file>driverlib.lib</file>
         <name>timer.obj</name>
      </input_file>
      <input_file id="fl-11">
         <path>C:\ti\TivaWare_C_Series-2.1.0.12573\driverlib\ccs\Debug\</path>
         <kind>archive</kind>
         <file>driverlib.lib</file>
         <name>sysctl.obj</name>
      </input_file>
      <input_file id="fl-12">
         <path>C:\ti\TivaWare_C_Series-2.1.0.12573\driverlib\ccs\Debug\</path>
         <kind>archive</kind>
         <file>driverlib.lib</file>
         <name>interrupt.obj</name>
      </input_file>
      <input_file id="fl-13">
         <path>C:\ti\TivaWare_C_Series-2.1.0.12573\driverlib\ccs\Debug\</path>
         <kind>archive</kind>
         <file>driverlib.lib</file>
         <name>gpio.obj</name>
      </input_file>
      <input_file id="fl-14">
         <path>C:\ti\TivaWare_C_Series-2.1.0.12573\driverlib\ccs\Debug\</path>
         <kind>archive</kind>
         <file>driverlib.lib</file>
         <name>cpu.obj</name>
      </input_file>
      <input_file id="fl-15">
         <path>C:\ti\TivaWare_C_Series-2.1.0.12573\driverlib\ccs\Debug\</path>
         <kind>archive</kind>
         <file>driverlib.lib</file>
         <name>adc.obj</name>
      </input_file>
      <input_file id="fl-16">
         <path>C:\ti\TivaWare_C_Series-2.1.0.12573\grlib\ccs\Debug\</path>
         <kind>archive</kind>
         <file>grlib.lib</file>
         <name>fontcmss30b.obj</name>
      </input_file>
      <input_file id="fl-17">
         <path>C:\ti\TivaWare_C_Series-2.1.0.12573\grlib\ccs\Debug\</path>
         <kind>archive</kind>
         <file>grlib.lib</file>
         <name>string.obj</name>
      </input_file>
      <input_file id="fl-18">
         <path>C:\ti\TivaWare_C_Series-2.1.0.12573\grlib\ccs\Debug\</path>
         <kind>archive</kind>
         <file>grlib.lib</file>
         <name>rectangle.obj</name>
      </input_file>
      <input_file id="fl-19">
         <path>C:\ti\TivaWare_C_Series-2.1.0.12573\grlib\ccs\Debug\</path>
         <kind>archive</kind>
         <file>grlib.lib</file>
         <name>line.obj</name>
      </input_file>
      <input_file id="fl-1a">
         <path>C:\ti\TivaWare_C_Series-2.1.0.12573\grlib\ccs\Debug\</path>
         <kind>archive</kind>
         <file>grlib.lib</file>
         <name>image.obj</name>
      </input_file>
      <input_file id="fl-1b">
         <path>C:\ti\TivaWare_C_Series-2.1.0.12573\grlib\ccs\Debug\</path>
         <kind>archive</kind>
         <file>grlib.lib</file>
         <name>context.obj</name>
      </input_file>
      <input_file id="fl-1c">
         <path>C:\ti\TivaWare_C_Series-2.1.0.12573\grlib\ccs\Debug\</path>
         <kind>archive</kind>
         <file>grlib.lib</file>
         <name>charmap.obj</name>
      </input_file>
      <input_file id="fl-13e">
         <path>C:\ti\ccsv6\tools\compiler\ti-cgt-arm_5.2.2\lib\</path>
         <kind>archive</kind>
         <file>rtsv7M4_T_le_v4SPD16_eabi.lib</file>
         <name>boot.obj</name>
      </input_file>
      <input_file id="fl-13f">
         <path>C:\ti\ccsv6\tools\compiler\ti-cgt-arm_5.2.2\lib\</path>
         <kind>archive</kind>
         <file>rtsv7M4_T_le_v4SPD16_eabi.lib</file>
         <name>copy_decompress_none.obj</name>
      </input_file>
      <input_file id="fl-140">
         <path>C:\ti\ccsv6\tools\compiler\ti-cgt-arm_5.2.2\lib\</path>
         <kind>archive</kind>
         <file>rtsv7M4_T_le_v4SPD16_eabi.lib</file>
         <name>copy_decompress_rle.obj</name>
      </input_file>
      <input_file id="fl-141">
         <path>C:\ti\ccsv6\tools\compiler\ti-cgt-arm_5.2.2\lib\</path>
         <kind>archive</kind>
         <file>rtsv7M4_T_le_v4SPD16_eabi.lib</file>
         <name>copy_zero_init.obj</name>
      </input_file>
      <input_file id="fl-142">
         <path>C:\ti\ccsv6\tools\compiler\ti-cgt-arm_5.2.2\lib\</path>
         <kind>archive</kind>
         <file>rtsv7M4_T_le_v4SPD16_eabi.lib</file>
         <name>exit.obj</name>
      </input_file>
      <input_file id="fl-143">
         <path>C:\ti\ccsv6\tools\compiler\ti-cgt-arm_5.2.2\lib\</path>
         <kind>archive</kind>
         <file>rtsv7M4_T_le_v4SPD16_eabi.lib</file>
         <name>fd_mul_t2.obj</name>
      </input_file>
      <input_file id="fl-144">
         <path>C:\ti\ccsv6\tools\compiler\ti-cgt-arm_5.2.2\lib\</path>
         <kind>archive</kind>
         <file>rtsv7M4_T_le_v4SPD16_eabi.lib</file>
         <name>fd_tos_t2.obj</name>
      </input_file>
      <input_file id="fl-145">
         <path>C:\ti\ccsv6\tools\compiler\ti-cgt-arm_5.2.2\lib\</path>
         <kind>archive</kind>
         <file>rtsv7M4_T_le_v4SPD16_eabi.lib</file>
         <name>fs_tod_t2.obj</name>
      </input_file>
      <input_file id="fl-146">
         <path>C:\ti\ccsv6\tools\compiler\ti-cgt-arm_5.2.2\lib\</path>
         <kind>archive</kind>
         <file>rtsv7M4_T_le_v4SPD16_eabi.lib</file>
         <name>memcpy_t2.obj</name>
      </input_file>
      <input_file id="fl-147">
         <path>C:\ti\ccsv6\tools\compiler\ti-cgt-arm_5.2.2\lib\</path>
         <kind>archive</kind>
         <file>rtsv7M4_T_le_v4SPD16_eabi.lib</file>
         <name>memset_t2.obj</name>
      </input_file>
      <input_file id="fl-148">
         <path>C:\ti\ccsv6\tools\compiler\ti-cgt-arm_5.2.2\lib\</path>
         <kind>archive</kind>
         <file>rtsv7M4_T_le_v4SPD16_eabi.lib</file>
         <name>pre_init.obj</name>
      </input_file>
      <input_file id="fl-149">
         <path>C:\ti\ccsv6\tools\compiler\ti-cgt-arm_5.2.2\lib\</path>
         <kind>archive</kind>
         <file>rtsv7M4_T_le_v4SPD16_eabi.lib</file>
         <name>stkdepth_vars.obj</name>
      </input_file>
      <input_file id="fl-14a">
         <path>C:\ti\ccsv6\tools\compiler\ti-cgt-arm_5.2.2\lib\</path>
         <kind>archive</kind>
         <file>rtsv7M4_T_le_v4SPD16_eabi.lib</file>
         <name>u_divt2.obj</name>
      </input_file>
      <input_file id="fl-14b">
         <path>C:\ti\ccsv6\tools\compiler\ti-cgt-arm_5.2.2\lib\</path>
         <kind>archive</kind>
         <file>rtsv7M4_T_le_v4SPD16_eabi.lib</file>
         <name>_lock.obj</name>
      </input_file>
      <input_file id="fl-14c">
         <path>C:\ti\ccsv6\tools\compiler\ti-cgt-arm_5.2.2\lib\</path>
         <kind>archive</kind>
         <file>rtsv7M4_T_le_v4SPD16_eabi.lib</file>
         <name>args_main.obj</name>
      </input_file>
      <input_file id="fl-14d">
         <path>C:\ti\ccsv6\tools\compiler\ti-cgt-arm_5.2.2\lib\</path>
         <kind>archive</kind>
         <file>rtsv7M4_T_le_v4SPD16_eabi.lib</file>
         <name>autoinit.obj</name>
      </input_file>
      <input_file id="fl-14e">
         <path>C:\ti\ccsv6\tools\compiler\ti-cgt-arm_5.2.2\lib\</path>
         <kind>archive</kind>
         <file>rtsv7M4_T_le_v4SPD16_eabi.lib</file>
         <name>cpy_tbl.obj</name>
      </input_file>
   </input_file_list>
   <object_component_list>
      <object_component id="oc-f">
         <name>.intvecs</name>
         <load_address>0x0</load_address>
         <run_address>0x0</run_address>
         <size>0x26c</size>
         <input_file_ref idref="fl-6"/>
      </object_component>
      <object_component id="oc-36">
         <name>.text</name>
         <load_address>0x6f78</load_address>
         <run_address>0x6f78</run_address>
         <size>0xb44</size>
         <input_file_ref idref="fl-4"/>
      </object_component>
      <object_component id="oc-134">
         <name>.text</name>
         <load_address>0x7abc</load_address>
         <run_address>0x7abc</run_address>
         <size>0x988</size>
         <input_file_ref idref="fl-2"/>
      </object_component>
      <object_component id="oc-30">
         <name>.text</name>
         <load_address>0x8444</load_address>
         <run_address>0x8444</run_address>
         <size>0x460</size>
         <input_file_ref idref="fl-7"/>
      </object_component>
      <object_component id="oc-21e">
         <name>.text:InternalImageDraw</name>
         <load_address>0x88a4</load_address>
         <run_address>0x88a4</run_address>
         <size>0x38c</size>
         <input_file_ref idref="fl-1a"/>
      </object_component>
      <object_component id="oc-2c8">
         <name>.text:PixelTransparentDraw</name>
         <load_address>0x8c30</load_address>
         <run_address>0x8c30</run_address>
         <size>0x2ce</size>
         <input_file_ref idref="fl-1a"/>
      </object_component>
      <object_component id="oc-2b0">
         <name>.text:GrFontGlyphRender</name>
         <load_address>0x8efe</load_address>
         <run_address>0x8efe</run_address>
         <size>0x266</size>
         <input_file_ref idref="fl-17"/>
      </object_component>
      <object_component id="oc-1d1">
         <name>.text:GPIOPadConfigSet</name>
         <load_address>0x9164</load_address>
         <run_address>0x9164</run_address>
         <size>0x130</size>
         <input_file_ref idref="fl-13"/>
      </object_component>
      <object_component id="oc-c5">
         <name>.text:SysCtlClockGet</name>
         <load_address>0x9294</load_address>
         <run_address>0x9294</run_address>
         <size>0x118</size>
         <input_file_ref idref="fl-11"/>
      </object_component>
      <object_component id="oc-129">
         <name>.text</name>
         <load_address>0x93ac</load_address>
         <run_address>0x93ac</run_address>
         <size>0xfc</size>
         <input_file_ref idref="fl-143"/>
      </object_component>
      <object_component id="oc-163">
         <name>.text:SysCtlClockSet</name>
         <load_address>0x94a8</load_address>
         <run_address>0x94a8</run_address>
         <size>0xf0</size>
         <input_file_ref idref="fl-11"/>
      </object_component>
      <object_component id="oc-210">
         <name>.text:GrDefaultStringRenderer</name>
         <load_address>0x9598</load_address>
         <run_address>0x9598</run_address>
         <size>0xca</size>
         <input_file_ref idref="fl-17"/>
      </object_component>
      <object_component id="oc-3f">
         <name>.text</name>
         <load_address>0x9662</load_address>
         <run_address>0x9662</run_address>
         <size>0x9c</size>
         <input_file_ref idref="fl-146"/>
      </object_component>
      <object_component id="oc-169">
         <name>.text:GrRectFill</name>
         <load_address>0x96fe</load_address>
         <run_address>0x96fe</run_address>
         <size>0x86</size>
         <input_file_ref idref="fl-18"/>
      </object_component>
      <object_component id="oc-9b">
         <name>.text:ADCSequenceStepConfigure</name>
         <load_address>0x9784</load_address>
         <run_address>0x9784</run_address>
         <size>0x80</size>
         <input_file_ref idref="fl-15"/>
      </object_component>
      <object_component id="oc-58">
         <name>.text</name>
         <load_address>0x9804</load_address>
         <run_address>0x9804</run_address>
         <size>0x7a</size>
         <input_file_ref idref="fl-147"/>
      </object_component>
      <object_component id="oc-6a">
         <name>.text</name>
         <load_address>0x9880</load_address>
         <run_address>0x9880</run_address>
         <size>0x6c</size>
         <input_file_ref idref="fl-14d"/>
      </object_component>
      <object_component id="oc-4b">
         <name>.text</name>
         <load_address>0x98ec</load_address>
         <run_address>0x98ec</run_address>
         <size>0x6a</size>
         <input_file_ref idref="fl-140"/>
      </object_component>
      <object_component id="oc-155">
         <name>.text:GrRectDraw</name>
         <load_address>0x9956</load_address>
         <run_address>0x9956</run_address>
         <size>0x66</size>
         <input_file_ref idref="fl-18"/>
      </object_component>
      <object_component id="oc-13a">
         <name>.text:GrContextInit</name>
         <load_address>0x99bc</load_address>
         <run_address>0x99bc</run_address>
         <size>0x64</size>
         <input_file_ref idref="fl-1b"/>
      </object_component>
      <object_component id="oc-ad">
         <name>.text:IntEnable</name>
         <load_address>0x9a20</load_address>
         <run_address>0x9a20</run_address>
         <size>0x60</size>
         <input_file_ref idref="fl-12"/>
      </object_component>
      <object_component id="oc-2fe">
         <name>.text:FontWideGlyphDataGet</name>
         <load_address>0x9a80</load_address>
         <run_address>0x9a80</run_address>
         <size>0x5c</size>
         <input_file_ref idref="fl-17"/>
      </object_component>
      <object_component id="oc-bf">
         <name>.text:TimerConfigure</name>
         <load_address>0x9adc</load_address>
         <run_address>0x9adc</run_address>
         <size>0x5c</size>
         <input_file_ref idref="fl-10"/>
      </object_component>
      <object_component id="oc-d1">
         <name>.text:TimerControlTrigger</name>
         <load_address>0x9b38</load_address>
         <run_address>0x9b38</run_address>
         <size>0x58</size>
         <input_file_ref idref="fl-10"/>
      </object_component>
      <object_component id="oc-24">
         <name>.text</name>
         <load_address>0x9b90</load_address>
         <run_address>0x9b90</run_address>
         <size>0x50</size>
         <input_file_ref idref="fl-13e"/>
      </object_component>
      <object_component id="oc-1a1">
         <name>.text</name>
         <load_address>0x9be0</load_address>
         <run_address>0x9be0</run_address>
         <size>0x4c</size>
         <input_file_ref idref="fl-14e"/>
      </object_component>
      <object_component id="oc-22d">
         <name>.text:UpdateContextCharMapping</name>
         <load_address>0x9c2c</load_address>
         <run_address>0x9c2c</run_address>
         <size>0x4a</size>
         <input_file_ref idref="fl-17"/>
      </object_component>
      <object_component id="oc-12e">
         <name>.text</name>
         <load_address>0x9c76</load_address>
         <run_address>0x9c76</run_address>
         <size>0x4a</size>
         <input_file_ref idref="fl-144"/>
      </object_component>
      <object_component id="oc-106">
         <name>.text:GPIOPinConfigure</name>
         <load_address>0x9cc0</load_address>
         <run_address>0x9cc0</run_address>
         <size>0x48</size>
         <input_file_ref idref="fl-13"/>
      </object_component>
      <object_component id="oc-236">
         <name>.text:GrLineDrawH</name>
         <load_address>0x9d08</load_address>
         <run_address>0x9d08</run_address>
         <size>0x46</size>
         <input_file_ref idref="fl-19"/>
      </object_component>
      <object_component id="oc-23c">
         <name>.text:GrLineDrawV</name>
         <load_address>0x9d4e</load_address>
         <run_address>0x9d4e</run_address>
         <size>0x46</size>
         <input_file_ref idref="fl-19"/>
      </object_component>
      <object_component id="oc-76">
         <name>.text</name>
         <load_address>0x9d94</load_address>
         <run_address>0x9d94</run_address>
         <size>0x44</size>
         <input_file_ref idref="fl-142"/>
      </object_component>
      <object_component id="oc-ef">
         <name>.text</name>
         <load_address>0x9dd8</load_address>
         <run_address>0x9dd8</run_address>
         <size>0x42</size>
         <input_file_ref idref="fl-14a"/>
      </object_component>
      <object_component id="oc-95">
         <name>.text:ADCSequenceConfigure</name>
         <load_address>0x9e1a</load_address>
         <run_address>0x9e1a</run_address>
         <size>0x3e</size>
         <input_file_ref idref="fl-15"/>
      </object_component>
      <object_component id="oc-304">
         <name>.text:FontGlyphDataGet</name>
         <load_address>0x9e58</load_address>
         <run_address>0x9e58</run_address>
         <size>0x3a</size>
         <input_file_ref idref="fl-17"/>
      </object_component>
      <object_component id="oc-124">
         <name>.text</name>
         <load_address>0x9e92</load_address>
         <run_address>0x9e92</run_address>
         <size>0x38</size>
         <input_file_ref idref="fl-145"/>
      </object_component>
      <object_component id="oc-89">
         <name>.text:SysCtlPeripheralEnable</name>
         <load_address>0x9ecc</load_address>
         <run_address>0x9ecc</run_address>
         <size>0x34</size>
         <input_file_ref idref="fl-11"/>
      </object_component>
      <object_component id="oc-1d7">
         <name>.text:GPIODirModeSet</name>
         <load_address>0x9f00</load_address>
         <run_address>0x9f00</run_address>
         <size>0x2a</size>
         <input_file_ref idref="fl-13"/>
      </object_component>
      <object_component id="oc-2a4">
         <name>.text:GrStringNextCharGet</name>
         <load_address>0x9f2a</load_address>
         <run_address>0x9f2a</run_address>
         <size>0x2a</size>
         <input_file_ref idref="fl-17"/>
      </object_component>
      <object_component id="oc-29e">
         <name>.text:GrFontInfoGet</name>
         <load_address>0x9f54</load_address>
         <run_address>0x9f54</run_address>
         <size>0x26</size>
         <input_file_ref idref="fl-17"/>
      </object_component>
      <object_component id="oc-2aa">
         <name>.text:GrFontGlyphDataGet</name>
         <load_address>0x9f7a</load_address>
         <run_address>0x9f7a</run_address>
         <size>0x22</size>
         <input_file_ref idref="fl-17"/>
      </object_component>
      <object_component id="oc-2d4">
         <name>.text:GrFontCodepageGet</name>
         <load_address>0x9f9c</load_address>
         <run_address>0x9f9c</run_address>
         <size>0x1e</size>
         <input_file_ref idref="fl-17"/>
      </object_component>
      <object_component id="oc-b3">
         <name>.text:GPIOPinTypeGPIOOutput</name>
         <load_address>0x9fba</load_address>
         <run_address>0x9fba</run_address>
         <size>0x18</size>
         <input_file_ref idref="fl-13"/>
      </object_component>
      <object_component id="oc-70">
         <name>.text</name>
         <load_address>0x9fd4</load_address>
         <run_address>0x9fd4</run_address>
         <size>0x18</size>
         <input_file_ref idref="fl-14c"/>
      </object_component>
      <object_component id="oc-26d">
         <name>.text</name>
         <load_address>0x9fec</load_address>
         <run_address>0x9fec</run_address>
         <size>0x14</size>
         <input_file_ref idref="fl-14b"/>
      </object_component>
      <object_component id="oc-8f">
         <name>.text:ADCHardwareOversampleConfigure</name>
         <load_address>0xa000</load_address>
         <run_address>0xa000</run_address>
         <size>0x12</size>
         <input_file_ref idref="fl-15"/>
      </object_component>
      <object_component id="oc-10c">
         <name>.text:GPIOPinTypeTimer</name>
         <load_address>0xa012</load_address>
         <run_address>0xa012</run_address>
         <size>0x12</size>
         <input_file_ref idref="fl-13"/>
      </object_component>
      <object_component id="oc-14f">
         <name>.text:GrStringDraw</name>
         <load_address>0xa024</load_address>
         <run_address>0xa024</run_address>
         <size>0x12</size>
         <input_file_ref idref="fl-17"/>
      </object_component>
      <object_component id="oc-118">
         <name>.text:TimerControlEvent</name>
         <load_address>0xa036</load_address>
         <run_address>0xa036</run_address>
         <size>0x12</size>
         <input_file_ref idref="fl-10"/>
      </object_component>
      <object_component id="oc-cb">
         <name>.text:TimerLoadSet</name>
         <load_address>0xa048</load_address>
         <run_address>0xa048</run_address>
         <size>0x12</size>
         <input_file_ref idref="fl-10"/>
      </object_component>
      <object_component id="oc-a7">
         <name>.text:ADCIntEnable</name>
         <load_address>0xa05a</load_address>
         <run_address>0xa05a</run_address>
         <size>0x10</size>
         <input_file_ref idref="fl-15"/>
      </object_component>
      <object_component id="oc-a1">
         <name>.text:ADCSequenceEnable</name>
         <load_address>0xa06a</load_address>
         <run_address>0xa06a</run_address>
         <size>0xe</size>
         <input_file_ref idref="fl-15"/>
      </object_component>
      <object_component id="oc-140">
         <name>.text:GrImageDraw</name>
         <load_address>0xa078</load_address>
         <run_address>0xa078</run_address>
         <size>0xe</size>
         <input_file_ref idref="fl-1a"/>
      </object_component>
      <object_component id="oc-d7">
         <name>.text:TimerEnable</name>
         <load_address>0xa086</load_address>
         <run_address>0xa086</run_address>
         <size>0xe</size>
         <input_file_ref idref="fl-10"/>
      </object_component>
      <object_component id="oc-12">
         <name>.text:decompress:none</name>
         <load_address>0xa094</load_address>
         <run_address>0xa094</run_address>
         <size>0xe</size>
         <input_file_ref idref="fl-13f"/>
      </object_component>
      <object_component id="oc-1ff">
         <name>.text:CPUcpsie</name>
         <load_address>0xa0a2</load_address>
         <run_address>0xa0a2</run_address>
         <size>0xc</size>
         <input_file_ref idref="fl-14"/>
      </object_component>
      <object_component id="oc-1e">
         <name>.text:decompress:ZI</name>
         <load_address>0xa0ae</load_address>
         <run_address>0xa0ae</run_address>
         <size>0xc</size>
         <input_file_ref idref="fl-141"/>
      </object_component>
      <object_component id="oc-2a">
         <name>.text</name>
         <load_address>0xa0ba</load_address>
         <run_address>0xa0ba</run_address>
         <size>0xc</size>
         <input_file_ref idref="fl-6"/>
      </object_component>
      <object_component id="oc-112">
         <name>.text:IntMasterEnable</name>
         <load_address>0xa0c6</load_address>
         <run_address>0xa0c6</run_address>
         <size>0xa</size>
         <input_file_ref idref="fl-12"/>
      </object_component>
      <object_component id="oc-fa">
         <name>.text:TimerValueGet</name>
         <load_address>0xa0d0</load_address>
         <run_address>0xa0d0</run_address>
         <size>0xa</size>
         <input_file_ref idref="fl-10"/>
      </object_component>
      <object_component id="oc-2bc">
         <name>.text:GrMapISO8859_1_Unicode</name>
         <load_address>0xa0da</load_address>
         <run_address>0xa0da</run_address>
         <size>0x8</size>
         <input_file_ref idref="fl-1c"/>
      </object_component>
      <object_component id="oc-11e">
         <name>.text:TimerIntEnable</name>
         <load_address>0xa0e2</load_address>
         <run_address>0xa0e2</run_address>
         <size>0x8</size>
         <input_file_ref idref="fl-10"/>
      </object_component>
      <object_component id="oc-b9">
         <name>.text:GPIOPinWrite</name>
         <load_address>0xa0ea</load_address>
         <run_address>0xa0ea</run_address>
         <size>0x6</size>
         <input_file_ref idref="fl-13"/>
      </object_component>
      <object_component id="oc-149">
         <name>.text:GrContextFontSet</name>
         <load_address>0xa0f0</load_address>
         <run_address>0xa0f0</run_address>
         <size>0x6</size>
         <input_file_ref idref="fl-17"/>
      </object_component>
      <object_component id="oc-133">
         <name>.text:SysCtlDelay</name>
         <load_address>0xa0f6</load_address>
         <run_address>0xa0f6</run_address>
         <size>0x6</size>
         <input_file_ref idref="fl-11"/>
      </object_component>
      <object_component id="oc-100">
         <name>.text:UARTClockSourceSet</name>
         <load_address>0xa0fc</load_address>
         <run_address>0xa0fc</run_address>
         <size>0x6</size>
         <input_file_ref idref="fl-f"/>
      </object_component>
      <object_component id="oc-18">
         <name>.text:decompress:rle24</name>
         <load_address>0xa102</load_address>
         <run_address>0xa102</run_address>
         <size>0x6</size>
         <input_file_ref idref="fl-140"/>
      </object_component>
      <object_component id="oc-f4">
         <name>.text:TimerIntClear</name>
         <load_address>0xa108</load_address>
         <run_address>0xa108</run_address>
         <size>0x4</size>
         <input_file_ref idref="fl-10"/>
      </object_component>
      <object_component id="oc-64">
         <name>.text</name>
         <load_address>0xa10c</load_address>
         <run_address>0xa10c</run_address>
         <size>0x4</size>
         <input_file_ref idref="fl-148"/>
      </object_component>
      <object_component id="oc-160">
         <name>.const:.string:g_pui8Image</name>
         <load_address>0x26c</load_address>
         <run_address>0x26c</run_address>
         <size>0x5d82</size>
         <input_file_ref idref="fl-5"/>
      </object_component>
      <object_component id="oc-252">
         <name>.const:.string:g_pui8Cmss30bData</name>
         <load_address>0x5ff0</load_address>
         <run_address>0x5ff0</run_address>
         <size>0xcb4</size>
         <input_file_ref idref="fl-16"/>
      </object_component>
      <object_component id="oc-172">
         <name>.const:g_sFontCmss30b</name>
         <load_address>0x6ca4</load_address>
         <run_address>0x6ca4</run_address>
         <size>0xc8</size>
         <input_file_ref idref="fl-16"/>
      </object_component>
      <object_component id="oc-1fa">
         <name>.const:g_pui32GPIOBaseAddrs</name>
         <load_address>0x6d6c</load_address>
         <run_address>0x6d6c</run_address>
         <size>0x90</size>
         <input_file_ref idref="fl-13"/>
      </object_component>
      <object_component id="oc-1cc">
         <name>.const</name>
         <load_address>0x6dfc</load_address>
         <run_address>0x6dfc</run_address>
         <size>0x70</size>
         <input_file_ref idref="fl-12"/>
      </object_component>
      <object_component id="oc-1e2">
         <name>.const:g_pui32Xtals</name>
         <load_address>0x6e6c</load_address>
         <run_address>0x6e6c</run_address>
         <size>0x6c</size>
         <input_file_ref idref="fl-11"/>
      </object_component>
      <object_component id="oc-e0">
         <name>.const:g_lTouchParameters</name>
         <load_address>0x6ed8</load_address>
         <run_address>0x6ed8</run_address>
         <size>0x38</size>
         <input_file_ref idref="fl-7"/>
      </object_component>
      <object_component id="oc-15d">
         <name>.const:g_sKentec320x240x16_SSD2119</name>
         <load_address>0x6f10</load_address>
         <run_address>0x6f10</run_address>
         <size>0x28</size>
         <input_file_ref idref="fl-2"/>
      </object_component>
      <object_component id="oc-e9">
         <name>.const</name>
         <load_address>0x6f38</load_address>
         <run_address>0x6f38</run_address>
         <size>0x1c</size>
         <input_file_ref idref="fl-4"/>
      </object_component>
      <object_component id="oc-1f0">
         <name>.const:.string</name>
         <load_address>0x6f54</load_address>
         <run_address>0x6f54</run_address>
         <size>0x12</size>
         <input_file_ref idref="fl-4"/>
      </object_component>
      <object_component id="oc-216">
         <name>.const</name>
         <load_address>0x6f68</load_address>
         <run_address>0x6f68</run_address>
         <size>0x10</size>
         <input_file_ref idref="fl-1b"/>
      </object_component>
      <object_component id="oc-33b">
         <name>.cinit..data.load</name>
         <load_address>0xa110</load_address>
         <run_address>0xa110</run_address>
         <size>0x1b</size>
      </object_component>
      <object_component id="oc-339">
         <name>__TI_handler_table</name>
         <load_address>0xa12c</load_address>
         <run_address>0xa12c</run_address>
         <size>0xc</size>
      </object_component>
      <object_component id="oc-33c">
         <name>.cinit..bss.load</name>
         <load_address>0xa138</load_address>
         <run_address>0xa138</run_address>
         <size>0x8</size>
      </object_component>
      <object_component id="oc-33a">
         <name>__TI_cinit_table</name>
         <load_address>0xa140</load_address>
         <run_address>0xa140</run_address>
         <size>0x10</size>
      </object_component>
      <object_component id="oc-29">
         <name>.stack</name>
         <uninitialized>true</uninitialized>
         <run_address>0x20000000</run_address>
         <size>0x0</size>
         <input_file_ref idref="fl-13e"/>
      </object_component>
      <object_component id="oc-33d">
         <name>.stack</name>
         <uninitialized>true</uninitialized>
         <run_address>0x20000000</run_address>
         <size>0x0</size>
      </object_component>
      <object_component id="oc-16f">
         <name>.bss:sContext</name>
         <uninitialized>true</uninitialized>
         <run_address>0x20000400</run_address>
         <size>0x2c</size>
         <input_file_ref idref="fl-4"/>
      </object_component>
      <object_component id="oc-2ce">
         <name>.bss</name>
         <uninitialized>true</uninitialized>
         <run_address>0x2000042c</run_address>
         <size>0x20</size>
         <input_file_ref idref="fl-1a"/>
      </object_component>
      <object_component id="oc-219">
         <name>.bss</name>
         <uninitialized>true</uninitialized>
         <run_address>0x2000046c</run_address>
         <size>0x4</size>
         <input_file_ref idref="fl-1b"/>
      </object_component>
      <object_component id="oc-146">
         <name>.common:timer</name>
         <uninitialized>true</uninitialized>
         <run_address>0x20000480</run_address>
         <size>0x4</size>
      </object_component>
      <object_component id="oc-15c">
         <name>.common:speedString</name>
         <uninitialized>true</uninitialized>
         <run_address>0x20000464</run_address>
         <size>0x8</size>
      </object_component>
      <object_component id="oc-15b">
         <name>.common:speed</name>
         <uninitialized>true</uninitialized>
         <run_address>0x2000047c</run_address>
         <size>0x4</size>
      </object_component>
      <object_component id="oc-175">
         <name>.common:sRect</name>
         <uninitialized>true</uninitialized>
         <run_address>0x2000045c</run_address>
         <size>0x8</size>
      </object_component>
      <object_component id="oc-df">
         <name>.common:g_ulTSState</name>
         <uninitialized>true</uninitialized>
         <run_address>0x20000478</run_address>
         <size>0x4</size>
      </object_component>
      <object_component id="oc-dd">
         <name>.common:g_pfnTSHandler</name>
         <uninitialized>true</uninitialized>
         <run_address>0x20000470</run_address>
         <size>0x4</size>
      </object_component>
      <object_component id="oc-de">
         <name>.common:g_psSamples</name>
         <uninitialized>true</uninitialized>
         <run_address>0x2000044c</run_address>
         <size>0x10</size>
      </object_component>
      <object_component id="oc-85">
         <name>.common:g_plParmSet</name>
         <uninitialized>true</uninitialized>
         <run_address>0x20000474</run_address>
         <size>0x4</size>
      </object_component>
      <object_component id="oc-81">
         <name>.common:g_sTouchX</name>
         <uninitialized>true</uninitialized>
         <run_address>0x20000484</run_address>
         <size>0x2</size>
      </object_component>
      <object_component id="oc-84">
         <name>.common:g_sTouchY</name>
         <uninitialized>true</uninitialized>
         <run_address>0x20000486</run_address>
         <size>0x2</size>
      </object_component>
      <object_component id="oc-20b">
         <name>.data</name>
         <load_address>0x20000488</load_address>
         <run_address>0x20000488</run_address>
         <size>0x8</size>
         <input_file_ref idref="fl-2"/>
      </object_component>
      <object_component id="oc-ec">
         <name>.data</name>
         <load_address>0x200004a0</load_address>
         <run_address>0x200004a0</run_address>
         <size>0x5</size>
         <input_file_ref idref="fl-4"/>
      </object_component>
      <object_component id="oc-86">
         <name>.data</name>
         <load_address>0x200004ac</load_address>
         <run_address>0x200004ac</run_address>
         <size>0x4</size>
         <input_file_ref idref="fl-7"/>
      </object_component>
      <object_component id="oc-1ae">
         <name>.data</name>
         <load_address>0x20000498</load_address>
         <run_address>0x20000498</run_address>
         <size>0x8</size>
         <input_file_ref idref="fl-142"/>
      </object_component>
      <object_component id="oc-7c">
         <name>.data</name>
         <load_address>0x200004a8</load_address>
         <run_address>0x200004a8</run_address>
         <size>0x4</size>
         <input_file_ref idref="fl-149"/>
      </object_component>
      <object_component id="oc-1ab">
         <name>.data</name>
         <load_address>0x20000490</load_address>
         <run_address>0x20000490</run_address>
         <size>0x8</size>
         <input_file_ref idref="fl-14b"/>
      </object_component>
      <object_component id="oc-20f">
         <name>.debug_info</name>
         <load_address>0x0</load_address>
         <run_address>0x0</run_address>
         <size>0x414</size>
         <input_file_ref idref="fl-2"/>
      </object_component>
      <object_component id="oc-20c">
         <name>.debug_info</name>
         <load_address>0x414</load_address>
         <run_address>0x414</run_address>
         <size>0x10f</size>
         <input_file_ref idref="fl-2"/>
      </object_component>
      <object_component id="oc-15e">
         <name>.debug_info</name>
         <load_address>0x523</load_address>
         <run_address>0x523</run_address>
         <size>0x109</size>
         <input_file_ref idref="fl-2"/>
      </object_component>
      <object_component id="oc-135">
         <name>.debug_info</name>
         <load_address>0x62c</load_address>
         <run_address>0x62c</run_address>
         <size>0x134e</size>
         <input_file_ref idref="fl-2"/>
      </object_component>
      <object_component id="oc-17c">
         <name>.debug_info</name>
         <load_address>0x197a</load_address>
         <run_address>0x197a</run_address>
         <size>0x6bd</size>
         <input_file_ref idref="fl-2"/>
      </object_component>
      <object_component id="oc-177">
         <name>.debug_info</name>
         <load_address>0x2037</load_address>
         <run_address>0x2037</run_address>
         <size>0x8b</size>
         <input_file_ref idref="fl-2"/>
      </object_component>
      <object_component id="oc-297">
         <name>.debug_info</name>
         <load_address>0x20c2</load_address>
         <run_address>0x20c2</run_address>
         <size>0x47</size>
         <input_file_ref idref="fl-2"/>
      </object_component>
      <object_component id="oc-e4">
         <name>.debug_info</name>
         <load_address>0x2109</load_address>
         <run_address>0x2109</run_address>
         <size>0x18b</size>
         <input_file_ref idref="fl-2"/>
      </object_component>
      <object_component id="oc-181">
         <name>.debug_info</name>
         <load_address>0x2294</load_address>
         <run_address>0x2294</run_address>
         <size>0x4e</size>
         <input_file_ref idref="fl-2"/>
      </object_component>
      <object_component id="oc-147">
         <name>.debug_info</name>
         <load_address>0x22e2</load_address>
         <run_address>0x22e2</run_address>
         <size>0x8e9</size>
         <input_file_ref idref="fl-4"/>
      </object_component>
      <object_component id="oc-ed">
         <name>.debug_info</name>
         <load_address>0x2bcb</load_address>
         <run_address>0x2bcb</run_address>
         <size>0xcc</size>
         <input_file_ref idref="fl-4"/>
      </object_component>
      <object_component id="oc-ea">
         <name>.debug_info</name>
         <load_address>0x2c97</load_address>
         <run_address>0x2c97</run_address>
         <size>0x122</size>
         <input_file_ref idref="fl-4"/>
      </object_component>
      <object_component id="oc-170">
         <name>.debug_info</name>
         <load_address>0x2db9</load_address>
         <run_address>0x2db9</run_address>
         <size>0xc9</size>
         <input_file_ref idref="fl-4"/>
      </object_component>
      <object_component id="oc-37">
         <name>.debug_info</name>
         <load_address>0x2e82</load_address>
         <run_address>0x2e82</run_address>
         <size>0x1496</size>
         <input_file_ref idref="fl-4"/>
      </object_component>
      <object_component id="oc-248">
         <name>.debug_info</name>
         <load_address>0x4318</load_address>
         <run_address>0x4318</run_address>
         <size>0x2e0</size>
         <input_file_ref idref="fl-5"/>
      </object_component>
      <object_component id="oc-161">
         <name>.debug_info</name>
         <load_address>0x45f8</load_address>
         <run_address>0x45f8</run_address>
         <size>0xce</size>
         <input_file_ref idref="fl-5"/>
      </object_component>
      <object_component id="oc-3e">
         <name>.debug_info</name>
         <load_address>0x46c6</load_address>
         <run_address>0x46c6</run_address>
         <size>0x182</size>
         <input_file_ref idref="fl-6"/>
      </object_component>
      <object_component id="oc-10">
         <name>.debug_info</name>
         <load_address>0x4848</load_address>
         <run_address>0x4848</run_address>
         <size>0xe5</size>
         <input_file_ref idref="fl-6"/>
      </object_component>
      <object_component id="oc-2b">
         <name>.debug_info</name>
         <load_address>0x492d</load_address>
         <run_address>0x492d</run_address>
         <size>0x261</size>
         <input_file_ref idref="fl-6"/>
      </object_component>
      <object_component id="oc-188">
         <name>.debug_info</name>
         <load_address>0x4b8e</load_address>
         <run_address>0x4b8e</run_address>
         <size>0x84</size>
         <input_file_ref idref="fl-6"/>
      </object_component>
      <object_component id="oc-82">
         <name>.debug_info</name>
         <load_address>0x4c12</load_address>
         <run_address>0x4c12</run_address>
         <size>0x770</size>
         <input_file_ref idref="fl-7"/>
      </object_component>
      <object_component id="oc-e1">
         <name>.debug_info</name>
         <load_address>0x5382</load_address>
         <run_address>0x5382</run_address>
         <size>0xde</size>
         <input_file_ref idref="fl-7"/>
      </object_component>
      <object_component id="oc-87">
         <name>.debug_info</name>
         <load_address>0x5460</load_address>
         <run_address>0x5460</run_address>
         <size>0x111</size>
         <input_file_ref idref="fl-7"/>
      </object_component>
      <object_component id="oc-31">
         <name>.debug_info</name>
         <load_address>0x5571</load_address>
         <run_address>0x5571</run_address>
         <size>0x4a0</size>
         <input_file_ref idref="fl-7"/>
      </object_component>
      <object_component id="oc-1b8">
         <name>.debug_info</name>
         <load_address>0x5a11</load_address>
         <run_address>0x5a11</run_address>
         <size>0xc6</size>
         <input_file_ref idref="fl-7"/>
      </object_component>
      <object_component id="oc-1f9">
         <name>.debug_info</name>
         <load_address>0x5ad7</load_address>
         <run_address>0x5ad7</run_address>
         <size>0x1ce</size>
         <input_file_ref idref="fl-f"/>
      </object_component>
      <object_component id="oc-101">
         <name>.debug_info</name>
         <load_address>0x5ca5</load_address>
         <run_address>0x5ca5</run_address>
         <size>0x1f5</size>
         <input_file_ref idref="fl-f"/>
      </object_component>
      <object_component id="oc-1e8">
         <name>.debug_info</name>
         <load_address>0x5e9a</load_address>
         <run_address>0x5e9a</run_address>
         <size>0x90</size>
         <input_file_ref idref="fl-f"/>
      </object_component>
      <object_component id="oc-1c0">
         <name>.debug_info</name>
         <load_address>0x5f2a</load_address>
         <run_address>0x5f2a</run_address>
         <size>0x18b</size>
         <input_file_ref idref="fl-f"/>
      </object_component>
      <object_component id="oc-1e1">
         <name>.debug_info</name>
         <load_address>0x60b5</load_address>
         <run_address>0x60b5</run_address>
         <size>0x1cf</size>
         <input_file_ref idref="fl-10"/>
      </object_component>
      <object_component id="oc-fb">
         <name>.debug_info</name>
         <load_address>0x6284</load_address>
         <run_address>0x6284</run_address>
         <size>0x1ee</size>
         <input_file_ref idref="fl-10"/>
      </object_component>
      <object_component id="oc-cc">
         <name>.debug_info</name>
         <load_address>0x6472</load_address>
         <run_address>0x6472</run_address>
         <size>0x21e</size>
         <input_file_ref idref="fl-10"/>
      </object_component>
      <object_component id="oc-11f">
         <name>.debug_info</name>
         <load_address>0x6690</load_address>
         <run_address>0x6690</run_address>
         <size>0x1f8</size>
         <input_file_ref idref="fl-10"/>
      </object_component>
      <object_component id="oc-f5">
         <name>.debug_info</name>
         <load_address>0x6888</load_address>
         <run_address>0x6888</run_address>
         <size>0x1f6</size>
         <input_file_ref idref="fl-10"/>
      </object_component>
      <object_component id="oc-d8">
         <name>.debug_info</name>
         <load_address>0x6a7e</load_address>
         <run_address>0x6a7e</run_address>
         <size>0x1e3</size>
         <input_file_ref idref="fl-10"/>
      </object_component>
      <object_component id="oc-d2">
         <name>.debug_info</name>
         <load_address>0x6c61</load_address>
         <run_address>0x6c61</run_address>
         <size>0x23b</size>
         <input_file_ref idref="fl-10"/>
      </object_component>
      <object_component id="oc-119">
         <name>.debug_info</name>
         <load_address>0x6e9c</load_address>
         <run_address>0x6e9c</run_address>
         <size>0x228</size>
         <input_file_ref idref="fl-10"/>
      </object_component>
      <object_component id="oc-c0">
         <name>.debug_info</name>
         <load_address>0x70c4</load_address>
         <run_address>0x70c4</run_address>
         <size>0x1f0</size>
         <input_file_ref idref="fl-10"/>
      </object_component>
      <object_component id="oc-1c5">
         <name>.debug_info</name>
         <load_address>0x72b4</load_address>
         <run_address>0x72b4</run_address>
         <size>0x226</size>
         <input_file_ref idref="fl-11"/>
      </object_component>
      <object_component id="oc-1e3">
         <name>.debug_info</name>
         <load_address>0x74da</load_address>
         <run_address>0x74da</run_address>
         <size>0xff</size>
         <input_file_ref idref="fl-11"/>
      </object_component>
      <object_component id="oc-8a">
         <name>.debug_info</name>
         <load_address>0x75d9</load_address>
         <run_address>0x75d9</run_address>
         <size>0x1e1</size>
         <input_file_ref idref="fl-11"/>
      </object_component>
      <object_component id="oc-164">
         <name>.debug_info</name>
         <load_address>0x77ba</load_address>
         <run_address>0x77ba</run_address>
         <size>0x363</size>
         <input_file_ref idref="fl-11"/>
      </object_component>
      <object_component id="oc-c6">
         <name>.debug_info</name>
         <load_address>0x7b1d</load_address>
         <run_address>0x7b1d</run_address>
         <size>0x219</size>
         <input_file_ref idref="fl-11"/>
      </object_component>
      <object_component id="oc-27d">
         <name>.debug_info</name>
         <load_address>0x7d36</load_address>
         <run_address>0x7d36</run_address>
         <size>0x5f</size>
         <input_file_ref idref="fl-11"/>
      </object_component>
      <object_component id="oc-1d0">
         <name>.debug_info</name>
         <load_address>0x7d95</load_address>
         <run_address>0x7d95</run_address>
         <size>0x1ba</size>
         <input_file_ref idref="fl-12"/>
      </object_component>
      <object_component id="oc-1cd">
         <name>.debug_info</name>
         <load_address>0x7f4f</load_address>
         <run_address>0x7f4f</run_address>
         <size>0x1c2</size>
         <input_file_ref idref="fl-12"/>
      </object_component>
      <object_component id="oc-113">
         <name>.debug_info</name>
         <load_address>0x8111</load_address>
         <run_address>0x8111</run_address>
         <size>0x1a2</size>
         <input_file_ref idref="fl-12"/>
      </object_component>
      <object_component id="oc-ae">
         <name>.debug_info</name>
         <load_address>0x82b3</load_address>
         <run_address>0x82b3</run_address>
         <size>0x1cc</size>
         <input_file_ref idref="fl-12"/>
      </object_component>
      <object_component id="oc-1df">
         <name>.debug_info</name>
         <load_address>0x847f</load_address>
         <run_address>0x847f</run_address>
         <size>0x1d7</size>
         <input_file_ref idref="fl-13"/>
      </object_component>
      <object_component id="oc-1fb">
         <name>.debug_info</name>
         <load_address>0x8656</load_address>
         <run_address>0x8656</run_address>
         <size>0x10d</size>
         <input_file_ref idref="fl-13"/>
      </object_component>
      <object_component id="oc-bb">
         <name>.debug_info</name>
         <load_address>0x8763</load_address>
         <run_address>0x8763</run_address>
         <size>0x207</size>
         <input_file_ref idref="fl-13"/>
      </object_component>
      <object_component id="oc-1d9">
         <name>.debug_info</name>
         <load_address>0x896a</load_address>
         <run_address>0x896a</run_address>
         <size>0x217</size>
         <input_file_ref idref="fl-13"/>
      </object_component>
      <object_component id="oc-1d3">
         <name>.debug_info</name>
         <load_address>0x8b81</load_address>
         <run_address>0x8b81</run_address>
         <size>0x312</size>
         <input_file_ref idref="fl-13"/>
      </object_component>
      <object_component id="oc-10e">
         <name>.debug_info</name>
         <load_address>0x8e93</load_address>
         <run_address>0x8e93</run_address>
         <size>0x1e1</size>
         <input_file_ref idref="fl-13"/>
      </object_component>
      <object_component id="oc-b4">
         <name>.debug_info</name>
         <load_address>0x9074</load_address>
         <run_address>0x9074</run_address>
         <size>0x1eb</size>
         <input_file_ref idref="fl-13"/>
      </object_component>
      <object_component id="oc-107">
         <name>.debug_info</name>
         <load_address>0x925f</load_address>
         <run_address>0x925f</run_address>
         <size>0x1e4</size>
         <input_file_ref idref="fl-13"/>
      </object_component>
      <object_component id="oc-200">
         <name>.debug_info</name>
         <load_address>0x9443</load_address>
         <run_address>0x9443</run_address>
         <size>0x176</size>
         <input_file_ref idref="fl-14"/>
      </object_component>
      <object_component id="oc-1c7">
         <name>.debug_info</name>
         <load_address>0x95b9</load_address>
         <run_address>0x95b9</run_address>
         <size>0x1a8</size>
         <input_file_ref idref="fl-15"/>
      </object_component>
      <object_component id="oc-9c">
         <name>.debug_info</name>
         <load_address>0x9761</load_address>
         <run_address>0x9761</run_address>
         <size>0x297</size>
         <input_file_ref idref="fl-15"/>
      </object_component>
      <object_component id="oc-a2">
         <name>.debug_info</name>
         <load_address>0x99f8</load_address>
         <run_address>0x99f8</run_address>
         <size>0x204</size>
         <input_file_ref idref="fl-15"/>
      </object_component>
      <object_component id="oc-96">
         <name>.debug_info</name>
         <load_address>0x9bfc</load_address>
         <run_address>0x9bfc</run_address>
         <size>0x28a</size>
         <input_file_ref idref="fl-15"/>
      </object_component>
      <object_component id="oc-a8">
         <name>.debug_info</name>
         <load_address>0x9e86</load_address>
         <run_address>0x9e86</run_address>
         <size>0x1fa</size>
         <input_file_ref idref="fl-15"/>
      </object_component>
      <object_component id="oc-90">
         <name>.debug_info</name>
         <load_address>0xa080</load_address>
         <run_address>0xa080</run_address>
         <size>0x2b4</size>
         <input_file_ref idref="fl-15"/>
      </object_component>
      <object_component id="oc-257">
         <name>.debug_info</name>
         <load_address>0xa334</load_address>
         <run_address>0xa334</run_address>
         <size>0x30d</size>
         <input_file_ref idref="fl-16"/>
      </object_component>
      <object_component id="oc-253">
         <name>.debug_info</name>
         <load_address>0xa641</load_address>
         <run_address>0xa641</run_address>
         <size>0x10c</size>
         <input_file_ref idref="fl-16"/>
      </object_component>
      <object_component id="oc-173">
         <name>.debug_info</name>
         <load_address>0xa74d</load_address>
         <run_address>0xa74d</run_address>
         <size>0x108</size>
         <input_file_ref idref="fl-16"/>
      </object_component>
      <object_component id="oc-2ed">
         <name>.debug_info</name>
         <load_address>0xa855</load_address>
         <run_address>0xa855</run_address>
         <size>0x6bd</size>
         <input_file_ref idref="fl-16"/>
      </object_component>
      <object_component id="oc-2b7">
         <name>.debug_info</name>
         <load_address>0xaf12</load_address>
         <run_address>0xaf12</run_address>
         <size>0x90</size>
         <input_file_ref idref="fl-16"/>
      </object_component>
      <object_component id="oc-226">
         <name>.debug_info</name>
         <load_address>0xafa2</load_address>
         <run_address>0xafa2</run_address>
         <size>0x18b</size>
         <input_file_ref idref="fl-16"/>
      </object_component>
      <object_component id="oc-234">
         <name>.debug_info</name>
         <load_address>0xb12d</load_address>
         <run_address>0xb12d</run_address>
         <size>0x397</size>
         <input_file_ref idref="fl-17"/>
      </object_component>
      <object_component id="oc-2a5">
         <name>.debug_info</name>
         <load_address>0xb4c4</load_address>
         <run_address>0xb4c4</run_address>
         <size>0x262</size>
         <input_file_ref idref="fl-17"/>
      </object_component>
      <object_component id="oc-2ff">
         <name>.debug_info</name>
         <load_address>0xb726</load_address>
         <run_address>0xb726</run_address>
         <size>0x30f</size>
         <input_file_ref idref="fl-17"/>
      </object_component>
      <object_component id="oc-305">
         <name>.debug_info</name>
         <load_address>0xba35</load_address>
         <run_address>0xba35</run_address>
         <size>0x2af</size>
         <input_file_ref idref="fl-17"/>
      </object_component>
      <object_component id="oc-2ab">
         <name>.debug_info</name>
         <load_address>0xbce4</load_address>
         <run_address>0xbce4</run_address>
         <size>0x230</size>
         <input_file_ref idref="fl-17"/>
      </object_component>
      <object_component id="oc-29f">
         <name>.debug_info</name>
         <load_address>0xbf14</load_address>
         <run_address>0xbf14</run_address>
         <size>0x2a5</size>
         <input_file_ref idref="fl-17"/>
      </object_component>
      <object_component id="oc-150">
         <name>.debug_info</name>
         <load_address>0xc1b9</load_address>
         <run_address>0xc1b9</run_address>
         <size>0x21b</size>
         <input_file_ref idref="fl-17"/>
      </object_component>
      <object_component id="oc-2d5">
         <name>.debug_info</name>
         <load_address>0xc3d4</load_address>
         <run_address>0xc3d4</run_address>
         <size>0x1b8</size>
         <input_file_ref idref="fl-17"/>
      </object_component>
      <object_component id="oc-22e">
         <name>.debug_info</name>
         <load_address>0xc58c</load_address>
         <run_address>0xc58c</run_address>
         <size>0x2b1</size>
         <input_file_ref idref="fl-17"/>
      </object_component>
      <object_component id="oc-2b1">
         <name>.debug_info</name>
         <load_address>0xc83d</load_address>
         <run_address>0xc83d</run_address>
         <size>0x7a6</size>
         <input_file_ref idref="fl-17"/>
      </object_component>
      <object_component id="oc-211">
         <name>.debug_info</name>
         <load_address>0xcfe3</load_address>
         <run_address>0xcfe3</run_address>
         <size>0x4dc</size>
         <input_file_ref idref="fl-17"/>
      </object_component>
      <object_component id="oc-14a">
         <name>.debug_info</name>
         <load_address>0xd4bf</load_address>
         <run_address>0xd4bf</run_address>
         <size>0x1f1</size>
         <input_file_ref idref="fl-17"/>
      </object_component>
      <object_component id="oc-2dd">
         <name>.debug_info</name>
         <load_address>0xd6b0</load_address>
         <run_address>0xd6b0</run_address>
         <size>0x6bd</size>
         <input_file_ref idref="fl-17"/>
      </object_component>
      <object_component id="oc-243">
         <name>.debug_info</name>
         <load_address>0xdd6d</load_address>
         <run_address>0xdd6d</run_address>
         <size>0x385</size>
         <input_file_ref idref="fl-18"/>
      </object_component>
      <object_component id="oc-16a">
         <name>.debug_info</name>
         <load_address>0xe0f2</load_address>
         <run_address>0xe0f2</run_address>
         <size>0x1e8</size>
         <input_file_ref idref="fl-18"/>
      </object_component>
      <object_component id="oc-157">
         <name>.debug_info</name>
         <load_address>0xe2da</load_address>
         <run_address>0xe2da</run_address>
         <size>0x1fc</size>
         <input_file_ref idref="fl-18"/>
      </object_component>
      <object_component id="oc-24b">
         <name>.debug_info</name>
         <load_address>0xe4d6</load_address>
         <run_address>0xe4d6</run_address>
         <size>0x6bd</size>
         <input_file_ref idref="fl-18"/>
      </object_component>
      <object_component id="oc-2e3">
         <name>.debug_info</name>
         <load_address>0xeb93</load_address>
         <run_address>0xeb93</run_address>
         <size>0x310</size>
         <input_file_ref idref="fl-19"/>
      </object_component>
      <object_component id="oc-23d">
         <name>.debug_info</name>
         <load_address>0xeea3</load_address>
         <run_address>0xeea3</run_address>
         <size>0x20f</size>
         <input_file_ref idref="fl-19"/>
      </object_component>
      <object_component id="oc-237">
         <name>.debug_info</name>
         <load_address>0xf0b2</load_address>
         <run_address>0xf0b2</run_address>
         <size>0x20f</size>
         <input_file_ref idref="fl-19"/>
      </object_component>
      <object_component id="oc-225">
         <name>.debug_info</name>
         <load_address>0xf2c1</load_address>
         <run_address>0xf2c1</run_address>
         <size>0x349</size>
         <input_file_ref idref="fl-1a"/>
      </object_component>
      <object_component id="oc-2cf">
         <name>.debug_info</name>
         <load_address>0xf60a</load_address>
         <run_address>0xf60a</run_address>
         <size>0xfe</size>
         <input_file_ref idref="fl-1a"/>
      </object_component>
      <object_component id="oc-2ca">
         <name>.debug_info</name>
         <load_address>0xf708</load_address>
         <run_address>0xf708</run_address>
         <size>0x8a7</size>
         <input_file_ref idref="fl-1a"/>
      </object_component>
      <object_component id="oc-21f">
         <name>.debug_info</name>
         <load_address>0xffaf</load_address>
         <run_address>0xffaf</run_address>
         <size>0x960</size>
         <input_file_ref idref="fl-1a"/>
      </object_component>
      <object_component id="oc-141">
         <name>.debug_info</name>
         <load_address>0x1090f</load_address>
         <run_address>0x1090f</run_address>
         <size>0x1dc</size>
         <input_file_ref idref="fl-1a"/>
      </object_component>
      <object_component id="oc-21d">
         <name>.debug_info</name>
         <load_address>0x10aeb</load_address>
         <run_address>0x10aeb</run_address>
         <size>0x3de</size>
         <input_file_ref idref="fl-1b"/>
      </object_component>
      <object_component id="oc-21a">
         <name>.debug_info</name>
         <load_address>0x10ec9</load_address>
         <run_address>0x10ec9</run_address>
         <size>0x102</size>
         <input_file_ref idref="fl-1b"/>
      </object_component>
      <object_component id="oc-217">
         <name>.debug_info</name>
         <load_address>0x10fcb</load_address>
         <run_address>0x10fcb</run_address>
         <size>0x119</size>
         <input_file_ref idref="fl-1b"/>
      </object_component>
      <object_component id="oc-13b">
         <name>.debug_info</name>
         <load_address>0x110e4</load_address>
         <run_address>0x110e4</run_address>
         <size>0x1e1</size>
         <input_file_ref idref="fl-1b"/>
      </object_component>
      <object_component id="oc-30d">
         <name>.debug_info</name>
         <load_address>0x112c5</load_address>
         <run_address>0x112c5</run_address>
         <size>0x374</size>
         <input_file_ref idref="fl-1c"/>
      </object_component>
      <object_component id="oc-2bd">
         <name>.debug_info</name>
         <load_address>0x11639</load_address>
         <run_address>0x11639</run_address>
         <size>0x215</size>
         <input_file_ref idref="fl-1c"/>
      </object_component>
      <object_component id="oc-27">
         <name>.debug_info</name>
         <load_address>0x1184e</load_address>
         <run_address>0x1184e</run_address>
         <size>0x138</size>
         <input_file_ref idref="fl-13e"/>
      </object_component>
      <object_component id="oc-4a">
         <name>.debug_info</name>
         <load_address>0x11986</load_address>
         <run_address>0x11986</run_address>
         <size>0x123</size>
         <input_file_ref idref="fl-13f"/>
      </object_component>
      <object_component id="oc-13">
         <name>.debug_info</name>
         <load_address>0x11aa9</load_address>
         <run_address>0x11aa9</run_address>
         <size>0x1c2</size>
         <input_file_ref idref="fl-13f"/>
      </object_component>
      <object_component id="oc-45">
         <name>.debug_info</name>
         <load_address>0x11c6b</load_address>
         <run_address>0x11c6b</run_address>
         <size>0x46</size>
         <input_file_ref idref="fl-13f"/>
      </object_component>
      <object_component id="oc-18e">
         <name>.debug_info</name>
         <load_address>0x11cb1</load_address>
         <run_address>0x11cb1</run_address>
         <size>0x2c</size>
         <input_file_ref idref="fl-13f"/>
      </object_component>
      <object_component id="oc-52">
         <name>.debug_info</name>
         <load_address>0x11cdd</load_address>
         <run_address>0x11cdd</run_address>
         <size>0x117</size>
         <input_file_ref idref="fl-140"/>
      </object_component>
      <object_component id="oc-4e">
         <name>.debug_info</name>
         <load_address>0x11df4</load_address>
         <run_address>0x11df4</run_address>
         <size>0x22a</size>
         <input_file_ref idref="fl-140"/>
      </object_component>
      <object_component id="oc-1b">
         <name>.debug_info</name>
         <load_address>0x1201e</load_address>
         <run_address>0x1201e</run_address>
         <size>0x1bc</size>
         <input_file_ref idref="fl-140"/>
      </object_component>
      <object_component id="oc-53">
         <name>.debug_info</name>
         <load_address>0x121da</load_address>
         <run_address>0x121da</run_address>
         <size>0x39</size>
         <input_file_ref idref="fl-140"/>
      </object_component>
      <object_component id="oc-198">
         <name>.debug_info</name>
         <load_address>0x12213</load_address>
         <run_address>0x12213</run_address>
         <size>0x2c</size>
         <input_file_ref idref="fl-140"/>
      </object_component>
      <object_component id="oc-63">
         <name>.debug_info</name>
         <load_address>0x1223f</load_address>
         <run_address>0x1223f</run_address>
         <size>0x112</size>
         <input_file_ref idref="fl-141"/>
      </object_component>
      <object_component id="oc-1f">
         <name>.debug_info</name>
         <load_address>0x12351</load_address>
         <run_address>0x12351</run_address>
         <size>0x18d</size>
         <input_file_ref idref="fl-141"/>
      </object_component>
      <object_component id="oc-5e">
         <name>.debug_info</name>
         <load_address>0x124de</load_address>
         <run_address>0x124de</run_address>
         <size>0x46</size>
         <input_file_ref idref="fl-141"/>
      </object_component>
      <object_component id="oc-1b2">
         <name>.debug_info</name>
         <load_address>0x12524</load_address>
         <run_address>0x12524</run_address>
         <size>0x174</size>
         <input_file_ref idref="fl-142"/>
      </object_component>
      <object_component id="oc-1af">
         <name>.debug_info</name>
         <load_address>0x12698</load_address>
         <run_address>0x12698</run_address>
         <size>0x119</size>
         <input_file_ref idref="fl-142"/>
      </object_component>
      <object_component id="oc-79">
         <name>.debug_info</name>
         <load_address>0x127b1</load_address>
         <run_address>0x127b1</run_address>
         <size>0x1f0</size>
         <input_file_ref idref="fl-142"/>
      </object_component>
      <object_component id="oc-12a">
         <name>.debug_info</name>
         <load_address>0x129a1</load_address>
         <run_address>0x129a1</run_address>
         <size>0x11b</size>
         <input_file_ref idref="fl-143"/>
      </object_component>
      <object_component id="oc-12f">
         <name>.debug_info</name>
         <load_address>0x12abc</load_address>
         <run_address>0x12abc</run_address>
         <size>0x116</size>
         <input_file_ref idref="fl-144"/>
      </object_component>
      <object_component id="oc-125">
         <name>.debug_info</name>
         <load_address>0x12bd2</load_address>
         <run_address>0x12bd2</run_address>
         <size>0x10d</size>
         <input_file_ref idref="fl-145"/>
      </object_component>
      <object_component id="oc-40">
         <name>.debug_info</name>
         <load_address>0x12cdf</load_address>
         <run_address>0x12cdf</run_address>
         <size>0xfa</size>
         <input_file_ref idref="fl-146"/>
      </object_component>
      <object_component id="oc-59">
         <name>.debug_info</name>
         <load_address>0x12dd9</load_address>
         <run_address>0x12dd9</run_address>
         <size>0x12a</size>
         <input_file_ref idref="fl-147"/>
      </object_component>
      <object_component id="oc-65">
         <name>.debug_info</name>
         <load_address>0x12f03</load_address>
         <run_address>0x12f03</run_address>
         <size>0x12b</size>
         <input_file_ref idref="fl-148"/>
      </object_component>
      <object_component id="oc-7d">
         <name>.debug_info</name>
         <load_address>0x1302e</load_address>
         <run_address>0x1302e</run_address>
         <size>0xec</size>
         <input_file_ref idref="fl-149"/>
      </object_component>
      <object_component id="oc-f1">
         <name>.debug_info</name>
         <load_address>0x1311a</load_address>
         <run_address>0x1311a</run_address>
         <size>0x165</size>
         <input_file_ref idref="fl-14a"/>
      </object_component>
      <object_component id="oc-275">
         <name>.debug_info</name>
         <load_address>0x1327f</load_address>
         <run_address>0x1327f</run_address>
         <size>0x107</size>
         <input_file_ref idref="fl-14b"/>
      </object_component>
      <object_component id="oc-1ac">
         <name>.debug_info</name>
         <load_address>0x13386</load_address>
         <run_address>0x13386</run_address>
         <size>0xf6</size>
         <input_file_ref idref="fl-14b"/>
      </object_component>
      <object_component id="oc-26e">
         <name>.debug_info</name>
         <load_address>0x1347c</load_address>
         <run_address>0x1347c</run_address>
         <size>0x202</size>
         <input_file_ref idref="fl-14b"/>
      </object_component>
      <object_component id="oc-1aa">
         <name>.debug_info</name>
         <load_address>0x1367e</load_address>
         <run_address>0x1367e</run_address>
         <size>0x149</size>
         <input_file_ref idref="fl-14c"/>
      </object_component>
      <object_component id="oc-71">
         <name>.debug_info</name>
         <load_address>0x137c7</load_address>
         <run_address>0x137c7</run_address>
         <size>0x14a</size>
         <input_file_ref idref="fl-14c"/>
      </object_component>
      <object_component id="oc-268">
         <name>.debug_info</name>
         <load_address>0x13911</load_address>
         <run_address>0x13911</run_address>
         <size>0x5e</size>
         <input_file_ref idref="fl-14c"/>
      </object_component>
      <object_component id="oc-1a8">
         <name>.debug_info</name>
         <load_address>0x1396f</load_address>
         <run_address>0x1396f</run_address>
         <size>0x2a0</size>
         <input_file_ref idref="fl-14d"/>
      </object_component>
      <object_component id="oc-6b">
         <name>.debug_info</name>
         <load_address>0x13c0f</load_address>
         <run_address>0x13c0f</run_address>
         <size>0x15a</size>
         <input_file_ref idref="fl-14d"/>
      </object_component>
      <object_component id="oc-25c">
         <name>.debug_info</name>
         <load_address>0x13d69</load_address>
         <run_address>0x13d69</run_address>
         <size>0x39</size>
         <input_file_ref idref="fl-14d"/>
      </object_component>
      <object_component id="oc-261">
         <name>.debug_info</name>
         <load_address>0x13da2</load_address>
         <run_address>0x13da2</run_address>
         <size>0xcd</size>
         <input_file_ref idref="fl-14d"/>
      </object_component>
      <object_component id="oc-259">
         <name>.debug_info</name>
         <load_address>0x13e6f</load_address>
         <run_address>0x13e6f</run_address>
         <size>0x1c3</size>
         <input_file_ref idref="fl-14e"/>
      </object_component>
      <object_component id="oc-1a2">
         <name>.debug_info</name>
         <load_address>0x14032</load_address>
         <run_address>0x14032</run_address>
         <size>0x17f</size>
         <input_file_ref idref="fl-14e"/>
      </object_component>
      <object_component id="oc-2f4">
         <name>.debug_info</name>
         <load_address>0x141b1</load_address>
         <run_address>0x141b1</run_address>
         <size>0x2c</size>
         <input_file_ref idref="fl-14e"/>
      </object_component>
      <object_component id="oc-33e">
         <name>.debug_info</name>
         <load_address>0x141dd</load_address>
         <run_address>0x141dd</run_address>
         <size>0x9f</size>
      </object_component>
      <object_component id="oc-29d">
         <name>.debug_line</name>
         <load_address>0x0</load_address>
         <run_address>0x0</run_address>
         <size>0x92</size>
         <input_file_ref idref="fl-2"/>
      </object_component>
      <object_component id="oc-296">
         <name>.debug_line</name>
         <load_address>0x92</load_address>
         <run_address>0x92</run_address>
         <size>0x46</size>
         <input_file_ref idref="fl-2"/>
      </object_component>
      <object_component id="oc-245">
         <name>.debug_line</name>
         <load_address>0xd8</load_address>
         <run_address>0xd8</run_address>
         <size>0x46</size>
         <input_file_ref idref="fl-2"/>
      </object_component>
      <object_component id="oc-138">
         <name>.debug_line</name>
         <load_address>0x11e</load_address>
         <run_address>0x11e</run_address>
         <size>0x415</size>
         <input_file_ref idref="fl-2"/>
      </object_component>
      <object_component id="oc-17f">
         <name>.debug_line</name>
         <load_address>0x533</load_address>
         <run_address>0x533</run_address>
         <size>0x55</size>
         <input_file_ref idref="fl-2"/>
      </object_component>
      <object_component id="oc-17a">
         <name>.debug_line</name>
         <load_address>0x588</load_address>
         <run_address>0x588</run_address>
         <size>0x20</size>
         <input_file_ref idref="fl-2"/>
      </object_component>
      <object_component id="oc-29a">
         <name>.debug_line</name>
         <load_address>0x5a8</load_address>
         <run_address>0x5a8</run_address>
         <size>0x46</size>
         <input_file_ref idref="fl-2"/>
      </object_component>
      <object_component id="oc-e7">
         <name>.debug_line</name>
         <load_address>0x5ee</load_address>
         <run_address>0x5ee</run_address>
         <size>0x60</size>
         <input_file_ref idref="fl-2"/>
      </object_component>
      <object_component id="oc-184">
         <name>.debug_line</name>
         <load_address>0x64e</load_address>
         <run_address>0x64e</run_address>
         <size>0x60</size>
         <input_file_ref idref="fl-2"/>
      </object_component>
      <object_component id="oc-22c">
         <name>.debug_line</name>
         <load_address>0x6ae</load_address>
         <run_address>0x6ae</run_address>
         <size>0x1ba</size>
         <input_file_ref idref="fl-4"/>
      </object_component>
      <object_component id="oc-1f4">
         <name>.debug_line</name>
         <load_address>0x868</load_address>
         <run_address>0x868</run_address>
         <size>0x59</size>
         <input_file_ref idref="fl-4"/>
      </object_component>
      <object_component id="oc-1f2">
         <name>.debug_line</name>
         <load_address>0x8c1</load_address>
         <run_address>0x8c1</run_address>
         <size>0x59</size>
         <input_file_ref idref="fl-4"/>
      </object_component>
      <object_component id="oc-251">
         <name>.debug_line</name>
         <load_address>0x91a</load_address>
         <run_address>0x91a</run_address>
         <size>0x2d</size>
         <input_file_ref idref="fl-4"/>
      </object_component>
      <object_component id="oc-3a">
         <name>.debug_line</name>
         <load_address>0x947</load_address>
         <run_address>0x947</run_address>
         <size>0x56c</size>
         <input_file_ref idref="fl-4"/>
      </object_component>
      <object_component id="oc-2e8">
         <name>.debug_line</name>
         <load_address>0xeb3</load_address>
         <run_address>0xeb3</run_address>
         <size>0x20</size>
         <input_file_ref idref="fl-5"/>
      </object_component>
      <object_component id="oc-247">
         <name>.debug_line</name>
         <load_address>0xed3</load_address>
         <run_address>0xed3</run_address>
         <size>0x2c</size>
         <input_file_ref idref="fl-5"/>
      </object_component>
      <object_component id="oc-187">
         <name>.debug_line</name>
         <load_address>0xeff</load_address>
         <run_address>0xeff</run_address>
         <size>0x41</size>
         <input_file_ref idref="fl-6"/>
      </object_component>
      <object_component id="oc-3d">
         <name>.debug_line</name>
         <load_address>0xf40</load_address>
         <run_address>0xf40</run_address>
         <size>0x41</size>
         <input_file_ref idref="fl-6"/>
      </object_component>
      <object_component id="oc-2e">
         <name>.debug_line</name>
         <load_address>0xf81</load_address>
         <run_address>0xf81</run_address>
         <size>0xa1</size>
         <input_file_ref idref="fl-6"/>
      </object_component>
      <object_component id="oc-18b">
         <name>.debug_line</name>
         <load_address>0x1022</load_address>
         <run_address>0x1022</run_address>
         <size>0x20</size>
         <input_file_ref idref="fl-6"/>
      </object_component>
      <object_component id="oc-1b7">
         <name>.debug_line</name>
         <load_address>0x1042</load_address>
         <run_address>0x1042</run_address>
         <size>0x14d</size>
         <input_file_ref idref="fl-7"/>
      </object_component>
      <object_component id="oc-1ef">
         <name>.debug_line</name>
         <load_address>0x118f</load_address>
         <run_address>0x118f</run_address>
         <size>0x2e</size>
         <input_file_ref idref="fl-7"/>
      </object_component>
      <object_component id="oc-1be">
         <name>.debug_line</name>
         <load_address>0x11bd</load_address>
         <run_address>0x11bd</run_address>
         <size>0x2e</size>
         <input_file_ref idref="fl-7"/>
      </object_component>
      <object_component id="oc-34">
         <name>.debug_line</name>
         <load_address>0x11eb</load_address>
         <run_address>0x11eb</run_address>
         <size>0x14d</size>
         <input_file_ref idref="fl-7"/>
      </object_component>
      <object_component id="oc-1bb">
         <name>.debug_line</name>
         <load_address>0x1338</load_address>
         <run_address>0x1338</run_address>
         <size>0x56</size>
         <input_file_ref idref="fl-7"/>
      </object_component>
      <object_component id="oc-291">
         <name>.debug_line</name>
         <load_address>0x138e</load_address>
         <run_address>0x138e</run_address>
         <size>0x5b</size>
         <input_file_ref idref="fl-f"/>
      </object_component>
      <object_component id="oc-104">
         <name>.debug_line</name>
         <load_address>0x13e9</load_address>
         <run_address>0x13e9</run_address>
         <size>0x6b</size>
         <input_file_ref idref="fl-f"/>
      </object_component>
      <object_component id="oc-1eb">
         <name>.debug_line</name>
         <load_address>0x1454</load_address>
         <run_address>0x1454</run_address>
         <size>0x20</size>
         <input_file_ref idref="fl-f"/>
      </object_component>
      <object_component id="oc-1c3">
         <name>.debug_line</name>
         <load_address>0x1474</load_address>
         <run_address>0x1474</run_address>
         <size>0x5e</size>
         <input_file_ref idref="fl-f"/>
      </object_component>
      <object_component id="oc-28d">
         <name>.debug_line</name>
         <load_address>0x14d2</load_address>
[...]
         <name>__STACK_END</name>
         <value>0x20000400</value>
      </symbol>
      <symbol id="sm-a">
         <name>__c_args__</name>
         <value>0xffffffff</value>
      </symbol>
      <symbol id="sm-9c">
         <name>WriteData</name>
         <value>0x20000488</value>
         <object_component_ref idref="oc-20b"/>
      </symbol>
      <symbol id="sm-9d">
         <name>Kentec320x240x16_SSD2119Init</name>
         <value>0x7c71</value>
         <object_component_ref idref="oc-134"/>
      </symbol>
      <symbol id="sm-9e">
         <name>g_sKentec320x240x16_SSD2119</name>
         <value>0x6f10</value>
         <object_component_ref idref="oc-15d"/>
      </symbol>
      <symbol id="sm-9f">
         <name>LED_OFF</name>
         <value>0x7ad7</value>
         <object_component_ref idref="oc-134"/>
      </symbol>
      <symbol id="sm-a0">
         <name>LED_ON</name>
         <value>0x7abd</value>
         <object_component_ref idref="oc-134"/>
      </symbol>
      <symbol id="sm-a1">
         <name>WriteCommand</name>
         <value>0x2000048c</value>
         <object_component_ref idref="oc-20b"/>
      </symbol>
      <symbol id="sm-15a">
         <name>timer</name>
         <value>0x20000480</value>
      </symbol>
      <symbol id="sm-15b">
         <name>speedString</name>
         <value>0x20000464</value>
      </symbol>
      <symbol id="sm-15c">
         <name>speed</name>
         <value>0x2000047c</value>
      </symbol>
      <symbol id="sm-15d">
         <name>sRect</name>
         <value>0x2000045c</value>
      </symbol>
      <symbol id="sm-15e">
         <name>drawIntoLCD</name>
         <value>0x7711</value>
         <object_component_ref idref="oc-36"/>
      </symbol>
      <symbol id="sm-15f">
         <name>UARTgetc</name>
         <value>0x70f1</value>
         <object_component_ref idref="oc-36"/>
      </symbol>
      <symbol id="sm-160">
         <name>UARTgets</name>
         <value>0x702b</value>
         <object_component_ref idref="oc-36"/>
      </symbol>
      <symbol id="sm-161">
         <name>drawIMGLCD</name>
         <value>0x76b3</value>
         <object_component_ref idref="oc-36"/>
      </symbol>
      <symbol id="sm-162">
         <name>UARTStdioConfig</name>
         <value>0x6f79</value>
         <object_component_ref idref="oc-36"/>
      </symbol>
      <symbol id="sm-163">
         <name>ClrScreen</name>
         <value>0x79fd</value>
         <object_component_ref idref="oc-36"/>
      </symbol>
      <symbol id="sm-164">
         <name>sContext</name>
         <value>0x20000400</value>
         <object_component_ref idref="oc-16f"/>
      </symbol>
      <symbol id="sm-165">
         <name>main</name>
         <value>0x7929</value>
         <object_component_ref idref="oc-36"/>
      </symbol>
      <symbol id="sm-166">
         <name>ConfigureUART</name>
         <value>0x7469</value>
         <object_component_ref idref="oc-36"/>
      </symbol>
      <symbol id="sm-167">
         <name>delayMS</name>
         <value>0x767b</value>
         <object_component_ref idref="oc-36"/>
      </symbol>
      <symbol id="sm-168">
         <name>calc_freq</name>
         <value>0x75dd</value>
         <object_component_ref idref="oc-36"/>
      </symbol>
      <symbol id="sm-169">
         <name>main2</name>
         <value>0x74c3</value>
         <object_component_ref idref="oc-36"/>
      </symbol>
      <symbol id="sm-16a">
         <name>drawIntoLCD2</name>
         <value>0x7835</value>
         <object_component_ref idref="oc-36"/>
      </symbol>
      <symbol id="sm-16b">
         <name>UARTwrite</name>
         <value>0x6fd9</value>
         <object_component_ref idref="oc-36"/>
      </symbol>
      <symbol id="sm-16c">
         <name>itoa</name>
         <value>0x753b</value>
         <object_component_ref idref="oc-36"/>
      </symbol>
      <symbol id="sm-16d">
         <name>initLCD</name>
         <value>0x7697</value>
         <object_component_ref idref="oc-36"/>
      </symbol>
      <symbol id="sm-16e">
         <name>Timer2IntHandler</name>
         <value>0x7467</value>
         <object_component_ref idref="oc-36"/>
      </symbol>
      <symbol id="sm-16f">
         <name>Timer0IntHandler</name>
         <value>0x7443</value>
         <object_component_ref idref="oc-36"/>
      </symbol>
      <symbol id="sm-170">
         <name>UARTprintf</name>
         <value>0x741f</value>
         <object_component_ref idref="oc-36"/>
      </symbol>
      <symbol id="sm-171">
         <name>UARTvprintf</name>
         <value>0x7125</value>
         <object_component_ref idref="oc-36"/>
      </symbol>
      <symbol id="sm-17c">
         <name>g_pui8Image</name>
         <value>0x26c</value>
         <object_component_ref idref="oc-160"/>
      </symbol>
      <symbol id="sm-19d">
         <name>ResetISR</name>
         <value>0xa0bb</value>
         <object_component_ref idref="oc-2a"/>
      </symbol>
      <symbol id="sm-19e">
         <name>g_pfnVectors</name>
         <value>0x0</value>
         <object_component_ref idref="oc-f"/>
      </symbol>
      <symbol id="sm-1fa">
         <name>g_plParmSet</name>
         <value>0x20000474</value>
      </symbol>
      <symbol id="sm-1fb">
         <name>g_sTouchX</name>
         <value>0x20000484</value>
      </symbol>
      <symbol id="sm-1fc">
         <name>g_sTouchY</name>
         <value>0x20000486</value>
      </symbol>
      <symbol id="sm-1fd">
         <name>g_sTouchMin</name>
         <value>0x200004ac</value>
         <object_component_ref idref="oc-86"/>
      </symbol>
      <symbol id="sm-1fe">
         <name>TouchScreenInit</name>
         <value>0x876d</value>
         <object_component_ref idref="oc-30"/>
      </symbol>
      <symbol id="sm-1ff">
         <name>TouchScreenCallbackSet</name>
         <value>0x8839</value>
         <object_component_ref idref="oc-30"/>
      </symbol>
      <symbol id="sm-200">
         <name>g_lTouchParameters</name>
         <value>0x6ed8</value>
         <object_component_ref idref="oc-e0"/>
      </symbol>
      <symbol id="sm-201">
         <name>TouchScreenIntHandler</name>
         <value>0x8637</value>
         <object_component_ref idref="oc-30"/>
      </symbol>
      <symbol id="sm-219">
         <name>UARTClockSourceSet</name>
         <value>0xa0fd</value>
         <object_component_ref idref="oc-100"/>
      </symbol>
      <symbol id="sm-26b">
         <name>TimerLoadSet</name>
         <value>0xa049</value>
         <object_component_ref idref="oc-cb"/>
      </symbol>
      <symbol id="sm-26c">
         <name>TimerEnable</name>
         <value>0xa087</value>
         <object_component_ref idref="oc-d7"/>
      </symbol>
      <symbol id="sm-26d">
         <name>TimerValueGet</name>
         <value>0xa0d1</value>
         <object_component_ref idref="oc-fa"/>
      </symbol>
      <symbol id="sm-26e">
         <name>TimerControlTrigger</name>
         <value>0x9b39</value>
         <object_component_ref idref="oc-d1"/>
      </symbol>
      <symbol id="sm-26f">
         <name>TimerIntEnable</name>
         <value>0xa0e3</value>
         <object_component_ref idref="oc-11e"/>
      </symbol>
      <symbol id="sm-270">
         <name>TimerConfigure</name>
         <value>0x9add</value>
         <object_component_ref idref="oc-bf"/>
      </symbol>
      <symbol id="sm-271">
         <name>TimerControlEvent</name>
         <value>0xa037</value>
         <object_component_ref idref="oc-118"/>
      </symbol>
      <symbol id="sm-272">
         <name>TimerIntClear</name>
         <value>0xa109</value>
         <object_component_ref idref="oc-f4"/>
      </symbol>
      <symbol id="sm-2cd">
         <name>SysCtlClockSet</name>
         <value>0x94a9</value>
         <object_component_ref idref="oc-163"/>
      </symbol>
      <symbol id="sm-2ce">
         <name>SysCtlDelay</name>
         <value>0xa0f7</value>
         <object_component_ref idref="oc-133"/>
      </symbol>
      <symbol id="sm-2cf">
         <name>SysCtlPeripheralEnable</name>
         <value>0x9ecd</value>
         <object_component_ref idref="oc-89"/>
      </symbol>
      <symbol id="sm-2d0">
         <name>SysCtlClockGet</name>
         <value>0x9295</value>
         <object_component_ref idref="oc-c5"/>
      </symbol>
      <symbol id="sm-2fe">
         <name>IntEnable</name>
         <value>0x9a21</value>
         <object_component_ref idref="oc-ad"/>
      </symbol>
      <symbol id="sm-2ff">
         <name>IntMasterEnable</name>
         <value>0xa0c7</value>
         <object_component_ref idref="oc-112"/>
      </symbol>
      <symbol id="sm-347">
         <name>GPIOPinConfigure</name>
         <value>0x9cc1</value>
         <object_component_ref idref="oc-106"/>
      </symbol>
      <symbol id="sm-348">
         <name>GPIOPinTypeGPIOOutput</name>
         <value>0x9fbb</value>
         <object_component_ref idref="oc-b3"/>
      </symbol>
      <symbol id="sm-349">
         <name>GPIODirModeSet</name>
         <value>0x9f01</value>
         <object_component_ref idref="oc-1d7"/>
      </symbol>
      <symbol id="sm-34a">
         <name>GPIOPinWrite</name>
         <value>0xa0eb</value>
         <object_component_ref idref="oc-b9"/>
      </symbol>
      <symbol id="sm-34b">
         <name>GPIOPadConfigSet</name>
         <value>0x9165</value>
         <object_component_ref idref="oc-1d1"/>
      </symbol>
      <symbol id="sm-34c">
         <name>GPIOPinTypeTimer</name>
         <value>0xa013</value>
         <object_component_ref idref="oc-10c"/>
      </symbol>
      <symbol id="sm-356">
         <name>CPUcpsie</name>
         <value>0xa0a3</value>
         <object_component_ref idref="oc-1ff"/>
      </symbol>
      <symbol id="sm-38b">
         <name>ADCSequenceEnable</name>
         <value>0xa06b</value>
         <object_component_ref idref="oc-a1"/>
      </symbol>
      <symbol id="sm-38c">
         <name>ADCSequenceConfigure</name>
         <value>0x9e1b</value>
         <object_component_ref idref="oc-95"/>
      </symbol>
      <symbol id="sm-38d">
         <name>ADCIntEnable</name>
         <value>0xa05b</value>
         <object_component_ref idref="oc-a7"/>
      </symbol>
      <symbol id="sm-38e">
         <name>ADCSequenceStepConfigure</name>
         <value>0x9785</value>
         <object_component_ref idref="oc-9b"/>
      </symbol>
      <symbol id="sm-38f">
         <name>ADCHardwareOversampleConfigure</name>
         <value>0xa001</value>
         <object_component_ref idref="oc-8f"/>
      </symbol>
      <symbol id="sm-3b0">
         <name>g_sFontCmss30b</name>
         <value>0x6ca4</value>
         <object_component_ref idref="oc-172"/>
      </symbol>
      <symbol id="sm-4ba">
         <name>GrFontInfoGet</name>
         <value>0x9f55</value>
         <object_component_ref idref="oc-29e"/>
      </symbol>
      <symbol id="sm-4bb">
         <name>GrDefaultStringRenderer</name>
         <value>0x9599</value>
         <object_component_ref idref="oc-210"/>
      </symbol>
      <symbol id="sm-4bc">
         <name>GrFontGlyphRender</name>
         <value>0x8eff</value>
         <object_component_ref idref="oc-2b0"/>
      </symbol>
      <symbol id="sm-4bd">
         <name>GrContextFontSet</name>
         <value>0xa0f1</value>
         <object_component_ref idref="oc-149"/>
      </symbol>
      <symbol id="sm-4be">
         <name>GrFontGlyphDataGet</name>
         <value>0x9f7b</value>
         <object_component_ref idref="oc-2aa"/>
      </symbol>
      <symbol id="sm-4bf">
         <name>GrStringDraw</name>
         <value>0xa025</value>
         <object_component_ref idref="oc-14f"/>
      </symbol>
      <symbol id="sm-4c0">
         <name>GrFontCodepageGet</name>
         <value>0x9f9d</value>
         <object_component_ref idref="oc-2d4"/>
      </symbol>
      <symbol id="sm-4c1">
         <name>GrStringNextCharGet</name>
         <value>0x9f2b</value>
         <object_component_ref idref="oc-2a4"/>
      </symbol>
      <symbol id="sm-4dd">
         <name>GrRectFill</name>
         <value>0x96ff</value>
         <object_component_ref idref="oc-169"/>
      </symbol>
      <symbol id="sm-4de">
         <name>GrRectDraw</name>
         <value>0x9957</value>
         <object_component_ref idref="oc-155"/>
      </symbol>
      <symbol id="sm-4f7">
         <name>GrLineDrawH</name>
         <value>0x9d09</value>
         <object_component_ref idref="oc-236"/>
      </symbol>
      <symbol id="sm-4f8">
         <name>GrLineDrawV</name>
         <value>0x9d4f</value>
         <object_component_ref idref="oc-23c"/>
      </symbol>
      <symbol id="sm-5e6">
         <name>GrImageDraw</name>
         <value>0xa079</value>
         <object_component_ref idref="oc-140"/>
      </symbol>
      <symbol id="sm-605">
         <name>GrContextInit</name>
         <value>0x99bd</value>
         <object_component_ref idref="oc-13a"/>
      </symbol>
      <symbol id="sm-606">
         <name>g_psDefaultCodePointMapTable</name>
         <value>0x6f68</value>
         <object_component_ref idref="oc-216"/>
      </symbol>
      <symbol id="sm-613">
         <name>GrMapISO8859_1_Unicode</name>
         <value>0xa0db</value>
         <object_component_ref idref="oc-2bc"/>
      </symbol>
      <symbol id="sm-625">
         <name>_c_int00</name>
         <value>0x9b91</value>
         <object_component_ref idref="oc-24"/>
      </symbol>
      <symbol id="sm-626">
         <name>__stack</name>
         <value>0x20000000</value>
         <object_component_ref idref="oc-29"/>
      </symbol>
      <symbol id="sm-63d">
         <name>__TI_decompress_none</name>
         <value>0xa095</value>
         <object_component_ref idref="oc-12"/>
      </symbol>
      <symbol id="sm-665">
         <name>__TI_decompress_rle24</name>
         <value>0xa103</value>
         <object_component_ref idref="oc-18"/>
      </symbol>
      <symbol id="sm-677">
         <name>__TI_zero_init</name>
         <value>0xa0af</value>
         <object_component_ref idref="oc-1e"/>
      </symbol>
      <symbol id="sm-696">
         <name>C$$EXIT</name>
         <value>0x9d95</value>
         <object_component_ref idref="oc-76"/>
      </symbol>
      <symbol id="sm-697">
         <name>abort</name>
         <value>0x9d99</value>
         <object_component_ref idref="oc-76"/>
      </symbol>
      <symbol id="sm-698">
         <name>exit</name>
         <value>0x9da1</value>
         <object_component_ref idref="oc-76"/>
      </symbol>
      <symbol id="sm-699">
         <name>__TI_dtors_ptr</name>
         <value>0x2000049c</value>
         <object_component_ref idref="oc-1ae"/>
      </symbol>
      <symbol id="sm-69a">
         <name>__TI_cleanup_ptr</name>
         <value>0x20000498</value>
         <object_component_ref idref="oc-1ae"/>
      </symbol>
      <symbol id="sm-6b1">
         <name>__aeabi_dmul</name>
         <value>0x93ad</value>
         <object_component_ref idref="oc-129"/>
      </symbol>
      <symbol id="sm-6bd">
         <name>__aeabi_d2f</name>
         <value>0x9c77</value>
         <object_component_ref idref="oc-12e"/>
      </symbol>
      <symbol id="sm-6cb">
         <name>__aeabi_f2d</name>
         <value>0x9e93</value>
         <object_component_ref idref="oc-124"/>
      </symbol>
      <symbol id="sm-6e6">
         <name>memcpy</name>
         <value>0x9663</value>
         <object_component_ref idref="oc-3f"/>
      </symbol>
      <symbol id="sm-6e7">
         <name>__aeabi_memcpy</name>
         <value>0x9663</value>
         <object_component_ref idref="oc-3f"/>
      </symbol>
      <symbol id="sm-6e8">
         <name>__aeabi_memcpy8</name>
         <value>0x9663</value>
         <object_component_ref idref="oc-3f"/>
      </symbol>
      <symbol id="sm-6e9">
         <name>__aeabi_memcpy4</name>
         <value>0x9663</value>
         <object_component_ref idref="oc-3f"/>
      </symbol>
      <symbol id="sm-6f8">
         <name>__aeabi_memset</name>
         <value>0x9807</value>
         <object_component_ref idref="oc-58"/>
      </symbol>
      <symbol id="sm-6f9">
         <name>memset</name>
         <value>0x980d</value>
         <object_component_ref idref="oc-58"/>
      </symbol>
      <symbol id="sm-6fa">
         <name>__aeabi_memset8</name>
         <value>0x9807</value>
         <object_component_ref idref="oc-58"/>
      </symbol>
      <symbol id="sm-6fb">
         <name>__aeabi_memset4</name>
         <value>0x9807</value>
         <object_component_ref idref="oc-58"/>
      </symbol>
      <symbol id="sm-6fc">
         <name>__aeabi_memclr8</name>
         <value>0x9805</value>
         <object_component_ref idref="oc-58"/>
      </symbol>
      <symbol id="sm-6fd">
         <name>__aeabi_memclr4</name>
         <value>0x9805</value>
         <object_component_ref idref="oc-58"/>
      </symbol>
      <symbol id="sm-6fe">
         <name>__aeabi_memclr</name>
         <value>0x9805</value>
         <object_component_ref idref="oc-58"/>
      </symbol>
      <symbol id="sm-708">
         <name>_system_pre_init</name>
         <value>0xa10d</value>
         <object_component_ref idref="oc-64"/>
      </symbol>
      <symbol id="sm-710">
         <name>main_func_sp</name>
         <value>0x200004a8</value>
         <object_component_ref idref="oc-7c"/>
      </symbol>
      <symbol id="sm-723">
         <name>__aeabi_uidivmod</name>
         <value>0x9dd9</value>
         <object_component_ref idref="oc-ef"/>
      </symbol>
      <symbol id="sm-724">
         <name>__aeabi_uidiv</name>
         <value>0x9dd9</value>
         <object_component_ref idref="oc-ef"/>
      </symbol>
      <symbol id="sm-73d">
         <name>_nop</name>
         <value>0x9ffb</value>
         <object_component_ref idref="oc-26d"/>
      </symbol>
      <symbol id="sm-73e">
         <name>_lock</name>
         <value>0x20000490</value>
         <object_component_ref idref="oc-1ab"/>
      </symbol>
      <symbol id="sm-73f">
         <name>_unlock</name>
         <value>0x20000494</value>
         <object_component_ref idref="oc-1ab"/>
      </symbol>
      <symbol id="sm-740">
         <name>_register_lock</name>
         <value>0x9ff3</value>
         <object_component_ref idref="oc-26d"/>
      </symbol>
      <symbol id="sm-741">
         <name>_register_unlock</name>
         <value>0x9fed</value>
         <object_component_ref idref="oc-26d"/>
      </symbol>
      <symbol id="sm-756">
         <name>_args_main</name>
         <value>0x9fd5</value>
         <object_component_ref idref="oc-70"/>
      </symbol>
      <symbol id="sm-77c">
         <name>__TI_auto_init</name>
         <value>0x9881</value>
         <object_component_ref idref="oc-6a"/>
      </symbol>
      <symbol id="sm-796">
         <name>copy_in</name>
         <value>0x9be1</value>
         <object_component_ref idref="oc-1a1"/>
      </symbol>
      <symbol id="sm-797">
         <name>__TI_static_base__</name>
         <value>0x0</value>
      </symbol>
      <symbol id="sm-79a">
         <name>SHT$$INIT_ARRAY$$Limit</name>
         <value>0x0</value>
      </symbol>
      <symbol id="sm-79b">
         <name>SHT$$INIT_ARRAY$$Base</name>
         <value>0x0</value>
      </symbol>
   </symbol_table>
   <title>Link successful</title>
</link_info>
